Microchip MPLAB XC8 Compiler V2.05 ()

Linker command line:

-W-3 --edf=C:\Program Files (x86)\Microchip\xc8\v2.05\pic\dat\en_msgs.txt \
  -cs -h+dist/default/production\Practica_7_Interrupciones.X.production.sym \
  --cmf=dist/default/production\Practica_7_Interrupciones.X.production.cmf \
  -z -Q18F4550 -oC:\Users\Emmanuel\AppData\Local\Temp\s944.2 \
  --defsym=__MPLAB_BUILD=1 \
  -Mdist/default/production/Practica_7_Interrupciones.X.production.map -E1 \
  -ver=XC8 --acfsm=1493 -ASTACK=03BCh-07FFh -pstack=STACK -ACODE=00h-07FFFh \
  -ACONST=00h-07FFFh -ASMALLCONST=0800h-08FFhx120 \
  -AMEDIUMCONST=0800h-07FFFh -ACOMRAM=01h-05Fh -AABS1=00h-07FFh \
  -ABIGRAM=01h-07FFh -ARAM=060h-0FFh,0100h-01FFhx7 -ABANK0=060h-0FFh \
  -ABANK1=0100h-01FFh -ABANK2=0200h-02FFh -ABANK3=0300h-03FFh \
  -ABANK4=0400h-04FFh -ABANK5=0500h-05FFh -ABANK6=0600h-06FFh \
  -ABANK7=0700h-07FFh -ASFR=0F60h-0FFFh \
  -preset_vec=00h,intcode=08h,intcodelo=018h,powerup,init -pramtop=0800h \
  -psmallconst=SMALLCONST -pmediumconst=MEDIUMCONST -pconst=CONST \
  -AFARRAM=00h-00h -ACONFIG=0300000h-030000Dh -pconfig=CONFIG \
  -AIDLOC=0200000h-0200007h -pidloc=IDLOC -AEEDATA=0F00000h-0F000FFh \
  -peeprom_data=EEDATA \
  -prdata=COMRAM,nvrram=COMRAM,nvbit=COMRAM,rbss=COMRAM,rbit=COMRAM \
  -pfarbss=FARRAM,fardata=FARRAM,nvFARRAM=FARRAM \
  -pintsave_regs=BIGRAM,bigbss=BIGRAM,bigdata=BIGRAM -pbss=RAM \
  -pidata=CODE,irdata=CODE,ibigdata=CODE,ifardata=CODE -prparam=COMRAM \
  C:\Users\Emmanuel\AppData\Local\Temp\s944.o \
  dist/default/production\Practica_7_Interrupciones.X.production.o 

Object code version is 3.11

Machine type is 18F4550

Call graph: (short form)




                Name                               Link     Load   Length Selector   Space Scale
C:\Users\Emmanuel\AppData\Local\Temp\s944.o
                init                                 86       86        4        C       0
                reset_vec                             0        0        4        0       0
                idloc                            200000   200000        8   200000       0
                config                           300000   300000        E   300000       0
dist/default/production\Practica_7_Interrupciones.X.production.o
                intcodelo                            18       18       6E        C       0
                intcode                               8        8        6        4       0
                temp                                 5A       5A        1        1       1
                smallconst                          800      800       80      400       0
                text28                             7BE2     7BE2       BC      440       0
                text27                             6E84     6E84      288      440       0
                text26                             7DFE     7DFE       2E      440       0
                text25                             68EE     68EE      30C      440       0
                text24                             7CE6     7CE6       46      440       0
                text23                             7626     7626      140      440       0
                text22                             7D9A     7D9A       34      440       0
                text21                             628E     628E      352      440       0
                text20                             72FC     72FC      1E6      440       0
                text19                             7B12     7B12       D0      440       0
                text18                             7E50     7E50       22      440       0
                text17                             56DC     56DC      432      440       0
                text16                             3070     3070     266C      440       0
                intcode_body                       7766     7766      110      440       0
                text13                             7A40     7A40       D2      440       0
                text12                             6BFA     6BFA      28A      440       0
                text11                             7DCE     7DCE       30      440       0
                text10                             65E0     65E0      30E      440       0
                text9                              7C9E     7C9E       48      440       0
                text8                              74E2     74E2      144      440       0
                text7                              7D64     7D64       36      440       0
                text6                              5F3A     5F3A      354      440       0
                text5                              710C     710C      1F0      440       0
                text4                              796E     796E       D2      440       0
                text3                              7E2C     7E2C       24      440       0
                text2                              5B0E     5B0E      42C      440       0
                text1                               880      880     27F0      440       0
                text0                              7876     7876       F8      440       0
                cstackCOMRAM                          1        1       59        1       1
                cstackBANK0                          60       60       51       60       1
                cstackBANK1                         100      100       BC      100       1
                cstackBANK2                         200      200       95      200       1
                cstackBANK3                         300      300       BC      300       1
                dataBANK2                           29B      29B        2      200       1
                bssBANK2                            295      295        6      200       1
                cinit                              7D2C     7D2C       38      440       0
                idataBANK2                         7E72     7E72        2      440       0

TOTAL           Name                               Link     Load   Length     Space
        CLASS   STACK          

        CLASS   CODE           
                intcodelo                            18       18       6E         0
                intcode                               8        8        6         0
                init                                 86       86        4         0
                reset_vec                             0        0        4         0
                text28                             7BE2     7BE2       BC         0
                text27                             6E84     6E84      288         0
                text26                             7DFE     7DFE       2E         0
                text25                             68EE     68EE      30C         0
                text24                             7CE6     7CE6       46         0
                text23                             7626     7626      140         0
                text22                             7D9A     7D9A       34         0
                text21                             628E     628E      352         0
                text20                             72FC     72FC      1E6         0
                text19                             7B12     7B12       D0         0
                text18                             7E50     7E50       22         0
                text17                             56DC     56DC      432         0
                text16                             3070     3070     266C         0
                intcode_body                       7766     7766      110         0
                text13                             7A40     7A40       D2         0
                text12                             6BFA     6BFA      28A         0
                text11                             7DCE     7DCE       30         0
                text10                             65E0     65E0      30E         0
                text9                              7C9E     7C9E       48         0
                text8                              74E2     74E2      144         0
                text7                              7D64     7D64       36         0
                text6                              5F3A     5F3A      354         0
                text5                              710C     710C      1F0         0
                text4                              796E     796E       D2         0
                text3                              7E2C     7E2C       24         0
                text2                              5B0E     5B0E      42C         0
                text1                               880      880     27F0         0
                text0                              7876     7876       F8         0
                cinit                              7D2C     7D2C       38         0
                idataBANK2                         7E72     7E72        2         0

        CLASS   CONST          

        CLASS   SMALLCONST     
                smallconst                          800      800       80         0

        CLASS   MEDIUMCONST    

        CLASS   COMRAM         
                temp                                 5A       5A        1         1
                cstackCOMRAM                          1        1       59         1

        CLASS   ABS1           

        CLASS   BIGRAM         

        CLASS   RAM            

        CLASS   BANK0          
                cstackBANK0                          60       60       51         1

        CLASS   BANK1          
                cstackBANK1                         100      100       BC         1

        CLASS   BANK2          
                cstackBANK2                         200      200       95         1
                dataBANK2                           29B      29B        2         1
                bssBANK2                            295      295        6         1

        CLASS   BANK3          
                cstackBANK3                         300      300       BC         1

        CLASS   BANK4          

        CLASS   BANK5          

        CLASS   BANK6          

        CLASS   BANK7          

        CLASS   SFR            

        CLASS   FARRAM         

        CLASS   CONFIG         
                config                           300000   300000        E         0

        CLASS   IDLOC          
                idloc                            200000   200000        8         0

        CLASS   EEDATA         



SEGMENTS        Name                           Load    Length   Top    Selector   Space  Class

                reset_vec                      000000  000004  000004         0       0  CODE    
                cstackCOMRAM                   000001  00005A  00005B         1       1  COMRAM  
                intcode                        000008  000006  00000E         4       0  CODE    
                intcodelo                      000018  000072  00008A         C       0  CODE    
                cstackBANK0                    000060  000051  0000B1        60       1  BANK0   
                cstackBANK1                    000100  0000BC  0001BC       100       1  BANK1   
                cstackBANK2                    000200  00009D  00029D       200       1  BANK2   
                cstackBANK3                    000300  0000BC  0003BC       300       1  BANK3   
                smallconst                     000800  000080  000880       400       0  SMALLCON
                text1                          000880  0075F4  007E74       440       0  CODE    
                idloc                          200000  000008  200008    200000       0  IDLOC   
                config                         300000  00000E  30000E    300000       0  CONFIG  


UNUSED ADDRESS RANGES

        Name                Unused          Largest block    Delta
        BANK0            0000B1-0000FF               4F
        BANK1            0001BC-0001FF               44
        BANK2            00029D-0002FF               63
        BANK3            0003BC-0003FF               44
        BANK4            000400-0004FF              100
        BANK5            000500-0005FF              100
        BANK6            000600-0006FF              100
        BANK7            000700-0007FF              100
        BIGRAM           00005B-00005F                5
                         0000B1-0000FF               4F
                         0001BC-0001FF               44
                         00029D-0002FF               63
                         0003BC-0007FF              444
        CODE             000004-000007                4
                         00000E-000017                A
                         00008A-0007FF              776
                         007E74-007FFF              18C
        COMRAM           00005B-00005F                5
        CONST            000004-000007                4
                         00000E-000017                A
                         00008A-0007FF              776
                         007E74-007FFF              18C
        EEDATA           F00000-F000FF              100
        MEDIUMCONST      007E74-007FFF              18C
        RAM              0000B1-0000FF               4F
                         0001BC-0001FF               44
                         00029D-0002FF               63
                         0003BC-0007FF              100
        SFR              000F60-000FFF               A0
        SMALLCONST       007E74-007FFF               8C
        STACK            0003BC-0007FF              444

                                  Symbol Table

?___fladd                cstackBANK2  000200
?___fldiv                cstackBANK2  000231
?___flmul                cstackBANK2  000210
?___flneg                cstackBANK2  000200
?___flsub                cstackBANK2  000229
?___fltol                cstackBANK2  00027F
?___xxtofl               cstackBANK2  000200
?_fabsf                  cstackBANK2  000200
?_nanf                   cstackBANK2  000200
?_powf                   cstackBANK2  00026E
?_scalbnf                cstackBANK2  000229
?_sqrtf                  cstackBANK2  00023D
?i2___fladd              cstackCOMRAM 000001
?i2___fldiv              cstackCOMRAM 000032
?i2___flmul              cstackCOMRAM 000011
?i2___flneg              cstackCOMRAM 000001
?i2___flsub              cstackCOMRAM 00002A
?i2___fltol              cstackBANK0  000090
?i2___xxtofl             cstackCOMRAM 000001
?i2_fabsf                cstackCOMRAM 000001
?i2_nanf                 cstackCOMRAM 000001
?i2_powf                 cstackBANK0  000088
?i2_scalbnf              cstackCOMRAM 00002A
?i2_sqrtf                cstackCOMRAM 00003E
_ADCON1                  (abs)        000FC1
_INTCON2bits             (abs)        000FF1
_INTCON3bits             (abs)        000FF0
_INTCONbits              (abs)        000FF2
_LATD                    (abs)        000F8C
_PORTBbits               (abs)        000F81
_RCONbits                (abs)        000FD0
_TRISBbits               (abs)        000F93
_TRISD                   (abs)        000F95
__CFG_BOR$OFF            (abs)        000000
__CFG_BORV$3             (abs)        000000
__CFG_CCP2MX$OFF         (abs)        000000
__CFG_CP0$OFF            (abs)        000000
__CFG_CP1$OFF            (abs)        000000
__CFG_CP2$OFF            (abs)        000000
__CFG_CP3$OFF            (abs)        000000
__CFG_CPB$OFF            (abs)        000000
__CFG_CPD$OFF            (abs)        000000
__CFG_CPUDIV$OSC1_PLL2   (abs)        000000
__CFG_EBTR0$OFF          (abs)        000000
__CFG_EBTR1$OFF          (abs)        000000
__CFG_EBTR2$OFF          (abs)        000000
__CFG_EBTR3$OFF          (abs)        000000
__CFG_EBTRB$OFF          (abs)        000000
__CFG_FCMEN$OFF          (abs)        000000
__CFG_FOSC$HS            (abs)        000000
__CFG_ICPRT$OFF          (abs)        000000
__CFG_IESO$OFF           (abs)        000000
__CFG_LPT1OSC$ON         (abs)        000000
__CFG_LVP$OFF            (abs)        000000
__CFG_MCLRE$ON           (abs)        000000
__CFG_PBADEN$OFF         (abs)        000000
__CFG_PLLDIV$1           (abs)        000000
__CFG_PWRT$ON            (abs)        000000
__CFG_STVREN$ON          (abs)        000000
__CFG_USBDIV$1           (abs)        000000
__CFG_VREGEN$OFF         (abs)        000000
__CFG_WDT$OFF            (abs)        000000
__CFG_WDTPS$32768        (abs)        000000
__CFG_WRT0$OFF           (abs)        000000
__CFG_WRT1$OFF           (abs)        000000
__CFG_WRT2$OFF           (abs)        000000
__CFG_WRT3$OFF           (abs)        000000
__CFG_WRTB$OFF           (abs)        000000
__CFG_WRTC$OFF           (abs)        000000
__CFG_WRTD$OFF           (abs)        000000
__CFG_XINST$OFF          (abs)        000000
__HRAM                   (abs)        000000
__Habs1                  abs1         000000
__Hbank0                 bank0        000000
__Hbank1                 bank1        000000
__Hbank2                 bank2        000000
__Hbank3                 bank3        000000
__Hbank4                 bank4        000000
__Hbank5                 bank5        000000
__Hbank6                 bank6        000000
__Hbank7                 bank7        000000
__Hbigbss                bigbss       000000
__Hbigdata               bigdata      000000
__Hbigram                bigram       000000
__Hbss                   bss          000000
__HbssBANK2              bssBANK2     000000
__Hcinit                 cinit        000000
__Hclrtext               clrtext      000000
__Hcomram                comram       000000
__Hconfig                config       30000E
__Hconst                 const        000000
__HcstackBANK0           cstackBANK0  000000
__HcstackBANK1           cstackBANK1  000000
__HcstackBANK2           cstackBANK2  000000
__HcstackBANK3           cstackBANK3  000000
__HcstackCOMRAM          cstackCOMRAM 000000
__Hdata                  data         000000
__HdataBANK2             dataBANK2    000000
__Heeprom_data           eeprom_data  000000
__Hfarbss                farbss       000000
__Hfardata               fardata      000000
__Hibigdata              ibigdata     000000
__Hidata                 idata        000000
__HidataBANK2            idataBANK2   000000
__Hidloc                 idloc        200008
__Hifardata              ifardata     000000
__Hinit                  init         00008A
__Hintcode               intcode      00000E
__Hintcode_body          intcode_body 000000
__Hintcodelo             intcodelo    000086
__Hintentry              intentry     000000
__Hintret                intret       000000
__Hintsave_regs          intsave_regs 000000
__Hirdata                irdata       000000
__Hmediumconst           mediumconst  000000
__HnvFARRAM              nvFARRAM     000000
__Hnvbit                 nvbit        000000
__Hnvrram                nvrram       000000
__Hparam                 rparam       000000
__Hpowerup               powerup      000086
__Hram                   ram          000000
__Hramtop                ramtop       000800
__Hrbit                  rbit         000000
__Hrbss                  rbss         000000
__Hrdata                 rdata        000000
__Hreset_vec             reset_vec    000004
__Hrparam                rparam       000000
__Hsfr                   sfr          000000
__Hsmallconst            smallconst   000880
__Hspace_0               (abs)        30000E
__Hspace_1               (abs)        0003BC
__Hspace_2               (abs)        000000
__Hstack                 stack        000000
__Hstruct                struct       000000
__Htemp                  temp         00005B
__Htext                  text         000000
__Htext0                 text0        000000
__Htext1                 text1        000000
__Htext10                text10       000000
__Htext11                text11       000000
__Htext12                text12       000000
__Htext13                text13       000000
__Htext16                text16       000000
__Htext17                text17       000000
__Htext18                text18       000000
__Htext19                text19       000000
__Htext2                 text2        000000
__Htext20                text20       000000
__Htext21                text21       000000
__Htext22                text22       000000
__Htext23                text23       000000
__Htext24                text24       000000
__Htext25                text25       000000
__Htext26                text26       000000
__Htext27                text27       000000
__Htext28                text28       000000
__Htext3                 text3        000000
__Htext4                 text4        000000
__Htext5                 text5        000000
__Htext6                 text6        000000
__Htext7                 text7        000000
__Htext8                 text8        000000
__Htext9                 text9        000000
__LRAM                   (abs)        000001
__Labs1                  abs1         000000
__Lbank0                 bank0        000000
__Lbank1                 bank1        000000
__Lbank2                 bank2        000000
__Lbank3                 bank3        000000
__Lbank4                 bank4        000000
__Lbank5                 bank5        000000
__Lbank6                 bank6        000000
__Lbank7                 bank7        000000
__Lbigbss                bigbss       000000
__Lbigdata               bigdata      000000
__Lbigram                bigram       000000
__Lbss                   bss          000000
__LbssBANK2              bssBANK2     000000
__Lcinit                 cinit        000000
__Lclrtext               clrtext      000000
__Lcomram                comram       000000
__Lconfig                config       300000
__Lconst                 const        000000
__LcstackBANK0           cstackBANK0  000000
__LcstackBANK1           cstackBANK1  000000
__LcstackBANK2           cstackBANK2  000000
__LcstackBANK3           cstackBANK3  000000
__LcstackCOMRAM          cstackCOMRAM 000000
__Ldata                  data         000000
__LdataBANK2             dataBANK2    000000
__Leeprom_data           eeprom_data  000000
__Lfarbss                farbss       000000
__Lfardata               fardata      000000
__Libigdata              ibigdata     000000
__Lidata                 idata        000000
__LidataBANK2            idataBANK2   000000
__Lidloc                 idloc        200000
__Lifardata              ifardata     000000
__Linit                  init         000086
__Lintcode               intcode      000008
__Lintcode_body          intcode_body 000000
__Lintcodelo             intcodelo    000018
__Lintentry              intentry     000000
__Lintret                intret       000000
__Lintsave_regs          intsave_regs 000000
__Lirdata                irdata       000000
__Lmediumconst           mediumconst  000000
__LnvFARRAM              nvFARRAM     000000
__Lnvbit                 nvbit        000000
__Lnvrram                nvrram       000000
__Lparam                 rparam       000000
__Lpowerup               powerup      000086
__Lram                   ram          000000
__Lramtop                ramtop       000800
__Lrbit                  rbit         000000
__Lrbss                  rbss         000000
__Lrdata                 rdata        000000
__Lreset_vec             reset_vec    000000
__Lrparam                rparam       000000
__Lsfr                   sfr          000000
__Lsmallconst            smallconst   000800
__Lspace_0               (abs)        000000
__Lspace_1               (abs)        000000
__Lspace_2               (abs)        000000
__Lstack                 stack        000000
__Lstruct                struct       000000
__Ltemp                  temp         00005A
__Ltext                  text         000000
__Ltext0                 text0        000000
__Ltext1                 text1        000000
__Ltext10                text10       000000
__Ltext11                text11       000000
__Ltext12                text12       000000
__Ltext13                text13       000000
__Ltext16                text16       000000
__Ltext17                text17       000000
__Ltext18                text18       000000
__Ltext19                text19       000000
__Ltext2                 text2        000000
__Ltext20                text20       000000
__Ltext21                text21       000000
__Ltext22                text22       000000
__Ltext23                text23       000000
__Ltext24                text24       000000
__Ltext25                text25       000000
__Ltext26                text26       000000
__Ltext27                text27       000000
__Ltext28                text28       000000
__Ltext3                 text3        000000
__Ltext4                 text4        000000
__Ltext5                 text5        000000
__Ltext6                 text6        000000
__Ltext7                 text7        000000
__Ltext8                 text8        000000
__Ltext9                 text9        000000
__S0                     (abs)        30000E
__S1                     (abs)        0003BC
__S2                     (abs)        000000
___fladd                 text10       0065E0
___fladd@a               cstackBANK2  000204
___fladd@aexp            cstackBANK2  00020D
___fladd@b               cstackBANK2  000200
___fladd@bexp            cstackBANK2  00020E
___fladd@grs             cstackBANK2  00020F
___fladd@signs           cstackBANK2  00020C
___fldiv                 text12       006BFA
___fldiv@a               cstackBANK2  000235
___fldiv@aexp            cstackBANK2  000249
___fldiv@b               cstackBANK2  000231
___fldiv@bexp            cstackBANK2  000248
___fldiv@grs             cstackBANK2  000244
___fldiv@new_exp         cstackBANK2  000242
___fldiv@rem             cstackBANK2  00023D
___fldiv@sign            cstackBANK2  000241
___flge                  text4        00796E
___flge@ff1              cstackBANK2  000231
___flge@ff2              cstackBANK2  000235
___flmul                 text6        005F3A
___flmul@a               cstackBANK2  000214
___flmul@aexp            cstackBANK2  000221
___flmul@b               cstackBANK2  000210
___flmul@bexp            cstackBANK2  000222
___flmul@grs             cstackBANK2  00021D
___flmul@prod            cstackBANK2  000223
___flmul@sign            cstackBANK2  00021C
___flmul@temp            cstackBANK2  000227
___flneg                 text11       007DCE
___flneg@f1              cstackBANK2  000200
___flsub                 text9        007C9E
___flsub@a               cstackBANK2  00022D
___flsub@b               cstackBANK2  000229
___fltol                 text13       007A40
___fltol@exp1            cstackBANK0  0000B0
___fltol@f1              cstackBANK2  00027F
___fltol@sign1           cstackBANK0  0000AF
___inthi_sp              stack        000000
___intlo_sp              stack        000000
___param_bank            (abs)        000000
___rparam_used           (abs)        000001
___sp                    stack        000000
___xxtofl                text8        0074E2
___xxtofl@arg            cstackBANK2  00020A
___xxtofl@exp            cstackBANK2  000209
___xxtofl@sign           cstackBANK2  000208
___xxtofl@val            cstackBANK2  000200
__accesstop              (abs)        000060
__activetblptr           (abs)        000001
__end_of_L1              smallconst   00085D
__end_of_L2              smallconst   000859
__end_of_L3              smallconst   000855
__end_of_L4              smallconst   000851
__end_of_L5              smallconst   00084D
__end_of_L6              smallconst   000849
__end_of_P1              smallconst   000845
__end_of_P2              smallconst   000841
__end_of_P3              smallconst   00083D
__end_of_P4              smallconst   000839
__end_of_P5              smallconst   000835
__end_of___fladd         text10       0068EE
__end_of___fldiv         text12       006E84
__end_of___flge          text4        007A40
__end_of___flmul         text6        00628E
__end_of___flneg         text11       007DFE
__end_of___flsub         text9        007CE6
__end_of___fltol         text13       007B12
__end_of___xxtofl        text8        007626
__end_of__initialization cinit        007D52
__end_of_bp              smallconst   000871
__end_of_cp              smallconst   000821
__end_of_cp_h            smallconst   00087D
__end_of_cp_l            smallconst   000879
__end_of_dp_h            smallconst   000811
__end_of_dp_l            smallconst   000809
__end_of_fabsf           text7        007D9A
__end_of_huge            smallconst   000865
__end_of_isr             intcode_body 007876
__end_of_ivln2           smallconst   00081D
__end_of_ivln2_h         smallconst   000875
__end_of_ivln2_l         smallconst   000819
__end_of_lg2             smallconst   000831
__end_of_lg2_h           smallconst   00082D
__end_of_lg2_l           smallconst   000829
__end_of_lwp             intcodelo    000086
__end_of_main            text0        00796E
__end_of_nanf            text3        007E50
__end_of_ovt             smallconst   000825
__end_of_powf            text1        003070
__end_of_scalbnf         text5        0072FC
__end_of_sqrtf           text2        005F3A
__end_of_tiny            smallconst   000861
__end_of_two24           smallconst   000869
__end_ofi2___fladd       text25       006BFA
__end_ofi2___fldiv       text27       00710C
__end_ofi2___flge        text19       007BE2
__end_ofi2___flmul       text21       0065E0
__end_ofi2___flneg       text26       007E2C
__end_ofi2___flsub       text24       007D2C
__end_ofi2___fltol       text28       007C9E
__end_ofi2___xxtofl      text23       007766
__end_ofi2_fabsf         text22       007DCE
__end_ofi2_nanf          text18       007E72
__end_ofi2_powf          text16       0056DC
__end_ofi2_scalbnf       text20       0074E2
__end_ofi2_sqrtf         text17       005B0E
__end_ofsqrtf@tiny       smallconst   000815
__initialization         cinit        007D2C
__mediumconst            mediumconst  000000
__pbssBANK2              bssBANK2     000295
__pcinit                 cinit        007D2C
__pcstackBANK0           cstackBANK0  000060
__pcstackBANK1           cstackBANK1  000100
__pcstackBANK2           cstackBANK2  000200
__pcstackBANK3           cstackBANK3  000300
__pcstackCOMRAM          cstackCOMRAM 000001
__pdataBANK2             dataBANK2    00029B
__pidataBANK2            idataBANK2   007E72
__pintcode               intcode      000008
__pintcode_body          intcode_body 007766
__pintcodelo             intcodelo    000018
__psmallconst            smallconst   000800
__ptext0                 text0        007876
__ptext1                 text1        000880
__ptext10                text10       0065E0
__ptext11                text11       007DCE
__ptext12                text12       006BFA
__ptext13                text13       007A40
__ptext16                text16       003070
__ptext17                text17       0056DC
__ptext18                text18       007E50
__ptext19                text19       007B12
__ptext2                 text2        005B0E
__ptext20                text20       0072FC
__ptext21                text21       00628E
__ptext22                text22       007D9A
__ptext23                text23       007626
__ptext24                text24       007CE6
__ptext25                text25       0068EE
__ptext26                text26       007DFE
__ptext27                text27       006E84
__ptext28                text28       007BE2
__ptext3                 text3        007E2C
__ptext4                 text4        00796E
__ptext5                 text5        00710C
__ptext6                 text6        005F3A
__ptext7                 text7        007D64
__ptext8                 text8        0074E2
__ptext9                 text9        007C9E
__ramtop                 ramtop       000800
__size_of___fladd        (abs)        000000
__size_of___fldiv        (abs)        000000
__size_of___flge         (abs)        000000
__size_of___flmul        (abs)        000000
__size_of___flneg        (abs)        000000
__size_of___flsub        (abs)        000000
__size_of___fltol        (abs)        000000
__size_of___xxtofl       (abs)        000000
__size_of_fabsf          (abs)        000000
__size_of_isr            (abs)        000000
__size_of_lwp            (abs)        000000
__size_of_main           (abs)        000000
__size_of_nanf           (abs)        000000
__size_of_powf           (abs)        000000
__size_of_scalbnf        (abs)        000000
__size_of_sqrtf          (abs)        000000
__size_ofi2___fladd      (abs)        000000
__size_ofi2___fldiv      (abs)        000000
__size_ofi2___flge       (abs)        000000
__size_ofi2___flmul      (abs)        000000
__size_ofi2___flneg      (abs)        000000
__size_ofi2___flsub      (abs)        000000
__size_ofi2___fltol      (abs)        000000
__size_ofi2___xxtofl     (abs)        000000
__size_ofi2_fabsf        (abs)        000000
__size_ofi2_nanf         (abs)        000000
__size_ofi2_powf         (abs)        000000
__size_ofi2_scalbnf      (abs)        000000
__size_ofi2_sqrtf        (abs)        000000
__smallconst             smallconst   000800
_bp                      smallconst   000869
_dp_h                    smallconst   000809
_dp_l                    smallconst   000801
_errno                   bssBANK2     000299
_fabsf                   text7        007D64
_isr                     intcode      000008
_isr$1386                cstackBANK0  00009C
_isr$1387                cstackBANK0  0000A0
_lwp                     intcodelo    000018
_main                    text0        007876
_main$1170               cstackBANK2  000289
_main$1171               cstackBANK2  00028D
_nanf                    text3        007E2C
_num                     dataBANK2    00029B
_powf                    text1        000880
_powf$1174               cstackBANK3  0003A4
_powf$1175               cstackBANK3  000354
_powf$1176               cstackBANK3  000348
_powf$1177               cstackBANK3  000394
_powf$1178               cstackBANK3  000338
_powf$1179               cstackBANK3  000300
_powf$1180               cstackBANK3  000304
_powf$1181               cstackBANK3  000358
_powf$1182               cstackBANK3  00033C
_powf$1183               cstackBANK3  000340
_powf$1184               cstackBANK3  000308
_powf$1185               cstackBANK3  00030C
_powf$1186               cstackBANK3  000310
_powf$1187               cstackBANK3  000314
_powf$1188               cstackBANK3  000318
_scalbnf                 text5        00710C
_sqrtf                   text2        005B0E
btemp                    temp         00005A
end_of_initialization    cinit        007D52
fabsf@F463               bssBANK2     000295
fabsf@u                  cstackBANK2  000204
fabsf@x                  cstackBANK2  000200
i2___fladd               text25       0068EE
i2___fladd@a             cstackCOMRAM 000005
i2___fladd@aexp          cstackCOMRAM 00000E
i2___fladd@b             cstackCOMRAM 000001
i2___fladd@bexp          cstackCOMRAM 00000F
i2___fladd@grs           cstackCOMRAM 000010
i2___fladd@signs         cstackCOMRAM 00000D
i2___fldiv               text27       006E84
i2___fldiv@a             cstackCOMRAM 000036
i2___fldiv@aexp          cstackCOMRAM 00004A
i2___fldiv@b             cstackCOMRAM 000032
i2___fldiv@bexp          cstackCOMRAM 000049
i2___fldiv@grs           cstackCOMRAM 000045
i2___fldiv@new_exp       cstackCOMRAM 000043
i2___fldiv@rem           cstackCOMRAM 00003E
i2___fldiv@sign          cstackCOMRAM 000042
i2___flge                text19       007B12
i2___flge@ff1            cstackCOMRAM 000032
i2___flge@ff2            cstackCOMRAM 000036
i2___flmul               text21       00628E
i2___flmul@a             cstackCOMRAM 000015
i2___flmul@aexp          cstackCOMRAM 000022
i2___flmul@b             cstackCOMRAM 000011
i2___flmul@bexp          cstackCOMRAM 000023
i2___flmul@grs           cstackCOMRAM 00001E
i2___flmul@prod          cstackCOMRAM 000024
i2___flmul@sign          cstackCOMRAM 00001D
i2___flmul@temp          cstackCOMRAM 000028
i2___flneg               text26       007DFE
i2___flneg@f1            cstackCOMRAM 000001
i2___flsub               text24       007CE6
i2___flsub@a             cstackCOMRAM 00002E
i2___flsub@b             cstackCOMRAM 00002A
i2___fltol               text28       007BE2
i2___fltol@exp1          cstackCOMRAM 000059
i2___fltol@f1            cstackBANK0  000090
i2___fltol@sign1         cstackCOMRAM 000058
i2___xxtofl              text23       007626
i2___xxtofl@arg          cstackCOMRAM 00000B
i2___xxtofl@exp          cstackCOMRAM 00000A
i2___xxtofl@sign         cstackCOMRAM 000009
i2___xxtofl@val          cstackCOMRAM 000001
i2_fabsf                 text22       007D9A
i2_nanf                  text18       007E50
i2_powf                  text16       003070
i2_powf$1388             cstackBANK1  000154
i2_powf$1389             cstackBANK1  00012C
i2_powf$1390             cstackBANK1  000128
i2_powf$1391             cstackBANK1  000138
i2_powf$1392             cstackBANK1  00011C
i2_powf$1393             cstackBANK1  000100
i2_powf$1394             cstackBANK1  000104
i2_powf$1395             cstackBANK1  000130
i2_powf$1396             cstackBANK1  000120
i2_powf$1397             cstackBANK1  000124
i2_powf$1398             cstackBANK1  000108
i2_powf$1399             cstackBANK1  00010C
i2_powf$1400             cstackBANK1  000110
i2_powf$1401             cstackBANK1  000114
i2_powf$1402             cstackBANK1  000118
i2_scalbnf               text20       0072FC
i2_sqrtf                 text17       0056DC
i2fabsf@u                cstackCOMRAM 000005
i2fabsf@x                cstackCOMRAM 000001
i2nanf@s                 cstackCOMRAM 000001
i2nanf@u                 cstackCOMRAM 000005
i2powf@__xc8_float_word  cstackBANK1  0001B8
i2powf@ax                cstackBANK1  000178
i2powf@hx                cstackBANK1  000168
i2powf@hy                cstackBANK1  00018C
i2powf@i                 cstackBANK1  000148
i2powf@is                cstackBANK1  000198
i2powf@ix                cstackBANK1  0001A8
i2powf@iy                cstackBANK1  00019C
i2powf@j                 cstackBANK1  0001AC
i2powf@k                 cstackBANK1  0001A4
i2powf@n                 cstackBANK1  000184
i2powf@p_h               cstackBANK1  0001A0
i2powf@p_l               cstackBANK1  00016C
i2powf@r                 cstackBANK1  00015C
i2powf@s                 cstackBANK1  000164
i2powf@s2                cstackBANK1  000194
i2powf@s_h               cstackBANK1  000174
i2powf@s_l               cstackBANK1  00014C
i2powf@sn                cstackBANK1  000190
i2powf@t                 cstackBANK1  0001B0
i2powf@t1                cstackBANK1  000188
i2powf@t2                cstackBANK1  000134
i2powf@t_h               cstackBANK1  000170
i2powf@t_l               cstackBANK1  000150
i2powf@u                 cstackBANK1  00017C
i2powf@v                 cstackBANK1  000180
i2powf@w                 cstackBANK1  000158
i2powf@x                 cstackBANK0  000088
i2powf@y                 cstackBANK0  00008C
i2powf@y1                cstackBANK1  000144
i2powf@yisint            cstackBANK1  000160
i2powf@z                 cstackBANK1  0001B4
i2powf@z_h               cstackBANK1  00013C
i2powf@z_l               cstackBANK1  000140
i2scalbnf@n              cstackCOMRAM 00002E
i2scalbnf@u              cstackCOMRAM 000034
i2scalbnf@x              cstackCOMRAM 00002A
i2scalbnf@y              cstackCOMRAM 000038
i2sqrtf@__xc8_float_word cstackBANK0  00006C
i2sqrtf@i                cstackBANK0  000068
i2sqrtf@ix               cstackBANK0  000084
i2sqrtf@m                cstackBANK0  00007C
i2sqrtf@q                cstackBANK0  000070
i2sqrtf@r                cstackBANK0  000080
i2sqrtf@s                cstackBANK0  000064
i2sqrtf@t                cstackBANK0  000074
i2sqrtf@x                cstackCOMRAM 00003E
i2sqrtf@z                cstackBANK0  000078
int$flags                temp         00005A
int_func                 intcode_body 007766
intlevel0                text         000000
intlevel1                text         000000
intlevel2                text         000000
intlevel3                text         000000
isr@i                    cstackBANK0  0000A6
isr@sal                  cstackBANK0  0000A4
main@i                   cstackBANK2  000293
main@sal                 cstackBANK2  000291
nanf@s                   cstackBANK2  000200
nanf@u                   cstackBANK2  000204
powf@__xc8_float_word    cstackBANK3  0003B8
powf@ax                  cstackBANK3  000370
powf@hx                  cstackBANK3  000360
powf@hy                  cstackBANK3  000384
powf@i                   cstackBANK3  00032C
powf@is                  cstackBANK3  000390
powf@ix                  cstackBANK3  0003A8
powf@iy                  cstackBANK3  000398
powf@j                   cstackBANK3  0003AC
powf@k                   cstackBANK3  0003A0
powf@n                   cstackBANK3  00037C
powf@p_h                 cstackBANK3  00039C
powf@p_l                 cstackBANK3  000364
powf@r                   cstackBANK3  00034C
powf@s                   cstackBANK3  00035C
powf@s2                  cstackBANK3  00038C
powf@s_h                 cstackBANK3  00036C
powf@s_l                 cstackBANK3  000330
powf@sn                  cstackBANK3  000388
powf@t                   cstackBANK3  0003B0
powf@t1                  cstackBANK3  000380
powf@t2                  cstackBANK3  00031C
powf@t_h                 cstackBANK3  000368
powf@t_l                 cstackBANK3  000334
powf@u                   cstackBANK3  000374
powf@v                   cstackBANK3  000378
powf@w                   cstackBANK3  000344
powf@x                   cstackBANK2  00026E
powf@y                   cstackBANK2  000272
powf@y1                  cstackBANK3  000328
powf@yisint              cstackBANK3  000350
powf@z                   cstackBANK3  0003B4
powf@z_h                 cstackBANK3  000320
powf@z_l                 cstackBANK3  000324
scalbnf@n                cstackBANK2  00022D
scalbnf@u                cstackBANK2  000233
scalbnf@x                cstackBANK2  000229
scalbnf@y                cstackBANK2  000237
sqrtf@__xc8_float_word   cstackBANK2  000252
sqrtf@i                  cstackBANK2  00024E
sqrtf@ix                 cstackBANK2  00026A
sqrtf@m                  cstackBANK2  000262
sqrtf@q                  cstackBANK2  000256
sqrtf@r                  cstackBANK2  000266
sqrtf@s                  cstackBANK2  00024A
sqrtf@t                  cstackBANK2  00025A
sqrtf@x                  cstackBANK2  00023D
sqrtf@z                  cstackBANK2  00025E
stackhi                  (abs)        0007FF
stacklo                  (abs)        0003BC
start                    init         000086
start_initialization     cinit        007D2C
ttemp5                   temp         00005B
ttemp6                   temp         00005E
ttemp7                   temp         000062
wtemp8                   temp         00005B


FUNCTION INFORMATION:

 *************** function _main *****************
 Defined at:
		line 13 in file "Practica7_Interrupciones.c"
 Parameters:    Size  Location     Type
		None
 Auto vars:     Size  Location     Type
  i               2  147[BANK2 ] int 
  sal             2  145[BANK2 ] int 
 Return value:  Size  Location     Type
                  1    wreg      void 
 Registers used:
		wreg, status,2, status,0, tblptrl, tblptrh, tblptru, prodl, prodh, cstack
 Tracked objects:
		On entry : 
		On exit  : 
		Unchanged: 
 Data sizes:     COMRAM   BANK0   BANK1   BANK2   BANK3   BANK4   BANK5   BANK6   BANK7
      Params:         0       0       0       0       0       0       0       0       0
      Locals:         0       0       0      12       0       0       0       0       0
      Temps:          0       0       0       2       0       0       0       0       0
      Totals:         0       0       0      14       0       0       0       0       0
Total ram usage:       14 bytes
 Hardware stack levels required when called:    8
 This function calls:
		___fltol
		___xxtofl
		_powf
 This function is called by:
		Startup code after reset
 This function uses a non-reentrant model


 *************** function _powf *****************
 Defined at:
		line 52 in file "C:\Program Files (x86)\Microchip\xc8\v2.05\pic\sources\c99\common\powf.c"
 Parameters:    Size  Location     Type
  x               4  110[BANK2 ] float 
  y               4  114[BANK2 ] float 
 Auto vars:     Size  Location     Type
  s2              4  140[BANK3 ] float 
  s_h             4  108[BANK3 ] float 
  t_h             4  104[BANK3 ] float 
  t_l             4   52[BANK3 ] float 
  s_l             4   48[BANK3 ] float 
  __xc8_float_    4  184[BANK3 ] struct .
  z               4  180[BANK3 ] float 
  t               4  176[BANK3 ] float 
  j               4  172[BANK3 ] long 
  ix              4  168[BANK3 ] long 
  k               4  160[BANK3 ] long 
  p_h             4  156[BANK3 ] float 
  iy              4  152[BANK3 ] long 
  is              4  144[BANK3 ] long 
  sn              4  136[BANK3 ] float 
  hy              4  132[BANK3 ] long 
  t1              4  128[BANK3 ] float 
  n               4  124[BANK3 ] long 
  v               4  120[BANK3 ] float 
  u               4  116[BANK3 ] float 
  ax              4  112[BANK3 ] float 
  p_l             4  100[BANK3 ] float 
  hx              4   96[BANK3 ] long 
  s               4   92[BANK3 ] float 
  yisint          4   80[BANK3 ] long 
  r               4   76[BANK3 ] float 
  w               4   68[BANK3 ] float 
  i               4   44[BANK3 ] long 
  y1              4   40[BANK3 ] float 
  z_l             4   36[BANK3 ] float 
  z_h             4   32[BANK3 ] float 
  t2              4   28[BANK3 ] float 
 Return value:  Size  Location     Type
                  4  110[BANK2 ] float 
 Registers used:
		wreg, status,2, status,0, tblptrl, tblptrh, tblptru, prodl, prodh, cstack
 Tracked objects:
		On entry : 
		On exit  : 
		Unchanged: 
 Data sizes:     COMRAM   BANK0   BANK1   BANK2   BANK3   BANK4   BANK5   BANK6   BANK7
      Params:         0       0       0       8       0       0       0       0       0
      Locals:         0       0       0       0     188       0       0       0       0
      Temps:          0       0       0       9       0       0       0       0       0
      Totals:         0       0       0      17     188       0       0       0       0
Total ram usage:      205 bytes
 Hardware stack levels used:    1
 Hardware stack levels required when called:    7
 This function calls:
		___fladd
		___fldiv
		___flge
		___flmul
		___flneg
		___flsub
		___xxtofl
		_fabsf
		_scalbnf
		_sqrtf
 This function is called by:
		_main
 This function uses a non-reentrant model


 *************** function _sqrtf *****************
 Defined at:
		line 24 in file "C:\Program Files (x86)\Microchip\xc8\v2.05\pic\sources\c99\common\sqrtf.c"
 Parameters:    Size  Location     Type
  x               4   61[BANK2 ] float 
 Auto vars:     Size  Location     Type
  ix              4  106[BANK2 ] long 
  r               4  102[BANK2 ] unsigned long 
  m               4   98[BANK2 ] long 
  z               4   94[BANK2 ] float 
  t               4   90[BANK2 ] long 
  q               4   86[BANK2 ] long 
  __xc8_float_    4   82[BANK2 ] struct .
  i               4   78[BANK2 ] long 
  s               4   74[BANK2 ] long 
  sign            4    0        long 
 Return value:  Size  Location     Type
                  4   61[BANK2 ] float 
 Registers used:
		wreg, status,2, status,0, prodl, prodh, cstack
 Tracked objects:
		On entry : 
		On exit  : 
		Unchanged: 
 Data sizes:     COMRAM   BANK0   BANK1   BANK2   BANK3   BANK4   BANK5   BANK6   BANK7
      Params:         0       0       0       4       0       0       0       0       0
      Locals:         0       0       0      40       0       0       0       0       0
      Temps:          0       0       0       5       0       0       0       0       0
      Totals:         0       0       0      49       0       0       0       0       0
Total ram usage:       49 bytes
 Hardware stack levels used:    1
 Hardware stack levels required when called:    6
 This function calls:
		___fladd
		___flge
		___flmul
		_nanf
 This function is called by:
		_powf
 This function uses a non-reentrant model


 *************** function _nanf *****************
 Defined at:
		line 4 in file "C:\Program Files (x86)\Microchip\xc8\v2.05\pic\sources\c99\common\nanf.c"
 Parameters:    Size  Location     Type
  s               2    0[BANK2 ] PTR const unsigned char 
		 -> STR_1(1), 
 Auto vars:     Size  Location     Type
  u               4    4[BANK2 ] struct .
 Return value:  Size  Location     Type
                  4    0[BANK2 ] float 
 Registers used:
		wreg, status,2
 Tracked objects:
		On entry : 
		On exit  : 
		Unchanged: 
 Data sizes:     COMRAM   BANK0   BANK1   BANK2   BANK3   BANK4   BANK5   BANK6   BANK7
      Params:         0       0       0       4       0       0       0       0       0
      Locals:         0       0       0       4       0       0       0       0       0
      Temps:          0       0       0       0       0       0       0       0       0
      Totals:         0       0       0       8       0       0       0       0       0
Total ram usage:        8 bytes
 Hardware stack levels used:    1
 Hardware stack levels required when called:    5
 This function calls:
		Nothing
 This function is called by:
		_sqrtf
 This function uses a non-reentrant model


 *************** function ___flge *****************
 Defined at:
		line 4 in file "C:\Program Files (x86)\Microchip\xc8\v2.05\pic\sources\c99\common\flge.c"
 Parameters:    Size  Location     Type
  ff1             4   49[BANK2 ] float 
  ff2             4   53[BANK2 ] float 
 Auto vars:     Size  Location     Type
		None
 Return value:  Size  Location     Type
		None               void
 Registers used:
		wreg, status,2, status,0
 Tracked objects:
		On entry : 
		On exit  : 
		Unchanged: 
 Data sizes:     COMRAM   BANK0   BANK1   BANK2   BANK3   BANK4   BANK5   BANK6   BANK7
      Params:         0       0       0       8       0       0       0       0       0
      Locals:         0       0       0       0       0       0       0       0       0
      Temps:          0       0       0       4       0       0       0       0       0
      Totals:         0       0       0      12       0       0       0       0       0
Total ram usage:       12 bytes
 Hardware stack levels used:    1
 Hardware stack levels required when called:    5
 This function calls:
		Nothing
 This function is called by:
		_powf
		_sqrtf
 This function uses a non-reentrant model


 *************** function _scalbnf *****************
 Defined at:
		line 4 in file "C:\Program Files (x86)\Microchip\xc8\v2.05\pic\sources\c99\common\scalbnf.c"
 Parameters:    Size  Location     Type
  x               4   41[BANK2 ] float 
  n               2   45[BANK2 ] int 
 Auto vars:     Size  Location     Type
  y               4   55[BANK2 ] float 
  u               4   51[BANK2 ] struct .
 Return value:  Size  Location     Type
                  4   41[BANK2 ] float 
 Registers used:
		wreg, status,2, status,0, prodl, prodh, cstack
 Tracked objects:
		On entry : 
		On exit  : 
		Unchanged: 
 Data sizes:     COMRAM   BANK0   BANK1   BANK2   BANK3   BANK4   BANK5   BANK6   BANK7
      Params:         0       0       0       6       0       0       0       0       0
      Locals:         0       0       0       8       0       0       0       0       0
      Temps:          0       0       0       4       0       0       0       0       0
      Totals:         0       0       0      18       0       0       0       0       0
Total ram usage:       18 bytes
 Hardware stack levels used:    1
 Hardware stack levels required when called:    6
 This function calls:
		___flmul
 This function is called by:
		_powf
 This function uses a non-reentrant model


 *************** function ___flmul *****************
 Defined at:
		line 8 in file "C:\Program Files (x86)\Microchip\xc8\v2.05\pic\sources\c99\common\sprcmul.c"
 Parameters:    Size  Location     Type
  b               4   16[BANK2 ] float 
  a               4   20[BANK2 ] float 
 Auto vars:     Size  Location     Type
  prod            4   35[BANK2 ] struct .
  grs             4   29[BANK2 ] unsigned long 
  temp            2   39[BANK2 ] struct .
  bexp            1   34[BANK2 ] unsigned char 
  aexp            1   33[BANK2 ] unsigned char 
  sign            1   28[BANK2 ] unsigned char 
 Return value:  Size  Location     Type
                  4   16[BANK2 ] unsigned char 
 Registers used:
		wreg, status,2, status,0, prodl, prodh
 Tracked objects:
		On entry : 
		On exit  : 
		Unchanged: 
 Data sizes:     COMRAM   BANK0   BANK1   BANK2   BANK3   BANK4   BANK5   BANK6   BANK7
      Params:         0       0       0       8       0       0       0       0       0
      Locals:         0       0       0      13       0       0       0       0       0
      Temps:          0       0       0       4       0       0       0       0       0
      Totals:         0       0       0      25       0       0       0       0       0
Total ram usage:       25 bytes
 Hardware stack levels used:    1
 Hardware stack levels required when called:    5
 This function calls:
		Nothing
 This function is called by:
		_powf
		_scalbnf
		_sqrtf
 This function uses a non-reentrant model


 *************** function _fabsf *****************
 Defined at:
		line 4 in file "C:\Program Files (x86)\Microchip\xc8\v2.05\pic\sources\c99\common\fabsf.c"
 Parameters:    Size  Location     Type
  x               4    0[BANK2 ] float 
 Auto vars:     Size  Location     Type
  u               4    4[BANK2 ] struct .
 Return value:  Size  Location     Type
                  4    0[BANK2 ] float 
 Registers used:
		status,2, status,0
 Tracked objects:
		On entry : 
		On exit  : 
		Unchanged: 
 Data sizes:     COMRAM   BANK0   BANK1   BANK2   BANK3   BANK4   BANK5   BANK6   BANK7
      Params:         0       0       0       4       0       0       0       0       0
      Locals:         0       0       0       4       0       0       0       0       0
      Temps:          0       0       0       0       0       0       0       0       0
      Totals:         0       0       0       8       0       0       0       0       0
Total ram usage:        8 bytes
 Hardware stack levels used:    1
 Hardware stack levels required when called:    5
 This function calls:
		Nothing
 This function is called by:
		_powf
 This function uses a non-reentrant model


 *************** function ___xxtofl *****************
 Defined at:
		line 10 in file "C:\Program Files (x86)\Microchip\xc8\v2.05\pic\sources\c99\common\xxtofl.c"
 Parameters:    Size  Location     Type
  sign            1    wreg     unsigned char 
  val             4    0[BANK2 ] long 
 Auto vars:     Size  Location     Type
  sign            1    8[BANK2 ] unsigned char 
  arg             4   10[BANK2 ] unsigned long 
  exp             1    9[BANK2 ] unsigned char 
 Return value:  Size  Location     Type
                  4    0[BANK2 ] unsigned char 
 Registers used:
		wreg, status,2, status,0
 Tracked objects:
		On entry : 
		On exit  : 
		Unchanged: 
 Data sizes:     COMRAM   BANK0   BANK1   BANK2   BANK3   BANK4   BANK5   BANK6   BANK7
      Params:         0       0       0       4       0       0       0       0       0
      Locals:         0       0       0       6       0       0       0       0       0
      Temps:          0       0       0       4       0       0       0       0       0
      Totals:         0       0       0      14       0       0       0       0       0
Total ram usage:       14 bytes
 Hardware stack levels used:    1
 Hardware stack levels required when called:    5
 This function calls:
		Nothing
 This function is called by:
		_main
		_powf
 This function uses a non-reentrant model


 *************** function ___flsub *****************
 Defined at:
		line 245 in file "C:\Program Files (x86)\Microchip\xc8\v2.05\pic\sources\c99\common\sprcadd.c"
 Parameters:    Size  Location     Type
  b               4   41[BANK2 ] unsigned char 
  a               4   45[BANK2 ] unsigned char 
 Auto vars:     Size  Location     Type
		None
 Return value:  Size  Location     Type
                  4   41[BANK2 ] unsigned char 
 Registers used:
		wreg, status,2, status,0, cstack
 Tracked objects:
		On entry : 
		On exit  : 
		Unchanged: 
 Data sizes:     COMRAM   BANK0   BANK1   BANK2   BANK3   BANK4   BANK5   BANK6   BANK7
      Params:         0       0       0       8       0       0       0       0       0
      Locals:         0       0       0       0       0       0       0       0       0
      Temps:          0       0       0       0       0       0       0       0       0
      Totals:         0       0       0       8       0       0       0       0       0
Total ram usage:        8 bytes
 Hardware stack levels used:    1
 Hardware stack levels required when called:    6
 This function calls:
		___fladd
 This function is called by:
		_powf
 This function uses a non-reentrant model


 *************** function ___fladd *****************
 Defined at:
		line 10 in file "C:\Program Files (x86)\Microchip\xc8\v2.05\pic\sources\c99\common\sprcadd.c"
 Parameters:    Size  Location     Type
  b               4    0[BANK2 ] unsigned char 
  a               4    4[BANK2 ] unsigned char 
 Auto vars:     Size  Location     Type
  grs             1   15[BANK2 ] unsigned char 
  bexp            1   14[BANK2 ] unsigned char 
  aexp            1   13[BANK2 ] unsigned char 
  signs           1   12[BANK2 ] unsigned char 
 Return value:  Size  Location     Type
                  4    0[BANK2 ] unsigned char 
 Registers used:
		wreg, status,2, status,0
 Tracked objects:
		On entry : 
		On exit  : 
		Unchanged: 
 Data sizes:     COMRAM   BANK0   BANK1   BANK2   BANK3   BANK4   BANK5   BANK6   BANK7
      Params:         0       0       0       8       0       0       0       0       0
      Locals:         0       0       0       4       0       0       0       0       0
      Temps:          0       0       0       4       0       0       0       0       0
      Totals:         0       0       0      16       0       0       0       0       0
Total ram usage:       16 bytes
 Hardware stack levels used:    1
 Hardware stack levels required when called:    5
 This function calls:
		Nothing
 This function is called by:
		___flsub
		_powf
		_sqrtf
 This function uses a non-reentrant model


 *************** function ___flneg *****************
 Defined at:
		line 15 in file "C:\Program Files (x86)\Microchip\xc8\v2.05\pic\sources\c99\common\flneg.c"
 Parameters:    Size  Location     Type
  f1              4    0[BANK2 ] unsigned char 
 Auto vars:     Size  Location     Type
		None
 Return value:  Size  Location     Type
                  4    0[BANK2 ] unsigned char 
 Registers used:
		wreg, status,2, status,0
 Tracked objects:
		On entry : 
		On exit  : 
		Unchanged: 
 Data sizes:     COMRAM   BANK0   BANK1   BANK2   BANK3   BANK4   BANK5   BANK6   BANK7
      Params:         0       0       0       4       0       0       0       0       0
      Locals:         0       0       0       0       0       0       0       0       0
      Temps:          0       0       0       0       0       0       0       0       0
      Totals:         0       0       0       4       0       0       0       0       0
Total ram usage:        4 bytes
 Hardware stack levels used:    1
 Hardware stack levels required when called:    5
 This function calls:
		Nothing
 This function is called by:
		_powf
 This function uses a non-reentrant model


 *************** function ___fldiv *****************
 Defined at:
		line 11 in file "C:\Program Files (x86)\Microchip\xc8\v2.05\pic\sources\c99\common\sprcdiv.c"
 Parameters:    Size  Location     Type
  b               4   49[BANK2 ] unsigned char 
  a               4   53[BANK2 ] unsigned char 
 Auto vars:     Size  Location     Type
  grs             4   68[BANK2 ] unsigned long 
  rem             4   61[BANK2 ] unsigned long 
  new_exp         2   66[BANK2 ] short 
  aexp            1   73[BANK2 ] unsigned char 
  bexp            1   72[BANK2 ] unsigned char 
  sign            1   65[BANK2 ] unsigned char 
 Return value:  Size  Location     Type
                  4   49[BANK2 ] unsigned char 
 Registers used:
		wreg, status,2, status,0
 Tracked objects:
		On entry : 
		On exit  : 
		Unchanged: 
 Data sizes:     COMRAM   BANK0   BANK1   BANK2   BANK3   BANK4   BANK5   BANK6   BANK7
      Params:         0       0       0       8       0       0       0       0       0
      Locals:         0       0       0      13       0       0       0       0       0
      Temps:          0       0       0       4       0       0       0       0       0
      Totals:         0       0       0      25       0       0       0       0       0
Total ram usage:       25 bytes
 Hardware stack levels used:    1
 Hardware stack levels required when called:    5
 This function calls:
		Nothing
 This function is called by:
		_powf
 This function uses a non-reentrant model


 *************** function ___fltol *****************
 Defined at:
		line 43 in file "C:\Program Files (x86)\Microchip\xc8\v2.05\pic\sources\c99\common\fltol.c"
 Parameters:    Size  Location     Type
  f1              4  127[BANK2 ] unsigned char 
 Auto vars:     Size  Location     Type
  exp1            1   80[BANK0 ] unsigned char 
  sign1           1   79[BANK0 ] unsigned char 
 Return value:  Size  Location     Type
                  4  127[BANK2 ] long 
 Registers used:
		wreg, status,2, status,0
 Tracked objects:
		On entry : 
		On exit  : 
		Unchanged: 
 Data sizes:     COMRAM   BANK0   BANK1   BANK2   BANK3   BANK4   BANK5   BANK6   BANK7
      Params:         0       0       0       4       0       0       0       0       0
      Locals:         0       2       0       0       0       0       0       0       0
      Temps:          0       0       0       4       0       0       0       0       0
      Totals:         0       2       0       8       0       0       0       0       0
Total ram usage:       10 bytes
 Hardware stack levels used:    1
 Hardware stack levels required when called:    5
 This function calls:
		Nothing
 This function is called by:
		_main
 This function uses a non-reentrant model


 *************** function _lwp *****************
 Defined at:
		line 60 in file "Practica7_Interrupciones.c"
 Parameters:    Size  Location     Type
		None
 Auto vars:     Size  Location     Type
  i               2    0        int 
 Return value:  Size  Location     Type
                  1    wreg      void 
 Registers used:
		wreg, status,2
 Tracked objects:
		On entry : 
		On exit  : 
		Unchanged: 
 Data sizes:     COMRAM   BANK0   BANK1   BANK2   BANK3   BANK4   BANK5   BANK6   BANK7
      Params:         0       0       0       0       0       0       0       0       0
      Locals:         0       2       0       0       0       0       0       0       0
      Temps:          0       5       0       0       0       0       0       0       0
      Totals:         0       7       0       0       0       0       0       0       0
Total ram usage:        7 bytes
 Hardware stack levels used:    1
 Hardware stack levels required when called:    4
 This function calls:
		Nothing
 This function is called by:
		Interrupt level 1
 This function uses a non-reentrant model


 *************** function _isr *****************
 Defined at:
		line 40 in file "Practica7_Interrupciones.c"
 Parameters:    Size  Location     Type
		None
 Auto vars:     Size  Location     Type
  i               2   70[BANK0 ] int 
  sal             2   68[BANK0 ] int 
 Return value:  Size  Location     Type
                  1    wreg      void 
 Registers used:
		wreg, status,2, status,0, tblptrl, tblptrh, tblptru, prodl, prodh, cstack
 Tracked objects:
		On entry : 
		On exit  : 
		Unchanged: 
 Data sizes:     COMRAM   BANK0   BANK1   BANK2   BANK3   BANK4   BANK5   BANK6   BANK7
      Params:         0       0       0       0       0       0       0       0       0
      Locals:         0      12       0       0       0       0       0       0       0
      Temps:          0       8       0       0       0       0       0       0       0
      Totals:         0      20       0       0       0       0       0       0       0
Total ram usage:       20 bytes
 Hardware stack levels used:    1
 Hardware stack levels required when called:    3
 This function calls:
		i2___fltol
		i2___xxtofl
		i2_powf
 This function is called by:
		Interrupt level 2
 This function uses a non-reentrant model


 *************** function i2_powf *****************
 Defined at:
		line 52 in file "C:\Program Files (x86)\Microchip\xc8\v2.05\pic\sources\c99\common\powf.c"
 Parameters:    Size  Location     Type
  x               4   40[BANK0 ] float 
  y               4   44[BANK0 ] float 
 Auto vars:     Size  Location     Type
  powf            4  184[BANK1 ] struct .
  powf            4  180[BANK1 ] float 
  powf            4  176[BANK1 ] float 
  powf            4  172[BANK1 ] long 
  powf            4  168[BANK1 ] long 
  powf            4  164[BANK1 ] long 
  powf            4  160[BANK1 ] float 
  powf            4  156[BANK1 ] long 
  powf            4  152[BANK1 ] long 
  powf            4  148[BANK1 ] float 
  powf            4  144[BANK1 ] float 
  powf            4  140[BANK1 ] long 
  powf            4  136[BANK1 ] float 
  powf            4  132[BANK1 ] long 
  powf            4  128[BANK1 ] float 
  powf            4  124[BANK1 ] float 
  powf            4  120[BANK1 ] float 
  powf            4  116[BANK1 ] float 
  powf            4  112[BANK1 ] float 
  powf            4  108[BANK1 ] float 
  powf            4  104[BANK1 ] long 
  powf            4  100[BANK1 ] float 
  powf            4   96[BANK1 ] long 
  powf            4   92[BANK1 ] float 
  powf            4   88[BANK1 ] float 
  powf            4   80[BANK1 ] float 
  powf            4   76[BANK1 ] float 
  powf            4   72[BANK1 ] long 
  powf            4   68[BANK1 ] float 
  powf            4   64[BANK1 ] float 
  powf            4   60[BANK1 ] float 
  powf            4   52[BANK1 ] float 
 Return value:  Size  Location     Type
                  4   40[BANK0 ] float 
 Registers used:
		wreg, status,2, status,0, tblptrl, tblptrh, tblptru, prodl, prodh, cstack
 Tracked objects:
		On entry : 
		On exit  : 
		Unchanged: 
 Data sizes:     COMRAM   BANK0   BANK1   BANK2   BANK3   BANK4   BANK5   BANK6   BANK7
      Params:         0       8       0       0       0       0       0       0       0
      Locals:         0       0     188       0       0       0       0       0       0
      Temps:          9       0       0       0       0       0       0       0       0
      Totals:         9       8     188       0       0       0       0       0       0
Total ram usage:      205 bytes
 Hardware stack levels used:    1
 Hardware stack levels required when called:    2
 This function calls:
		i2___fladd
		i2___fldiv
		i2___flge
		i2___flmul
		i2___flneg
		i2___flsub
		i2___xxtofl
		i2_fabsf
		i2_scalbnf
		i2_sqrtf
 This function is called by:
		_isr
 This function uses a non-reentrant model


 *************** function i2_sqrtf *****************
 Defined at:
		line 24 in file "C:\Program Files (x86)\Microchip\xc8\v2.05\pic\sources\c99\common\sqrtf.c"
 Parameters:    Size  Location     Type
  x               4   61[COMRAM] float 
 Auto vars:     Size  Location     Type
  sqrtf           4   36[BANK0 ] long 
  sqrtf           4   32[BANK0 ] unsigned long 
  sqrtf           4   28[BANK0 ] long 
  sqrtf           4   24[BANK0 ] float 
  sqrtf           4   20[BANK0 ] long 
  sqrtf           4   16[BANK0 ] long 
  sqrtf           4   12[BANK0 ] struct .
  sqrtf           4    8[BANK0 ] long 
  sqrtf           4    4[BANK0 ] long 
  sqrtf           4    0        long 
 Return value:  Size  Location     Type
                  4   61[COMRAM] float 
 Registers used:
		wreg, status,2, status,0, prodl, prodh, cstack
 Tracked objects:
		On entry : 
		On exit  : 
		Unchanged: 
 Data sizes:     COMRAM   BANK0   BANK1   BANK2   BANK3   BANK4   BANK5   BANK6   BANK7
      Params:         4       0       0       0       0       0       0       0       0
      Locals:         0      40       0       0       0       0       0       0       0
      Temps:          5       0       0       0       0       0       0       0       0
      Totals:         9      40       0       0       0       0       0       0       0
Total ram usage:       49 bytes
 Hardware stack levels used:    1
 Hardware stack levels required when called:    1
 This function calls:
		i2___fladd
		i2___flge
		i2___flmul
		i2_nanf
 This function is called by:
		i2_powf
 This function uses a non-reentrant model


 *************** function i2_nanf *****************
 Defined at:
		line 4 in file "C:\Program Files (x86)\Microchip\xc8\v2.05\pic\sources\c99\common\nanf.c"
 Parameters:    Size  Location     Type
  s               2    0[COMRAM] PTR const unsigned char 
		 -> STR_1(1), 
 Auto vars:     Size  Location     Type
  nanf            4    4[COMRAM] struct .
 Return value:  Size  Location     Type
                  4    0[COMRAM] float 
 Registers used:
		wreg, status,2
 Tracked objects:
		On entry : 
		On exit  : 
		Unchanged: 
 Data sizes:     COMRAM   BANK0   BANK1   BANK2   BANK3   BANK4   BANK5   BANK6   BANK7
      Params:         4       0       0       0       0       0       0       0       0
      Locals:         4       0       0       0       0       0       0       0       0
      Temps:          0       0       0       0       0       0       0       0       0
      Totals:         8       0       0       0       0       0       0       0       0
Total ram usage:        8 bytes
 Hardware stack levels used:    1
 This function calls:
		Nothing
 This function is called by:
		i2_sqrtf
 This function uses a non-reentrant model


 *************** function i2___flge *****************
 Defined at:
		line 4 in file "C:\Program Files (x86)\Microchip\xc8\v2.05\pic\sources\c99\common\flge.c"
 Parameters:    Size  Location     Type
  ff1             4   49[COMRAM] float 
  ff2             4   53[COMRAM] float 
 Auto vars:     Size  Location     Type
		None
 Return value:  Size  Location     Type
		None               void
 Registers used:
		wreg, status,2, status,0
 Tracked objects:
		On entry : 
		On exit  : 
		Unchanged: 
 Data sizes:     COMRAM   BANK0   BANK1   BANK2   BANK3   BANK4   BANK5   BANK6   BANK7
      Params:         8       0       0       0       0       0       0       0       0
      Locals:         0       0       0       0       0       0       0       0       0
      Temps:          4       0       0       0       0       0       0       0       0
      Totals:        12       0       0       0       0       0       0       0       0
Total ram usage:       12 bytes
 Hardware stack levels used:    1
 This function calls:
		Nothing
 This function is called by:
		i2_powf
		i2_sqrtf
 This function uses a non-reentrant model


 *************** function i2_scalbnf *****************
 Defined at:
		line 4 in file "C:\Program Files (x86)\Microchip\xc8\v2.05\pic\sources\c99\common\scalbnf.c"
 Parameters:    Size  Location     Type
  x               4   41[COMRAM] float 
  n               2   45[COMRAM] int 
 Auto vars:     Size  Location     Type
  scalbnf         4   55[COMRAM] float 
  scalbnf         4   51[COMRAM] struct .
 Return value:  Size  Location     Type
                  4   41[COMRAM] float 
 Registers used:
		wreg, status,2, status,0, prodl, prodh, cstack
 Tracked objects:
		On entry : 
		On exit  : 
		Unchanged: 
 Data sizes:     COMRAM   BANK0   BANK1   BANK2   BANK3   BANK4   BANK5   BANK6   BANK7
      Params:         6       0       0       0       0       0       0       0       0
      Locals:         8       0       0       0       0       0       0       0       0
      Temps:          4       0       0       0       0       0       0       0       0
      Totals:        18       0       0       0       0       0       0       0       0
Total ram usage:       18 bytes
 Hardware stack levels used:    1
 Hardware stack levels required when called:    1
 This function calls:
		i2___flmul
 This function is called by:
		i2_powf
 This function uses a non-reentrant model


 *************** function i2___flmul *****************
 Defined at:
		line 8 in file "C:\Program Files (x86)\Microchip\xc8\v2.05\pic\sources\c99\common\sprcmul.c"
 Parameters:    Size  Location     Type
  b               4   16[COMRAM] float 
  a               4   20[COMRAM] float 
 Auto vars:     Size  Location     Type
  __flmul         4   35[COMRAM] struct .
  __flmul         4   29[COMRAM] unsigned long 
  __flmul         2   39[COMRAM] struct .
  __flmul         1   34[COMRAM] unsigned char 
  __flmul         1   33[COMRAM] unsigned char 
  __flmul         1   28[COMRAM] unsigned char 
 Return value:  Size  Location     Type
                  4   16[COMRAM] unsigned char 
 Registers used:
		wreg, status,2, status,0, prodl, prodh
 Tracked objects:
		On entry : 
		On exit  : 
		Unchanged: 
 Data sizes:     COMRAM   BANK0   BANK1   BANK2   BANK3   BANK4   BANK5   BANK6   BANK7
      Params:         8       0       0       0       0       0       0       0       0
      Locals:        13       0       0       0       0       0       0       0       0
      Temps:          4       0       0       0       0       0       0       0       0
      Totals:        25       0       0       0       0       0       0       0       0
Total ram usage:       25 bytes
 Hardware stack levels used:    1
 This function calls:
		Nothing
 This function is called by:
		i2_powf
		i2_scalbnf
		i2_sqrtf
 This function uses a non-reentrant model


 *************** function i2_fabsf *****************
 Defined at:
		line 4 in file "C:\Program Files (x86)\Microchip\xc8\v2.05\pic\sources\c99\common\fabsf.c"
 Parameters:    Size  Location     Type
  x               4    0[COMRAM] float 
 Auto vars:     Size  Location     Type
  fabsf           4    4[COMRAM] struct .
 Return value:  Size  Location     Type
                  4    0[COMRAM] float 
 Registers used:
		status,2, status,0
 Tracked objects:
		On entry : 
		On exit  : 
		Unchanged: 
 Data sizes:     COMRAM   BANK0   BANK1   BANK2   BANK3   BANK4   BANK5   BANK6   BANK7
      Params:         4       0       0       0       0       0       0       0       0
      Locals:         4       0       0       0       0       0       0       0       0
      Temps:          0       0       0       0       0       0       0       0       0
      Totals:         8       0       0       0       0       0       0       0       0
Total ram usage:        8 bytes
 Hardware stack levels used:    1
 This function calls:
		Nothing
 This function is called by:
		i2_powf
 This function uses a non-reentrant model


 *************** function i2___xxtofl *****************
 Defined at:
		line 10 in file "C:\Program Files (x86)\Microchip\xc8\v2.05\pic\sources\c99\common\xxtofl.c"
 Parameters:    Size  Location     Type
  sign            1    wreg     unsigned char 
  val             4    0[COMRAM] long 
 Auto vars:     Size  Location     Type
  sign            1    8[COMRAM] unsigned char 
  __xxtofl        4   10[COMRAM] unsigned long 
  __xxtofl        1    9[COMRAM] unsigned char 
 Return value:  Size  Location     Type
                  4    0[COMRAM] unsigned char 
 Registers used:
		wreg, status,2, status,0
 Tracked objects:
		On entry : 
		On exit  : 
		Unchanged: 
 Data sizes:     COMRAM   BANK0   BANK1   BANK2   BANK3   BANK4   BANK5   BANK6   BANK7
      Params:         4       0       0       0       0       0       0       0       0
      Locals:         6       0       0       0       0       0       0       0       0
      Temps:          4       0       0       0       0       0       0       0       0
      Totals:        14       0       0       0       0       0       0       0       0
Total ram usage:       14 bytes
 Hardware stack levels used:    1
 This function calls:
		Nothing
 This function is called by:
		_isr
		i2_powf
 This function uses a non-reentrant model


 *************** function i2___flsub *****************
 Defined at:
		line 245 in file "C:\Program Files (x86)\Microchip\xc8\v2.05\pic\sources\c99\common\sprcadd.c"
 Parameters:    Size  Location     Type
  b               4   41[COMRAM] unsigned char 
  a               4   45[COMRAM] unsigned char 
 Auto vars:     Size  Location     Type
		None
 Return value:  Size  Location     Type
                  4   41[COMRAM] unsigned char 
 Registers used:
		wreg, status,2, status,0, cstack
 Tracked objects:
		On entry : 
		On exit  : 
		Unchanged: 
 Data sizes:     COMRAM   BANK0   BANK1   BANK2   BANK3   BANK4   BANK5   BANK6   BANK7
      Params:         8       0       0       0       0       0       0       0       0
      Locals:         0       0       0       0       0       0       0       0       0
      Temps:          0       0       0       0       0       0       0       0       0
      Totals:         8       0       0       0       0       0       0       0       0
Total ram usage:        8 bytes
 Hardware stack levels used:    1
 Hardware stack levels required when called:    1
 This function calls:
		i2___fladd
 This function is called by:
		i2_powf
 This function uses a non-reentrant model


 *************** function i2___fladd *****************
 Defined at:
		line 10 in file "C:\Program Files (x86)\Microchip\xc8\v2.05\pic\sources\c99\common\sprcadd.c"
 Parameters:    Size  Location     Type
  b               4    0[COMRAM] unsigned char 
  a               4    4[COMRAM] unsigned char 
 Auto vars:     Size  Location     Type
  __fladd         1   15[COMRAM] unsigned char 
  __fladd         1   14[COMRAM] unsigned char 
  __fladd         1   13[COMRAM] unsigned char 
  __fladd         1   12[COMRAM] unsigned char 
 Return value:  Size  Location     Type
                  4    0[COMRAM] unsigned char 
 Registers used:
		wreg, status,2, status,0
 Tracked objects:
		On entry : 
		On exit  : 
		Unchanged: 
 Data sizes:     COMRAM   BANK0   BANK1   BANK2   BANK3   BANK4   BANK5   BANK6   BANK7
      Params:         8       0       0       0       0       0       0       0       0
      Locals:         4       0       0       0       0       0       0       0       0
      Temps:          4       0       0       0       0       0       0       0       0
      Totals:        16       0       0       0       0       0       0       0       0
Total ram usage:       16 bytes
 Hardware stack levels used:    1
 This function calls:
		Nothing
 This function is called by:
		i2___flsub
		i2_powf
		i2_sqrtf
 This function uses a non-reentrant model


 *************** function i2___flneg *****************
 Defined at:
		line 15 in file "C:\Program Files (x86)\Microchip\xc8\v2.05\pic\sources\c99\common\flneg.c"
 Parameters:    Size  Location     Type
  f1              4    0[COMRAM] unsigned char 
 Auto vars:     Size  Location     Type
		None
 Return value:  Size  Location     Type
                  4    0[COMRAM] unsigned char 
 Registers used:
		wreg, status,2, status,0
 Tracked objects:
		On entry : 
		On exit  : 
		Unchanged: 
 Data sizes:     COMRAM   BANK0   BANK1   BANK2   BANK3   BANK4   BANK5   BANK6   BANK7
      Params:         4       0       0       0       0       0       0       0       0
      Locals:         0       0       0       0       0       0       0       0       0
      Temps:          0       0       0       0       0       0       0       0       0
      Totals:         4       0       0       0       0       0       0       0       0
Total ram usage:        4 bytes
 Hardware stack levels used:    1
 This function calls:
		Nothing
 This function is called by:
		i2_powf
 This function uses a non-reentrant model


 *************** function i2___fldiv *****************
 Defined at:
		line 11 in file "C:\Program Files (x86)\Microchip\xc8\v2.05\pic\sources\c99\common\sprcdiv.c"
 Parameters:    Size  Location     Type
  b               4   49[COMRAM] unsigned char 
  a               4   53[COMRAM] unsigned char 
 Auto vars:     Size  Location     Type
  __fldiv         4   68[COMRAM] unsigned long 
  __fldiv         4   61[COMRAM] unsigned long 
  __fldiv         2   66[COMRAM] short 
  __fldiv         1   73[COMRAM] unsigned char 
  __fldiv         1   72[COMRAM] unsigned char 
  __fldiv         1   65[COMRAM] unsigned char 
 Return value:  Size  Location     Type
                  4   49[COMRAM] unsigned char 
 Registers used:
		wreg, status,2, status,0
 Tracked objects:
		On entry : 
		On exit  : 
		Unchanged: 
 Data sizes:     COMRAM   BANK0   BANK1   BANK2   BANK3   BANK4   BANK5   BANK6   BANK7
      Params:         8       0       0       0       0       0       0       0       0
      Locals:        13       0       0       0       0       0       0       0       0
      Temps:          4       0       0       0       0       0       0       0       0
      Totals:        25       0       0       0       0       0       0       0       0
Total ram usage:       25 bytes
 Hardware stack levels used:    1
 This function calls:
		Nothing
 This function is called by:
		i2_powf
 This function uses a non-reentrant model


 *************** function i2___fltol *****************
 Defined at:
		line 43 in file "C:\Program Files (x86)\Microchip\xc8\v2.05\pic\sources\c99\common\fltol.c"
 Parameters:    Size  Location     Type
  f1              4   48[BANK0 ] unsigned char 
 Auto vars:     Size  Location     Type
  __fltol         1   88[COMRAM] unsigned char 
  __fltol         1   87[COMRAM] unsigned char 
 Return value:  Size  Location     Type
                  4   48[BANK0 ] long 
 Registers used:
		wreg, status,2, status,0
 Tracked objects:
		On entry : 
		On exit  : 
		Unchanged: 
 Data sizes:     COMRAM   BANK0   BANK1   BANK2   BANK3   BANK4   BANK5   BANK6   BANK7
      Params:         0       4       0       0       0       0       0       0       0
      Locals:         2       0       0       0       0       0       0       0       0
      Temps:          4       0       0       0       0       0       0       0       0
      Totals:         6       4       0       0       0       0       0       0       0
Total ram usage:       10 bytes
 Hardware stack levels used:    1
 This function calls:
		Nothing
 This function is called by:
		_isr
 This function uses a non-reentrant model



MODULE INFORMATION

Module		Function		Class		Link	Load	Size
C:\Program Files (x86)\Microchip\xc8\v2.05\pic\sources\c99\common\powf.c
		_powf          		CODE           	0880	0000	10225

C:\Program Files (x86)\Microchip\xc8\v2.05\pic\sources\c99\common\powf.c estimated size: 10225

Practica7_Interrupciones.c
		_main          		CODE           	7876	0000	249
		_isr           		CODE           	0008	0000	279
		_lwp           		CODE           	0018	0000	111

Practica7_Interrupciones.c estimated size: 639

C:\Program Files (x86)\Microchip\xc8\v2.05\pic\sources\c99\common\flge.c
		___flge        		CODE           	796E	0000	211

C:\Program Files (x86)\Microchip\xc8\v2.05\pic\sources\c99\common\flge.c estimated size: 211

C:\Program Files (x86)\Microchip\xc8\v2.05\pic\sources\c99\common\xxtofl.c
		___xxtofl      		CODE           	74E2	0000	325

C:\Program Files (x86)\Microchip\xc8\v2.05\pic\sources\c99\common\xxtofl.c estimated size: 325

C:\Program Files (x86)\Microchip\xc8\v2.05\pic\sources\c99\common\sqrtf.c
		_sqrtf         		CODE           	5B0E	0000	1069

C:\Program Files (x86)\Microchip\xc8\v2.05\pic\sources\c99\common\sqrtf.c estimated size: 1069

C:\Program Files (x86)\Microchip\xc8\v2.05\pic\sources\c99\common\fltol.c
		___fltol       		CODE           	7A40	0000	211

C:\Program Files (x86)\Microchip\xc8\v2.05\pic\sources\c99\common\fltol.c estimated size: 211

C:\Program Files (x86)\Microchip\xc8\v2.05\pic\sources\c99\common\nanf.c
		_nanf          		CODE           	7E2C	0000	37

C:\Program Files (x86)\Microchip\xc8\v2.05\pic\sources\c99\common\nanf.c estimated size: 37

C:\Program Files (x86)\Microchip\xc8\v2.05\pic\sources\c99\common\sprcmul.c
		___flmul       		CODE           	5F3A	0000	853

C:\Program Files (x86)\Microchip\xc8\v2.05\pic\sources\c99\common\sprcmul.c estimated size: 853

C:\Program Files (x86)\Microchip\xc8\v2.05\pic\sources\c99\common\sprcdiv.c
		___fldiv       		CODE           	6BFA	0000	651

C:\Program Files (x86)\Microchip\xc8\v2.05\pic\sources\c99\common\sprcdiv.c estimated size: 651

shared
		i2_fabsf       		CODE           	7D9A	0000	53
		_L5            		SMALLCONST     	0000	0000	0
		_P3            		SMALLCONST     	0000	0000	0
		_L6            		SMALLCONST     	0000	0000	0
		_P4            		SMALLCONST     	0000	0000	0
		i2_sqrtf       		CODE           	56DC	0000	1075
		_P5            		SMALLCONST     	0000	0000	0
		i2___flneg     		CODE           	7DFE	0000	47
		_lg2_l         		SMALLCONST     	0000	0000	0
		i2___fladd     		CODE           	68EE	0000	781
		_ivln2_l       		SMALLCONST     	0000	0000	0
		i2_scalbnf     		CODE           	72FC	0000	487
		_ivln2         		SMALLCONST     	0000	0000	0
		i2___fldiv     		CODE           	6E84	0000	649
		i2___fltol     		CODE           	7BE2	0000	189
		__initialization		CODE           	7D2C	0000	39
		i2___flge      		CODE           	7B12	0000	209
		_bp            		SMALLCONST     	0869	0000	9
		_cp            		SMALLCONST     	0000	0000	0
		_cp_h          		SMALLCONST     	0000	0000	0
		_dp_h          		SMALLCONST     	0809	0000	9
		_lg2           		SMALLCONST     	0000	0000	0
		i2_powf        		CODE           	3070	0000	9837
		i2___flmul     		CODE           	628E	0000	851
		_lg2_h         		SMALLCONST     	0000	0000	0
		_ivln2_h       		SMALLCONST     	0000	0000	0
		i2___xxtofl    		CODE           	7626	0000	321
		_tiny          		SMALLCONST     	0000	0000	0
		sqrtf@tiny     		SMALLCONST     	0000	0000	0
		i2___flsub     		CODE           	7CE6	0000	71
		i2_nanf        		CODE           	7E50	0000	35
		_ovt           		SMALLCONST     	0000	0000	0
		_huge          		SMALLCONST     	0000	0000	0
		_two24         		SMALLCONST     	0000	0000	0
		_cp_l          		SMALLCONST     	0000	0000	0
		_dp_l          		SMALLCONST     	0801	0000	9
		_L1            		SMALLCONST     	0000	0000	0
		_L2            		SMALLCONST     	0000	0000	0
		_L3            		SMALLCONST     	0000	0000	0
		_P1            		SMALLCONST     	0000	0000	0
		_L4            		SMALLCONST     	0000	0000	0
		_P2            		SMALLCONST     	0000	0000	0

shared estimated size: 14671

C:\Program Files (x86)\Microchip\xc8\v2.05\pic\sources\c99\common\scalbnf.c
		_scalbnf       		CODE           	710C	0000	497

C:\Program Files (x86)\Microchip\xc8\v2.05\pic\sources\c99\common\scalbnf.c estimated size: 497

C:\Program Files (x86)\Microchip\xc8\v2.05\pic\sources\c99\common\flneg.c
		___flneg       		CODE           	7DCE	0000	49

C:\Program Files (x86)\Microchip\xc8\v2.05\pic\sources\c99\common\flneg.c estimated size: 49

C:\Program Files (x86)\Microchip\xc8\v2.05\pic\sources\c99\common\fabsf.c
		_fabsf         		CODE           	7D64	0000	55

C:\Program Files (x86)\Microchip\xc8\v2.05\pic\sources\c99\common\fabsf.c estimated size: 55

C:\Program Files (x86)\Microchip\xc8\v2.05\pic\sources\c99\common\sprcadd.c
		___flsub       		CODE           	7C9E	0000	73
		___fladd       		CODE           	65E0	0000	783

C:\Program Files (x86)\Microchip\xc8\v2.05\pic\sources\c99\common\sprcadd.c estimated size: 856

