Microchip MPLAB XC8 Compiler V2.05 ()

Linker command line:

-W-3 --edf=C:\Program Files (x86)\Microchip\xc8\v2.05\pic\dat\en_msgs.txt \
  -cs -h+dist/default/production\I2C_Slave_P1.X.production.sym \
  --cmf=dist/default/production\I2C_Slave_P1.X.production.cmf -z -Q18F4550 \
  -oC:\Users\Emmanuel\AppData\Local\Temp\s3is.2 --defsym=__MPLAB_BUILD=1 \
  -Mdist/default/production/I2C_Slave_P1.X.production.map -E1 -ver=XC8 \
  --acfsm=1493 -ASTACK=060h-07FFh -pstack=STACK -ACODE=00h-07FFFh \
  -ACONST=00h-07FFFh -ASMALLCONST=0800h-08FFhx120 \
  -AMEDIUMCONST=0800h-07FFFh -ACOMRAM=01h-05Fh -AABS1=00h-07FFh \
  -ABIGRAM=01h-07FFh -ARAM=060h-0FFh,0100h-01FFhx7 -ABANK0=060h-0FFh \
  -ABANK1=0100h-01FFh -ABANK2=0200h-02FFh -ABANK3=0300h-03FFh \
  -ABANK4=0400h-04FFh -ABANK5=0500h-05FFh -ABANK6=0600h-06FFh \
  -ABANK7=0700h-07FFh -ASFR=0F60h-0FFFh \
  -preset_vec=00h,intcode,intcodelo,powerup,init -pramtop=0800h \
  -psmallconst=SMALLCONST -pmediumconst=MEDIUMCONST -pconst=CONST \
  -AFARRAM=00h-00h -ACONFIG=0300000h-030000Dh -pconfig=CONFIG \
  -AIDLOC=0200000h-0200007h -pidloc=IDLOC -AEEDATA=0F00000h-0F000FFh \
  -peeprom_data=EEDATA \
  -prdata=COMRAM,nvrram=COMRAM,nvbit=COMRAM,rbss=COMRAM,rbit=COMRAM \
  -pfarbss=FARRAM,fardata=FARRAM,nvFARRAM=FARRAM \
  -pintsave_regs=BIGRAM,bigbss=BIGRAM,bigdata=BIGRAM -pbss=RAM \
  -pidata=CODE,irdata=CODE,ibigdata=CODE,ifardata=CODE -prparam=COMRAM \
  C:\Users\Emmanuel\AppData\Local\Temp\s3is.o \
  dist/default/production\I2C_Slave_P1.X.production.o 

Object code version is 3.11

Machine type is 18F4550

Call graph: (short form)




                Name                               Link     Load   Length Selector   Space Scale
C:\Users\Emmanuel\AppData\Local\Temp\s3is.o
                init                                  0        0        4        0       0
                idloc                            200000   200000        8   200000       0
                config                           300000   300000        E   300000       0
dist/default/production\I2C_Slave_P1.X.production.o
                mediumconst                        7EEC     7EEC      114     3F76       0
                text13                             7474     7474       82     3A3A       0
                text12                             73A4     73A4       5A     39D2       0
                text11                             732C     732C       12     3996       0
                text10                             7904     7904      140     3C82       0
                text9                              7354     7354       50     39AA       0
                text8                              7312     7312        8     3989       0
                text7                              731A     731A        8     398D       0
                text6                              7322     7322        A     3991       0
                text5                              76C2     76C2      11E     3B61       0
                text4                              75B0     75B0      112     3AD8       0
                text3                              77E0     77E0      124     3BF0       0
                text2                              73FE     73FE       76     39FF       0
                text1                              74F6     74F6       BA     3A7B       0
                text0                              7A44     7A44      4A8     3D22       0
                cstackCOMRAM                         33       33       22        1       1
                bssCOMRAM                             1        1       32        1       1
                cinit                              733E     733E       16     399F       0

TOTAL           Name                               Link     Load   Length     Space
        CLASS   STACK          

        CLASS   CODE           
                init                                  0        0        4         0
                text13                             7474     7474       82         0
                text12                             73A4     73A4       5A         0
                text11                             732C     732C       12         0
                text10                             7904     7904      140         0
                text9                              7354     7354       50         0
                text8                              7312     7312        8         0
                text7                              731A     731A        8         0
                text6                              7322     7322        A         0
                text5                              76C2     76C2      11E         0
                text4                              75B0     75B0      112         0
                text3                              77E0     77E0      124         0
                text2                              73FE     73FE       76         0
                text1                              74F6     74F6       BA         0
                text0                              7A44     7A44      4A8         0
                cinit                              733E     733E       16         0

        CLASS   CONST          

        CLASS   SMALLCONST     

        CLASS   MEDIUMCONST    
                mediumconst                        7EEC     7EEC      114         0

        CLASS   COMRAM         
                cstackCOMRAM                         33       33       22         1
                bssCOMRAM                             1        1       32         1

        CLASS   ABS1           

        CLASS   BIGRAM         

        CLASS   RAM            

        CLASS   BANK0          

        CLASS   BANK1          

        CLASS   BANK2          

        CLASS   BANK3          

        CLASS   BANK4          

        CLASS   BANK5          

        CLASS   BANK6          

        CLASS   BANK7          

        CLASS   SFR            

        CLASS   FARRAM         

        CLASS   CONFIG         
                config                           300000   300000        E         0

        CLASS   IDLOC          
                idloc                            200000   200000        8         0

        CLASS   EEDATA         



SEGMENTS        Name                           Load    Length   Top    Selector   Space  Class

                reset_vec                      000000  000004  000004         0       0  CODE    
                bssCOMRAM                      000001  000054  000055         1       1  COMRAM  
                text8                          007312  000008  00731A      3989       0  CODE    
                text7                          00731A  000008  007322      398D       0  CODE    
                text6                          007322  00000A  00732C      3991       0  CODE    
                text11                         00732C  000012  00733E      3996       0  CODE    
                cinit                          00733E  000016  007354      399F       0  CODE    
                text9                          007354  000050  0073A4      39AA       0  CODE    
                text12                         0073A4  00005A  0073FE      39D2       0  CODE    
                text2                          0073FE  000076  007474      39FF       0  CODE    
                text13                         007474  000082  0074F6      3A3A       0  CODE    
                text1                          0074F6  0000BA  0075B0      3A7B       0  CODE    
                text4                          0075B0  000112  0076C2      3AD8       0  CODE    
                text5                          0076C2  00011E  0077E0      3B61       0  CODE    
                text3                          0077E0  000124  007904      3BF0       0  CODE    
                text10                         007904  000140  007A44      3C82       0  CODE    
                text0                          007A44  0004A8  007EEC      3D22       0  CODE    
                mediumconst                    007EEC  000114  008000      3F76       0  MEDIUMCO
                idloc                          200000  000008  200008    200000       0  IDLOC   
                config                         300000  00000E  30000E    300000       0  CONFIG  


UNUSED ADDRESS RANGES

        Name                Unused          Largest block    Delta
        BANK0            000060-0000FF               A0
        BANK1            000100-0001FF              100
        BANK2            000200-0002FF              100
        BANK3            000300-0003FF              100
        BANK4            000400-0004FF              100
        BANK5            000500-0005FF              100
        BANK6            000600-0006FF              100
        BANK7            000700-0007FF              100
        BIGRAM           000055-0007FF              7AB
        CODE             000004-007311             730E
        COMRAM           000055-00005F                B
        CONST            000004-007311             730E
        EEDATA           F00000-F000FF              100
        MEDIUMCONST      000800-007311             6B12
        RAM              000060-0007FF              100
        SFR              000F60-000FFF               A0
        SMALLCONST       000800-007311              100
        STACK            000060-0007FF              7A0

                                  Symbol Table

?_I2C_Master_Read          cstackCOMRAM 000041
?___fltol                  cstackCOMRAM 000049
?___lldiv                  cstackCOMRAM 000033
?___xxtofl                 cstackCOMRAM 000033
I2C_Master_Init@c          cstackCOMRAM 000040
I2C_Master_Read@a          cstackCOMRAM 000041
I2C_Master_Read@temp       cstackCOMRAM 000045
I2C_Master_Write@d         cstackCOMRAM 000034
Lcd_Chr_CP@data            cstackCOMRAM 000035
Lcd_Cmd@data               cstackCOMRAM 000035
Lcd_Init@data              cstackCOMRAM 000037
Lcd_Out@buffer             cstackCOMRAM 000037
Lcd_Out@data               cstackCOMRAM 00003C
Lcd_Out@x                  cstackCOMRAM 000036
Lcd_Out@y                  cstackCOMRAM 00003B
_ACKDT                     (abs)        007E2D
_ACKEN                     (abs)        007E2C
_ADCON1                    (abs)        000FC1
_I2C_Master_Init           text12       0073A4
_I2C_Master_Read           text9        007354
_I2C_Master_Start          text8        007312
_I2C_Master_Stop           text7        00731A
_I2C_Master_Wait           text11       00732C
_I2C_Master_Write          text6        007322
_LATCbits                  (abs)        000F8B
_LATEbits                  (abs)        000F8D
_Lcd_Chr_CP                text3        0077E0
_Lcd_Cmd                   text5        0076C2
_Lcd_Init                  text4        0075B0
_Lcd_Out                   text2        0073FE
_PEN                       (abs)        007E2A
_PORTBbits                 (abs)        000F81
_PORTDbits                 (abs)        000F83
_PORTEbits                 (abs)        000F84
_Ptr_Entrada               bssCOMRAM    000009
_Ptr_pago                  bssCOMRAM    00000B
_RCEN                      (abs)        007E2B
_RSEN                      (abs)        007E29
_SEN                       (abs)        007E28
_SSPADD                    (abs)        000FC8
_SSPBUF                    (abs)        000FC9
_SSPCON1                   (abs)        000FC6
_SSPCON2                   (abs)        000FC5
_SSPSTAT                   (abs)        000FC7
_TRISBbits                 (abs)        000F93
_TRISCbits                 (abs)        000F94
_TRISDbits                 (abs)        000F95
_TRISEbits                 (abs)        000F96
__CFG_BOR$OFF              (abs)        000000
__CFG_BORV$3               (abs)        000000
__CFG_CCP2MX$OFF           (abs)        000000
__CFG_CP0$OFF              (abs)        000000
__CFG_CP1$OFF              (abs)        000000
__CFG_CP2$OFF              (abs)        000000
__CFG_CP3$OFF              (abs)        000000
__CFG_CPB$OFF              (abs)        000000
__CFG_CPD$OFF              (abs)        000000
__CFG_CPUDIV$OSC1_PLL2     (abs)        000000
__CFG_EBTR0$OFF            (abs)        000000
__CFG_EBTR1$OFF            (abs)        000000
__CFG_EBTR2$OFF            (abs)        000000
__CFG_EBTR3$OFF            (abs)        000000
__CFG_EBTRB$OFF            (abs)        000000
__CFG_FCMEN$OFF            (abs)        000000
__CFG_FOSC$HS              (abs)        000000
__CFG_ICPRT$OFF            (abs)        000000
__CFG_IESO$OFF             (abs)        000000
__CFG_LPT1OSC$ON           (abs)        000000
__CFG_LVP$OFF              (abs)        000000
__CFG_MCLRE$ON             (abs)        000000
__CFG_PBADEN$OFF           (abs)        000000
__CFG_PLLDIV$1             (abs)        000000
__CFG_PWRT$ON              (abs)        000000
__CFG_STVREN$ON            (abs)        000000
__CFG_USBDIV$1             (abs)        000000
__CFG_VREGEN$OFF           (abs)        000000
__CFG_WDT$OFF              (abs)        000000
__CFG_WDTPS$32768          (abs)        000000
__CFG_WRT0$OFF             (abs)        000000
__CFG_WRT1$OFF             (abs)        000000
__CFG_WRT2$OFF             (abs)        000000
__CFG_WRT3$OFF             (abs)        000000
__CFG_WRTB$OFF             (abs)        000000
__CFG_WRTC$OFF             (abs)        000000
__CFG_WRTD$OFF             (abs)        000000
__CFG_XINST$OFF            (abs)        000000
__HRAM                     (abs)        000000
__Habs1                    abs1         000000
__Hbank0                   bank0        000000
__Hbank1                   bank1        000000
__Hbank2                   bank2        000000
__Hbank3                   bank3        000000
__Hbank4                   bank4        000000
__Hbank5                   bank5        000000
__Hbank6                   bank6        000000
__Hbank7                   bank7        000000
__Hbigbss                  bigbss       000000
__Hbigdata                 bigdata      000000
__Hbigram                  bigram       000000
__Hbss                     bss          000000
__HbssCOMRAM               bssCOMRAM    000000
__Hcinit                   cinit        000000
__Hclrtext                 clrtext      000000
__Hcomram                  comram       000000
__Hconfig                  config       30000E
__Hconst                   const        000000
__HcstackCOMRAM            cstackCOMRAM 000000
__Hdata                    data         000000
__Heeprom_data             eeprom_data  000000
__Hfarbss                  farbss       000000
__Hfardata                 fardata      000000
__Hibigdata                ibigdata     000000
__Hidata                   idata        000000
__Hidloc                   idloc        200008
__Hifardata                ifardata     000000
__Hinit                    init         000004
__Hintcode                 intcode      000000
__Hintcode_body            intcode_body 000000
__Hintcodelo               intcodelo    000000
__Hintentry                intentry     000000
__Hintret                  intret       000000
__Hintsave_regs            intsave_regs 000000
__Hirdata                  irdata       000000
__Hmediumconst             mediumconst  008000
__HnvFARRAM                nvFARRAM     000000
__Hnvbit                   nvbit        000000
__Hnvrram                  nvrram       000000
__Hparam                   rparam       000000
__Hpowerup                 powerup      000000
__Hram                     ram          000000
__Hramtop                  ramtop       000800
__Hrbit                    rbit         000000
__Hrbss                    rbss         000000
__Hrdata                   rdata        000000
__Hreset_vec               reset_vec    000000
__Hrparam                  rparam       000000
__Hsfr                     sfr          000000
__Hsmallconst              smallconst   000000
__Hspace_0                 (abs)        30000E
__Hspace_1                 (abs)        000055
__Hspace_2                 (abs)        000000
__Hstack                   stack        000000
__Hstruct                  struct       000000
__Htemp                    temp         000000
__Htext                    text         000000
__Htext0                   text0        000000
__Htext1                   text1        000000
__Htext10                  text10       000000
__Htext11                  text11       000000
__Htext12                  text12       000000
__Htext13                  text13       000000
__Htext2                   text2        000000
__Htext3                   text3        000000
__Htext4                   text4        000000
__Htext5                   text5        000000
__Htext6                   text6        000000
__Htext7                   text7        000000
__Htext8                   text8        000000
__Htext9                   text9        000000
__LRAM                     (abs)        000001
__Labs1                    abs1         000000
__Lbank0                   bank0        000000
__Lbank1                   bank1        000000
__Lbank2                   bank2        000000
__Lbank3                   bank3        000000
__Lbank4                   bank4        000000
__Lbank5                   bank5        000000
__Lbank6                   bank6        000000
__Lbank7                   bank7        000000
__Lbigbss                  bigbss       000000
__Lbigdata                 bigdata      000000
__Lbigram                  bigram       000000
__Lbss                     bss          000000
__LbssCOMRAM               bssCOMRAM    000000
__Lcinit                   cinit        000000
__Lclrtext                 clrtext      000000
__Lcomram                  comram       000000
__Lconfig                  config       300000
__Lconst                   const        000000
__LcstackCOMRAM            cstackCOMRAM 000000
__Ldata                    data         000000
__Leeprom_data             eeprom_data  000000
__Lfarbss                  farbss       000000
__Lfardata                 fardata      000000
__Libigdata                ibigdata     000000
__Lidata                   idata        000000
__Lidloc                   idloc        200000
__Lifardata                ifardata     000000
__Linit                    init         000000
__Lintcode                 intcode      000000
__Lintcode_body            intcode_body 000000
__Lintcodelo               intcodelo    000000
__Lintentry                intentry     000000
__Lintret                  intret       000000
__Lintsave_regs            intsave_regs 000000
__Lirdata                  irdata       000000
__Lmediumconst             mediumconst  007EEC
__LnvFARRAM                nvFARRAM     000000
__Lnvbit                   nvbit        000000
__Lnvrram                  nvrram       000000
__Lparam                   rparam       000000
__Lpowerup                 powerup      000000
__Lram                     ram          000000
__Lramtop                  ramtop       000800
__Lrbit                    rbit         000000
__Lrbss                    rbss         000000
__Lrdata                   rdata        000000
__Lreset_vec               reset_vec    000000
__Lrparam                  rparam       000000
__Lsfr                     sfr          000000
__Lsmallconst              smallconst   000000
__Lspace_0                 (abs)        000000
__Lspace_1                 (abs)        000000
__Lspace_2                 (abs)        000000
__Lstack                   stack        000000
__Lstruct                  struct       000000
__Ltemp                    temp         000000
__Ltext                    text         000000
__Ltext0                   text0        000000
__Ltext1                   text1        000000
__Ltext10                  text10       000000
__Ltext11                  text11       000000
__Ltext12                  text12       000000
__Ltext13                  text13       000000
__Ltext2                   text2        000000
__Ltext3                   text3        000000
__Ltext4                   text4        000000
__Ltext5                   text5        000000
__Ltext6                   text6        000000
__Ltext7                   text7        000000
__Ltext8                   text8        000000
__Ltext9                   text9        000000
__S0                       (abs)        30000E
__S1                       (abs)        000055
__S2                       (abs)        000000
___fltol                   text1        0074F6
___fltol@exp1              cstackCOMRAM 000052
___fltol@f1                cstackCOMRAM 000049
___fltol@sign1             cstackCOMRAM 000051
___inthi_sp                stack        000000
___intlo_sp                stack        000000
___lldiv                   text13       007474
___lldiv@counter           cstackCOMRAM 00003F
___lldiv@dividend          cstackCOMRAM 000033
___lldiv@divisor           cstackCOMRAM 000037
___lldiv@quotient          cstackCOMRAM 00003B
___param_bank              (abs)        000000
___rparam_used             (abs)        000001
___sp                      stack        000000
___xxtofl                  text10       007904
___xxtofl@arg              cstackCOMRAM 00003D
___xxtofl@exp              cstackCOMRAM 00003C
___xxtofl@sign             cstackCOMRAM 00003B
___xxtofl@val              cstackCOMRAM 000033
__accesstop                (abs)        000060
__activetblptr             (abs)        000002
__end_of_I2C_Master_Init   text12       0073FE
__end_of_I2C_Master_Read   text9        0073A4
__end_of_I2C_Master_Start  text8        00731A
__end_of_I2C_Master_Stop   text7        007322
__end_of_I2C_Master_Wait   text11       00733E
__end_of_I2C_Master_Write  text6        00732C
__end_of_Lcd_Chr_CP        text3        007904
__end_of_Lcd_Cmd           text5        0077E0
__end_of_Lcd_Init          text4        0076C2
__end_of_Lcd_Out           text2        007474
__end_of___fltol           text1        0075B0
__end_of___lldiv           text13       0074F6
__end_of___xxtofl          text10       007A44
__end_of__initialization   cinit        00734A
__end_of_main              text0        007EEC
__initialization           cinit        00733E
__mediumconst              mediumconst  007EEC
__pbssCOMRAM               bssCOMRAM    000001
__pcinit                   cinit        00733E
__pcstackCOMRAM            cstackCOMRAM 000033
__pmediumconst             mediumconst  007EEC
__ptext0                   text0        007A44
__ptext1                   text1        0074F6
__ptext10                  text10       007904
__ptext11                  text11       00732C
__ptext12                  text12       0073A4
__ptext13                  text13       007474
__ptext2                   text2        0073FE
__ptext3                   text3        0077E0
__ptext4                   text4        0075B0
__ptext5                   text5        0076C2
__ptext6                   text6        007322
__ptext7                   text7        00731A
__ptext8                   text8        007312
__ptext9                   text9        007354
__ramtop                   ramtop       000800
__size_of_I2C_Master_Init  (abs)        000000
__size_of_I2C_Master_Read  (abs)        000000
__size_of_I2C_Master_Start (abs)        000000
__size_of_I2C_Master_Stop  (abs)        000000
__size_of_I2C_Master_Wait  (abs)        000000
__size_of_I2C_Master_Write (abs)        000000
__size_of_Lcd_Chr_CP       (abs)        000000
__size_of_Lcd_Cmd          (abs)        000000
__size_of_Lcd_Init         (abs)        000000
__size_of_Lcd_Out          (abs)        000000
__size_of___fltol          (abs)        000000
__size_of___lldiv          (abs)        000000
__size_of___xxtofl         (abs)        000000
__size_of_main             (abs)        000000
__smallconst               smallconst   000000
_input                     bssCOMRAM    000011
_main                      text0        007A44
_output                    bssCOMRAM    00000F
_temp                      bssCOMRAM    00000D
end_of_initialization      cinit        00734A
intlevel0                  text         000000
intlevel1                  text         000000
intlevel2                  text         000000
intlevel3                  text         000000
stackhi                    (abs)        0007FF
stacklo                    (abs)        000060
start                      init         000000
start_initialization       cinit        00733E


FUNCTION INFORMATION:

 *************** function _main *****************
 Defined at:
		line 17 in file "I2C_Slave_P1.c"
 Parameters:    Size  Location     Type
		None
 Auto vars:     Size  Location     Type
		None
 Return value:  Size  Location     Type
                  1    wreg      void 
 Registers used:
		wreg, status,2, status,0, tblptrl, tblptrh, tblptru, cstack
 Tracked objects:
		On entry : 
		On exit  : 
		Unchanged: 
 Data sizes:     COMRAM   BANK0   BANK1   BANK2   BANK3   BANK4   BANK5   BANK6   BANK7
      Params:         0       0       0       0       0       0       0       0       0
      Locals:         0       0       0       0       0       0       0       0       0
      Temps:          2       0       0       0       0       0       0       0       0
      Totals:         2       0       0       0       0       0       0       0       0
Total ram usage:        2 bytes
 Hardware stack levels required when called:    2
 This function calls:
		_I2C_Master_Init
		_I2C_Master_Read
		_I2C_Master_Start
		_I2C_Master_Stop
		_I2C_Master_Write
		_Lcd_Cmd
		_Lcd_Init
		_Lcd_Out
		___fltol
 This function is called by:
		Startup code after reset
 This function uses a non-reentrant model


 *************** function ___fltol *****************
 Defined at:
		line 43 in file "C:\Program Files (x86)\Microchip\xc8\v2.05\pic\sources\c99\common\fltol.c"
 Parameters:    Size  Location     Type
  f1              4   22[COMRAM] void 
 Auto vars:     Size  Location     Type
  exp1            1   31[COMRAM] unsigned char 
  sign1           1   30[COMRAM] unsigned char 
 Return value:  Size  Location     Type
                  4   22[COMRAM] long 
 Registers used:
		wreg, status,2, status,0
 Tracked objects:
		On entry : 
		On exit  : 
		Unchanged: 
 Data sizes:     COMRAM   BANK0   BANK1   BANK2   BANK3   BANK4   BANK5   BANK6   BANK7
      Params:         4       0       0       0       0       0       0       0       0
      Locals:         2       0       0       0       0       0       0       0       0
      Temps:          4       0       0       0       0       0       0       0       0
      Totals:        10       0       0       0       0       0       0       0       0
Total ram usage:       10 bytes
 Hardware stack levels used:    1
 This function calls:
		Nothing
 This function is called by:
		_main
		_Adquisicion_Pago
 This function uses a non-reentrant model


 *************** function _Lcd_Out *****************
 Defined at:
		line 94 in file "./flex_lcd.h"
 Parameters:    Size  Location     Type
  y               1    wreg     unsigned char 
  x               1    3[COMRAM] unsigned char 
  buffer          2    4[COMRAM] PTR const unsigned char 
		 -> STR_20(12), STR_19(13), STR_18(12), STR_17(12), 
		 -> STR_16(12), STR_15(14), STR_14(8), STR_13(15), 
		 -> STR_12(6), STR_11(15), STR_10(16), STR_9(15), 
		 -> STR_8(14), STR_7(17), STR_6(17), STR_5(17), 
		 -> STR_4(8), STR_3(16), STR_2(15), STR_1(15), 
 Auto vars:     Size  Location     Type
  y               1    8[COMRAM] unsigned char 
  data            1    9[COMRAM] unsigned char 
 Return value:  Size  Location     Type
                  1    wreg      void 
 Registers used:
		wreg, status,2, status,0, tblptrl, tblptrh, tblptru, cstack
 Tracked objects:
		On entry : 
		On exit  : 
		Unchanged: 
 Data sizes:     COMRAM   BANK0   BANK1   BANK2   BANK3   BANK4   BANK5   BANK6   BANK7
      Params:         3       0       0       0       0       0       0       0       0
      Locals:         2       0       0       0       0       0       0       0       0
      Temps:          2       0       0       0       0       0       0       0       0
      Totals:         7       0       0       0       0       0       0       0       0
Total ram usage:        7 bytes
 Hardware stack levels used:    1
 Hardware stack levels required when called:    1
 This function calls:
		_Lcd_Chr_CP
		_Lcd_Cmd
 This function is called by:
		_main
 This function uses a non-reentrant model


 *************** function _Lcd_Chr_CP *****************
 Defined at:
		line 136 in file "./flex_lcd.h"
 Parameters:    Size  Location     Type
  data            1    wreg     unsigned char 
 Auto vars:     Size  Location     Type
  data            1    2[COMRAM] unsigned char 
 Return value:  Size  Location     Type
                  1    wreg      void 
 Registers used:
		wreg, status,2, status,0
 Tracked objects:
		On entry : 
		On exit  : 
		Unchanged: 
 Data sizes:     COMRAM   BANK0   BANK1   BANK2   BANK3   BANK4   BANK5   BANK6   BANK7
      Params:         0       0       0       0       0       0       0       0       0
      Locals:         1       0       0       0       0       0       0       0       0
      Temps:          2       0       0       0       0       0       0       0       0
      Totals:         3       0       0       0       0       0       0       0       0
Total ram usage:        3 bytes
 Hardware stack levels used:    1
 This function calls:
		Nothing
 This function is called by:
		_Lcd_Out
		_Lcd_Out2
 This function uses a non-reentrant model


 *************** function _Lcd_Init *****************
 Defined at:
		line 52 in file "./flex_lcd.h"
 Parameters:    Size  Location     Type
		None
 Auto vars:     Size  Location     Type
  data            1    4[COMRAM] unsigned char 
 Return value:  Size  Location     Type
                  1    wreg      void 
 Registers used:
		wreg, status,2, status,0, cstack
 Tracked objects:
		On entry : 
		On exit  : 
		Unchanged: 
 Data sizes:     COMRAM   BANK0   BANK1   BANK2   BANK3   BANK4   BANK5   BANK6   BANK7
      Params:         0       0       0       0       0       0       0       0       0
      Locals:         1       0       0       0       0       0       0       0       0
      Temps:          1       0       0       0       0       0       0       0       0
      Totals:         2       0       0       0       0       0       0       0       0
Total ram usage:        2 bytes
 Hardware stack levels used:    1
 Hardware stack levels required when called:    1
 This function calls:
		_Lcd_Cmd
 This function is called by:
		_main
 This function uses a non-reentrant model


 *************** function _Lcd_Cmd *****************
 Defined at:
		line 150 in file "./flex_lcd.h"
 Parameters:    Size  Location     Type
  data            1    wreg     unsigned char 
 Auto vars:     Size  Location     Type
  data            1    2[COMRAM] unsigned char 
 Return value:  Size  Location     Type
                  1    wreg      void 
 Registers used:
		wreg, status,2, status,0
 Tracked objects:
		On entry : 
		On exit  : 
		Unchanged: 
 Data sizes:     COMRAM   BANK0   BANK1   BANK2   BANK3   BANK4   BANK5   BANK6   BANK7
      Params:         0       0       0       0       0       0       0       0       0
      Locals:         1       0       0       0       0       0       0       0       0
      Temps:          2       0       0       0       0       0       0       0       0
      Totals:         3       0       0       0       0       0       0       0       0
Total ram usage:        3 bytes
 Hardware stack levels used:    1
 This function calls:
		Nothing
 This function is called by:
		_Lcd_Init
		_Lcd_Out
		_main
		_Lcd_Out2
 This function uses a non-reentrant model


 *************** function _I2C_Master_Write *****************
 Defined at:
		line 35 in file "./I2C_Master.h"
 Parameters:    Size  Location     Type
  d               2    1[COMRAM] unsigned int 
 Auto vars:     Size  Location     Type
		None
 Return value:  Size  Location     Type
                  1    wreg      void 
 Registers used:
		wreg, status,2, status,0, cstack
 Tracked objects:
		On entry : 
		On exit  : 
		Unchanged: 
 Data sizes:     COMRAM   BANK0   BANK1   BANK2   BANK3   BANK4   BANK5   BANK6   BANK7
      Params:         2       0       0       0       0       0       0       0       0
      Locals:         0       0       0       0       0       0       0       0       0
      Temps:          0       0       0       0       0       0       0       0       0
      Totals:         2       0       0       0       0       0       0       0       0
Total ram usage:        2 bytes
 Hardware stack levels used:    1
 Hardware stack levels required when called:    1
 This function calls:
		_I2C_Master_Wait
 This function is called by:
		_main
		_Adquisicion_Pago
 This function uses a non-reentrant model


 *************** function _I2C_Master_Stop *****************
 Defined at:
		line 29 in file "./I2C_Master.h"
 Parameters:    Size  Location     Type
		None
 Auto vars:     Size  Location     Type
		None
 Return value:  Size  Location     Type
                  1    wreg      void 
 Registers used:
		wreg, status,2, status,0, cstack
 Tracked objects:
		On entry : 
		On exit  : 
		Unchanged: 
 Data sizes:     COMRAM   BANK0   BANK1   BANK2   BANK3   BANK4   BANK5   BANK6   BANK7
      Params:         0       0       0       0       0       0       0       0       0
      Locals:         0       0       0       0       0       0       0       0       0
      Temps:          0       0       0       0       0       0       0       0       0
      Totals:         0       0       0       0       0       0       0       0       0
Total ram usage:        0 bytes
 Hardware stack levels used:    1
 Hardware stack levels required when called:    1
 This function calls:
		_I2C_Master_Wait
 This function is called by:
		_main
		_Adquisicion_Pago
 This function uses a non-reentrant model


 *************** function _I2C_Master_Start *****************
 Defined at:
		line 17 in file "./I2C_Master.h"
 Parameters:    Size  Location     Type
		None
 Auto vars:     Size  Location     Type
		None
 Return value:  Size  Location     Type
                  1    wreg      void 
 Registers used:
		wreg, status,2, status,0, cstack
 Tracked objects:
		On entry : 
		On exit  : 
		Unchanged: 
 Data sizes:     COMRAM   BANK0   BANK1   BANK2   BANK3   BANK4   BANK5   BANK6   BANK7
      Params:         0       0       0       0       0       0       0       0       0
      Locals:         0       0       0       0       0       0       0       0       0
      Temps:          0       0       0       0       0       0       0       0       0
      Totals:         0       0       0       0       0       0       0       0       0
Total ram usage:        0 bytes
 Hardware stack levels used:    1
 Hardware stack levels required when called:    1
 This function calls:
		_I2C_Master_Wait
 This function is called by:
		_main
		_Adquisicion_Pago
 This function uses a non-reentrant model


 *************** function _I2C_Master_Read *****************
 Defined at:
		line 41 in file "./I2C_Master.h"
 Parameters:    Size  Location     Type
  a               2   14[COMRAM] unsigned short 
 Auto vars:     Size  Location     Type
  temp            4   18[COMRAM] float 
 Return value:  Size  Location     Type
                  4   14[COMRAM] float 
 Registers used:
		wreg, status,2, status,0, cstack
 Tracked objects:
		On entry : 
		On exit  : 
		Unchanged: 
 Data sizes:     COMRAM   BANK0   BANK1   BANK2   BANK3   BANK4   BANK5   BANK6   BANK7
      Params:         4       0       0       0       0       0       0       0       0
      Locals:         4       0       0       0       0       0       0       0       0
      Temps:          0       0       0       0       0       0       0       0       0
      Totals:         8       0       0       0       0       0       0       0       0
Total ram usage:        8 bytes
 Hardware stack levels used:    1
 Hardware stack levels required when called:    1
 This function calls:
		_I2C_Master_Wait
		___xxtofl
 This function is called by:
		_main
		_Adquisicion_Pago
 This function uses a non-reentrant model


 *************** function ___xxtofl *****************
 Defined at:
		line 10 in file "C:\Program Files (x86)\Microchip\xc8\v2.05\pic\sources\c99\common\xxtofl.c"
 Parameters:    Size  Location     Type
  sign            1    wreg     unsigned char 
  val             4    0[COMRAM] long 
 Auto vars:     Size  Location     Type
  sign            1    8[COMRAM] unsigned char 
  arg             4   10[COMRAM] unsigned long 
  exp             1    9[COMRAM] unsigned char 
 Return value:  Size  Location     Type
                  4    0[COMRAM] unsigned char 
 Registers used:
		wreg, status,2, status,0
 Tracked objects:
		On entry : 
		On exit  : 
		Unchanged: 
 Data sizes:     COMRAM   BANK0   BANK1   BANK2   BANK3   BANK4   BANK5   BANK6   BANK7
      Params:         4       0       0       0       0       0       0       0       0
      Locals:         6       0       0       0       0       0       0       0       0
      Temps:          4       0       0       0       0       0       0       0       0
      Totals:        14       0       0       0       0       0       0       0       0
Total ram usage:       14 bytes
 Hardware stack levels used:    1
 This function calls:
		Nothing
 This function is called by:
		_I2C_Master_Read
 This function uses a non-reentrant model


 *************** function _I2C_Master_Wait *****************
 Defined at:
		line 12 in file "./I2C_Master.h"
 Parameters:    Size  Location     Type
		None
 Auto vars:     Size  Location     Type
		None
 Return value:  Size  Location     Type
                  1    wreg      void 
 Registers used:
		wreg, status,2, status,0
 Tracked objects:
		On entry : 
		On exit  : 
		Unchanged: 
 Data sizes:     COMRAM   BANK0   BANK1   BANK2   BANK3   BANK4   BANK5   BANK6   BANK7
      Params:         0       0       0       0       0       0       0       0       0
      Locals:         0       0       0       0       0       0       0       0       0
      Temps:          1       0       0       0       0       0       0       0       0
      Totals:         1       0       0       0       0       0       0       0       0
Total ram usage:        1 bytes
 Hardware stack levels used:    1
 This function calls:
		Nothing
 This function is called by:
		_I2C_Master_Start
		_I2C_Master_Stop
		_I2C_Master_Write
		_I2C_Master_Read
		_I2C_Master_RepeatedStart
 This function uses a non-reentrant model


 *************** function _I2C_Master_Init *****************
 Defined at:
		line 4 in file "./I2C_Master.h"
 Parameters:    Size  Location     Type
  c               4   13[COMRAM] const unsigned long 
 Auto vars:     Size  Location     Type
		None
 Return value:  Size  Location     Type
                  1    wreg      void 
 Registers used:
		wreg, status,2, status,0, cstack
 Tracked objects:
		On entry : 
		On exit  : 
		Unchanged: 
 Data sizes:     COMRAM   BANK0   BANK1   BANK2   BANK3   BANK4   BANK5   BANK6   BANK7
      Params:         4       0       0       0       0       0       0       0       0
      Locals:         0       0       0       0       0       0       0       0       0
      Temps:          4       0       0       0       0       0       0       0       0
      Totals:         8       0       0       0       0       0       0       0       0
Total ram usage:        8 bytes
 Hardware stack levels used:    1
 Hardware stack levels required when called:    1
 This function calls:
		___lldiv
 This function is called by:
		_main
 This function uses a non-reentrant model


 *************** function ___lldiv *****************
 Defined at:
		line 7 in file "C:\Program Files (x86)\Microchip\xc8\v2.05\pic\sources\c99\common\__lldiv.c"
 Parameters:    Size  Location     Type
  dividend        4    0[COMRAM] unsigned long 
  divisor         4    4[COMRAM] unsigned long 
 Auto vars:     Size  Location     Type
  quotient        4    8[COMRAM] unsigned long 
  counter         1   12[COMRAM] unsigned char 
 Return value:  Size  Location     Type
                  4    0[COMRAM] unsigned long 
 Registers used:
		wreg, status,2, status,0
 Tracked objects:
		On entry : 
		On exit  : 
		Unchanged: 
 Data sizes:     COMRAM   BANK0   BANK1   BANK2   BANK3   BANK4   BANK5   BANK6   BANK7
      Params:         8       0       0       0       0       0       0       0       0
      Locals:         5       0       0       0       0       0       0       0       0
      Temps:          0       0       0       0       0       0       0       0       0
      Totals:        13       0       0       0       0       0       0       0       0
Total ram usage:       13 bytes
 Hardware stack levels used:    1
 This function calls:
		Nothing
 This function is called by:
		_I2C_Master_Init
 This function uses a non-reentrant model



MODULE INFORMATION

Module		Function		Class		Link	Load	Size
./flex_lcd.h
		_Lcd_Init      		CODE           	75B0	0000	275
		_Lcd_Out       		CODE           	73FE	0000	119
		_Lcd_Chr_CP    		CODE           	77E0	0000	293
		_Lcd_Cmd       		CODE           	76C2	0000	287

./flex_lcd.h estimated size: 974

C:\Program Files (x86)\Microchip\xc8\v2.05\pic\sources\c99\common\xxtofl.c
		___xxtofl      		CODE           	7904	0000	321

C:\Program Files (x86)\Microchip\xc8\v2.05\pic\sources\c99\common\xxtofl.c estimated size: 321

I2C_Slave_P1.c
		_main          		CODE           	7A44	0000	1193

I2C_Slave_P1.c estimated size: 1193

./I2C_Master.h
		_I2C_Master_Read		CODE           	7354	0000	81
		_I2C_Master_Wait		CODE           	732C	0000	19
		_I2C_Master_Init		CODE           	73A4	0000	91
		_I2C_Master_Stop		CODE           	731A	0000	9
		_I2C_Master_Write		CODE           	7322	0000	11
		_I2C_Master_Start		CODE           	7312	0000	9

./I2C_Master.h estimated size: 220

C:\Program Files (x86)\Microchip\xc8\v2.05\pic\sources\c99\common\fltol.c
		___fltol       		CODE           	74F6	0000	187

C:\Program Files (x86)\Microchip\xc8\v2.05\pic\sources\c99\common\fltol.c estimated size: 187

C:\Program Files (x86)\Microchip\xc8\v2.05\pic\sources\c99\common\__lldiv.c
		___lldiv       		CODE           	7474	0000	131

C:\Program Files (x86)\Microchip\xc8\v2.05\pic\sources\c99\common\__lldiv.c estimated size: 131

shared
		__initialization		CODE           	733E	0000	13

shared estimated size: 13

