Microchip MPLAB XC8 Compiler V2.05 ()

Linker command line:

-W-3 --edf=C:\Program Files (x86)\Microchip\xc8\v2.05\pic\dat\en_msgs.txt \
  -cs -h+dist/default/production\I2C_Slave.X.production.sym \
  --cmf=dist/default/production\I2C_Slave.X.production.cmf -z -Q18F4550 \
  -oC:\Users\Emmanuel\AppData\Local\Temp\s93k.2 --defsym=__MPLAB_BUILD=1 \
  -Mdist/default/production/I2C_Slave.X.production.map -E1 -ver=XC8 \
  --acfsm=1493 -ASTACK=01E3h-07FFh -pstack=STACK -ACODE=00h-07FFFh \
  -ACONST=00h-07FFFh -ASMALLCONST=0800h-08FFhx120 \
  -AMEDIUMCONST=0800h-07FFFh -ACOMRAM=01h-05Fh -AABS1=00h-07FFh \
  -ABIGRAM=01h-07FFh -ARAM=060h-0FFh,0100h-01FFhx7 -ABANK0=060h-0FFh \
  -ABANK1=0100h-01FFh -ABANK2=0200h-02FFh -ABANK3=0300h-03FFh \
  -ABANK4=0400h-04FFh -ABANK5=0500h-05FFh -ABANK6=0600h-06FFh \
  -ABANK7=0700h-07FFh -ASFR=0F60h-0FFFh \
  -preset_vec=00h,intcode=08h,intcodelo,powerup,init -pramtop=0800h \
  -psmallconst=SMALLCONST -pmediumconst=MEDIUMCONST -pconst=CONST \
  -AFARRAM=00h-00h -ACONFIG=0300000h-030000Dh -pconfig=CONFIG \
  -AIDLOC=0200000h-0200007h -pidloc=IDLOC -AEEDATA=0F00000h-0F000FFh \
  -peeprom_data=EEDATA \
  -prdata=COMRAM,nvrram=COMRAM,nvbit=COMRAM,rbss=COMRAM,rbit=COMRAM \
  -pfarbss=FARRAM,fardata=FARRAM,nvFARRAM=FARRAM \
  -pintsave_regs=BIGRAM,bigbss=BIGRAM,bigdata=BIGRAM -pbss=RAM \
  -pidata=CODE,irdata=CODE,ibigdata=CODE,ifardata=CODE -prparam=COMRAM \
  C:\Users\Emmanuel\AppData\Local\Temp\s93k.o \
  dist/default/production\I2C_Slave.X.production.o 

Object code version is 3.11

Machine type is 18F4550

Call graph: (short form)




                Name                               Link     Load   Length Selector   Space Scale
C:\Users\Emmanuel\AppData\Local\Temp\s93k.o
                init                                  E        E        4        4       0
                reset_vec                             0        0        4        0       0
                idloc                            200000   200000        8   200000       0
                config                           300000   300000        E   300000       0
dist/default/production\I2C_Slave.X.production.o
                intcode                               8        8        6        4       0
                temp                                 50       50        1        1       1
                smallconst                          800      800       4C      400       0
                text43                             2E4E     2E4E       D0      426       0
                text42                             30A4     30A4       BA      426       0
                text41                             28EA     28EA      140      426       0
                intcode_body                       2374     2374      1A4      426       0
                text39                             1F32     1F32      288      426       0
                text38                             18D4     18D4      352      426       0
                text37                             27AA     27AA      140      426       0
                text36                             2518     2518      152      426       0
                text35                             34BA     34BA       74      426       0
                text34                             3920     3920       1E      426       0
                text33                             2B4E     2B4E      11E      426       0
                text32                             2C6C     2C6C      112      426       0
                text31                             2A2A     2A2A      124      426       0
                text30                             3444     3444       76      426       0
                text29                             359E     359E       70      426       0
                text28                             393E     393E       1C      426       0
                text27                             38FA     38FA       26      426       0
                text26                             3872     3872       30      426       0
                text25                             379A     379A       3E      426       0
                text24                             266A     266A      140      426       0
                text23                             33C0     33C0       84      426       0
                text22                             352E     352E       70      426       0
                text21                             3336     3336       8A      426       0
                text20                             2D7E     2D7E       D0      426       0
                text19                             38A2     38A2       2E      426       0
                text18                             1C26     1C26      30C      426       0
                text17                             3754     3754       46      426       0
                text16                             2FEA     2FEA       BA      426       0
                text15                             2F1E     2F1E       CC      426       0
                text14                             21BA     21BA      1BA      426       0
                text13                             395A     395A        2      426       0
                text12                             3200     3200       A0      426       0
                text11                             37D8     37D8       38      426       0
                text10                             38D0     38D0       2A      426       0
                text9                              32A0     32A0       96      426       0
                text8                              36B6     36B6       52      426       0
                text7                              3842     3842       30      426       0
                text6                              3708     3708       4C      426       0
                text5                               84C      84C      97E      426       0
                text4                              315E     315E       A2      426       0
                text3                              11CA     11CA      3B2      426       0
                text2                              360E     360E       56      426       0
                text1                              3664     3664       52      426       0
                text0                              157C     157C      358      426       0
                cstackCOMRAM                          1        1       43        1       1
                cstackBANK0                          60       60       88       60       1
                bssBANK1                            100      100       E3      100       1
                bssBANK0                             E8       E8       14       60       1
                bssCOMRAM                            44       44        C        1       1
                cinit                              3810     3810       32      426       0

TOTAL           Name                               Link     Load   Length     Space
        CLASS   STACK          

        CLASS   CODE           
                intcode                               8        8        6         0
                init                                  E        E        4         0
                reset_vec                             0        0        4         0
                text43                             2E4E     2E4E       D0         0
                text42                             30A4     30A4       BA         0
                text41                             28EA     28EA      140         0
                intcode_body                       2374     2374      1A4         0
                text39                             1F32     1F32      288         0
                text38                             18D4     18D4      352         0
                text37                             27AA     27AA      140         0
                text36                             2518     2518      152         0
                text35                             34BA     34BA       74         0
                text34                             3920     3920       1E         0
                text33                             2B4E     2B4E      11E         0
                text32                             2C6C     2C6C      112         0
                text31                             2A2A     2A2A      124         0
                text30                             3444     3444       76         0
                text29                             359E     359E       70         0
                text28                             393E     393E       1C         0
                text27                             38FA     38FA       26         0
                text26                             3872     3872       30         0
                text25                             379A     379A       3E         0
                text24                             266A     266A      140         0
                text23                             33C0     33C0       84         0
                text22                             352E     352E       70         0
                text21                             3336     3336       8A         0
                text20                             2D7E     2D7E       D0         0
                text19                             38A2     38A2       2E         0
                text18                             1C26     1C26      30C         0
                text17                             3754     3754       46         0
                text16                             2FEA     2FEA       BA         0
                text15                             2F1E     2F1E       CC         0
                text14                             21BA     21BA      1BA         0
                text13                             395A     395A        2         0
                text12                             3200     3200       A0         0
                text11                             37D8     37D8       38         0
                text10                             38D0     38D0       2A         0
                text9                              32A0     32A0       96         0
                text8                              36B6     36B6       52         0
                text7                              3842     3842       30         0
                text6                              3708     3708       4C         0
                text5                               84C      84C      97E         0
                text4                              315E     315E       A2         0
                text3                              11CA     11CA      3B2         0
                text2                              360E     360E       56         0
                text1                              3664     3664       52         0
                text0                              157C     157C      358         0
                cinit                              3810     3810       32         0

        CLASS   CONST          

        CLASS   SMALLCONST     
                smallconst                          800      800       4C         0

        CLASS   MEDIUMCONST    

        CLASS   COMRAM         
                temp                                 50       50        1         1
                cstackCOMRAM                          1        1       43         1
                bssCOMRAM                            44       44        C         1

        CLASS   ABS1           

        CLASS   BIGRAM         

        CLASS   RAM            

        CLASS   BANK0          
                cstackBANK0                          60       60       88         1
                bssBANK0                             E8       E8       14         1

        CLASS   BANK1          
                bssBANK1                            100      100       E3         1

        CLASS   BANK2          

        CLASS   BANK3          

        CLASS   BANK4          

        CLASS   BANK5          

        CLASS   BANK6          

        CLASS   BANK7          

        CLASS   SFR            

        CLASS   FARRAM         

        CLASS   CONFIG         
                config                           300000   300000        E         0

        CLASS   IDLOC          
                idloc                            200000   200000        8         0

        CLASS   EEDATA         



SEGMENTS        Name                           Load    Length   Top    Selector   Space  Class

                reset_vec                      000000  000004  000004         0       0  CODE    
                cstackCOMRAM                   000001  000050  000051         1       1  COMRAM  
                intcode                        000008  00000A  000012         4       0  CODE    
                cstackBANK0                    000060  00009C  0000FC        60       1  BANK0   
                bssBANK1                       000100  0000E3  0001E3       100       1  BANK1   
                smallconst                     000800  00004C  00084C       400       0  SMALLCON
                text5                          00084C  003110  00395C       426       0  CODE    
                idloc                          200000  000008  200008    200000       0  IDLOC   
                config                         300000  00000E  30000E    300000       0  CONFIG  


UNUSED ADDRESS RANGES

        Name                Unused          Largest block    Delta
        BANK0            0000FC-0000FF                4
        BANK1            0001E3-0001FF               1D
        BANK2            000200-0002FF              100
        BANK3            000300-0003FF              100
        BANK4            000400-0004FF              100
        BANK5            000500-0005FF              100
        BANK6            000600-0006FF              100
        BANK7            000700-0007FF              100
        BIGRAM           000051-00005F                F
                         0000FC-0000FF                4
                         0001E3-0007FF              61D
        CODE             000004-000007                4
                         000012-0007FF              7EE
                         00395C-007FFF             46A4
        COMRAM           000051-00005F                F
        CONST            000004-000007                4
                         000012-0007FF              7EE
                         00395C-007FFF             46A4
        EEDATA           F00000-F000FF              100
        MEDIUMCONST      00395C-007FFF             46A4
        RAM              0000FC-0000FF                4
                         0001E3-0007FF              100
        SFR              000F60-000FFF               A0
        SMALLCONST       00395C-007FFF              100
        STACK            0001E3-0007FF              61D

                                  Symbol Table

?_ADC_Channel            cstackBANK0  000060
?___awdiv                cstackCOMRAM 000010
?___awmod                cstackCOMRAM 000010
?___fladd                cstackCOMRAM 000010
?___fldiv                cstackCOMRAM 000029
?___flmul                cstackCOMRAM 000010
?___flneg                cstackCOMRAM 000010
?___flsub                cstackCOMRAM 000029
?___fltol                cstackCOMRAM 000010
?___fpclassifyf          cstackCOMRAM 000010
?___wmul                 cstackCOMRAM 000010
?___xxtofl               cstackCOMRAM 000010
?_atoi                   cstackCOMRAM 000017
?_efgtoa                 cstackBANK0  000074
?_floorf                 cstackBANK0  000060
?_isdigit                cstackCOMRAM 000010
?_isspace                cstackCOMRAM 000010
?_isupper                cstackCOMRAM 000010
?_pad                    cstackCOMRAM 000020
?_sprintf                cstackBANK0  0000D4
?_strlen                 cstackCOMRAM 000010
?_strncmp                cstackCOMRAM 000010
?_tolower                cstackCOMRAM 000016
?_vfpfcnvrt              cstackBANK0  0000B8
?_vfprintf               cstackBANK0  0000CE
?i2___fltol              cstackCOMRAM 000001
?i2___xxtofl             cstackCOMRAM 000001
ADC_Channel@Puerto       cstackBANK0  000060
ADC_Init@entradas        cstackCOMRAM 000010
ADC_Init@valor           cstackCOMRAM 000014
I2C_Slave_Init@address   cstackCOMRAM 000010
Lcd_Chr_CP@data          cstackCOMRAM 000012
Lcd_Cmd@data             cstackCOMRAM 000012
Lcd_Init@data            cstackCOMRAM 000014
Lcd_Out2@buffer          cstackCOMRAM 000014
Lcd_Out2@data            cstackCOMRAM 000019
Lcd_Out2@x               cstackCOMRAM 000013
Lcd_Out2@y               cstackCOMRAM 000018
Lcd_Out@buffer           cstackCOMRAM 000014
Lcd_Out@data             cstackCOMRAM 000019
Lcd_Out@x                cstackCOMRAM 000013
Lcd_Out@y                cstackCOMRAM 000018
_ADC                     bssBANK1     000130
_ADCON0bits              (abs)        000FC2
_ADCON1bits              (abs)        000FC1
_ADCON2bits              (abs)        000FC0
_ADCS                    bssBANK1     000160
_ADC_Channel             text36       002518
_ADC_Init                text35       0034BA
_ADRES                   (abs)        000FC3
_BF                      (abs)        007E38
_GIE                     (abs)        007F97
_I2C_Slave_Init          text34       003920
_I2C_Slave_Read          intcode      000008
_INTCON2bits             (abs)        000FF1
_INTCON3bits             (abs)        000FF0
_INTCONbits              (abs)        000FF2
_LATA                    (abs)        000F89
_LATCbits                (abs)        000F8B
_LATD                    (abs)        000F8C
_Lcd_Chr_CP              text31       002A2A
_Lcd_Cmd                 text33       002B4E
_Lcd_Init                text32       002C6C
_Lcd_Out                 text30       003444
_Lcd_Out2                text29       00359E
_PEIE                    (abs)        007F96
_PORTDbits               (abs)        000F83
_Prom                    bssBANK1     0001D2
_Promedio                bssBANK0     0000EC
_RCONbits                (abs)        000FD0
_SSPADD                  (abs)        000FC8
_SSPBUF                  (abs)        000FC9
_SSPCON1                 (abs)        000FC6
_SSPCON1bits             (abs)        000FC6
_SSPCON2                 (abs)        000FC5
_SSPIE                   (abs)        007CEB
_SSPIF                   (abs)        007CF3
_SSPM3                   (abs)        007E33
_SSPSTAT                 (abs)        000FC7
_SSPSTATbits             (abs)        000FC7
_Servo_init              text28       00393E
_T0CONbits               (abs)        000FD5
_TMR0                    (abs)        000FD6
_TRISA                   (abs)        000F92
_TRISBbits               (abs)        000F93
_TRISCbits               (abs)        000F94
_TRISDbits               (abs)        000F95
_Tp                      bssBANK1     000100
__CFG_BOR$OFF            (abs)        000000
__CFG_BORV$3             (abs)        000000
__CFG_CCP2MX$OFF         (abs)        000000
__CFG_CP0$OFF            (abs)        000000
__CFG_CP1$OFF            (abs)        000000
__CFG_CP2$OFF            (abs)        000000
__CFG_CP3$OFF            (abs)        000000
__CFG_CPB$OFF            (abs)        000000
__CFG_CPD$OFF            (abs)        000000
__CFG_CPUDIV$OSC1_PLL2   (abs)        000000
__CFG_EBTR0$OFF          (abs)        000000
__CFG_EBTR1$OFF          (abs)        000000
__CFG_EBTR2$OFF          (abs)        000000
__CFG_EBTR3$OFF          (abs)        000000
__CFG_EBTRB$OFF          (abs)        000000
__CFG_FCMEN$OFF          (abs)        000000
__CFG_FOSC$HS            (abs)        000000
__CFG_ICPRT$OFF          (abs)        000000
__CFG_IESO$OFF           (abs)        000000
__CFG_LPT1OSC$ON         (abs)        000000
__CFG_LVP$OFF            (abs)        000000
__CFG_MCLRE$ON           (abs)        000000
__CFG_PBADEN$OFF         (abs)        000000
__CFG_PLLDIV$1           (abs)        000000
__CFG_PWRT$ON            (abs)        000000
__CFG_STVREN$ON          (abs)        000000
__CFG_USBDIV$1           (abs)        000000
__CFG_VREGEN$OFF         (abs)        000000
__CFG_WDT$OFF            (abs)        000000
__CFG_WDTPS$32768        (abs)        000000
__CFG_WRT0$OFF           (abs)        000000
__CFG_WRT1$OFF           (abs)        000000
__CFG_WRT2$OFF           (abs)        000000
__CFG_WRT3$OFF           (abs)        000000
__CFG_WRTB$OFF           (abs)        000000
__CFG_WRTC$OFF           (abs)        000000
__CFG_WRTD$OFF           (abs)        000000
__CFG_XINST$OFF          (abs)        000000
__HRAM                   (abs)        000000
__Habs1                  abs1         000000
__Hbank0                 bank0        000000
__Hbank1                 bank1        000000
__Hbank2                 bank2        000000
__Hbank3                 bank3        000000
__Hbank4                 bank4        000000
__Hbank5                 bank5        000000
__Hbank6                 bank6        000000
__Hbank7                 bank7        000000
__Hbigbss                bigbss       000000
__Hbigdata               bigdata      000000
__Hbigram                bigram       000000
__Hbss                   bss          000000
__HbssBANK0              bssBANK0     000000
__HbssBANK1              bssBANK1     000000
__HbssCOMRAM             bssCOMRAM    000000
__Hcinit                 cinit        000000
__Hclrtext               clrtext      000000
__Hcomram                comram       000000
__Hconfig                config       30000E
__Hconst                 const        000000
__HcstackBANK0           cstackBANK0  000000
__HcstackCOMRAM          cstackCOMRAM 000000
__Hdata                  data         000000
__Heeprom_data           eeprom_data  000000
__Hfarbss                farbss       000000
__Hfardata               fardata      000000
__Hibigdata              ibigdata     000000
__Hidata                 idata        000000
__Hidloc                 idloc        200008
__Hifardata              ifardata     000000
__Hinit                  init         000012
__Hintcode               intcode      00000E
__Hintcode_body          intcode_body 000000
__Hintcodelo             intcodelo    00000E
__Hintentry              intentry     000000
__Hintret                intret       000000
__Hintsave_regs          intsave_regs 000000
__Hirdata                irdata       000000
__Hmediumconst           mediumconst  000000
__HnvFARRAM              nvFARRAM     000000
__Hnvbit                 nvbit        000000
__Hnvrram                nvrram       000000
__Hparam                 rparam       000000
__Hpowerup               powerup      00000E
__Hram                   ram          000000
__Hramtop                ramtop       000800
__Hrbit                  rbit         000000
__Hrbss                  rbss         000000
__Hrdata                 rdata        000000
__Hreset_vec             reset_vec    000004
__Hrparam                rparam       000000
__Hsfr                   sfr          000000
__Hsmallconst            smallconst   00084C
__Hspace_0               (abs)        30000E
__Hspace_1               (abs)        0001E3
__Hspace_2               (abs)        000000
__Hstack                 stack        000000
__Hstruct                struct       000000
__Htemp                  temp         000051
__Htext                  text         000000
__Htext0                 text0        000000
__Htext1                 text1        000000
__Htext10                text10       000000
__Htext11                text11       000000
__Htext12                text12       000000
__Htext13                text13       000000
__Htext14                text14       000000
__Htext15                text15       000000
__Htext16                text16       000000
__Htext17                text17       000000
__Htext18                text18       000000
__Htext19                text19       000000
__Htext2                 text2        000000
__Htext20                text20       000000
__Htext21                text21       000000
__Htext22                text22       000000
__Htext23                text23       000000
__Htext24                text24       000000
__Htext25                text25       000000
__Htext26                text26       000000
__Htext27                text27       000000
__Htext28                text28       000000
__Htext29                text29       000000
__Htext3                 text3        000000
__Htext30                text30       000000
__Htext31                text31       000000
__Htext32                text32       000000
__Htext33                text33       000000
__Htext34                text34       000000
__Htext35                text35       000000
__Htext36                text36       000000
__Htext37                text37       000000
__Htext38                text38       000000
__Htext39                text39       000000
__Htext4                 text4        000000
__Htext41                text41       000000
__Htext42                text42       000000
__Htext43                text43       000000
__Htext5                 text5        000000
__Htext6                 text6        000000
__Htext7                 text7        000000
__Htext8                 text8        000000
__Htext9                 text9        000000
__LRAM                   (abs)        000001
__Labs1                  abs1         000000
__Lbank0                 bank0        000000
__Lbank1                 bank1        000000
__Lbank2                 bank2        000000
__Lbank3                 bank3        000000
__Lbank4                 bank4        000000
__Lbank5                 bank5        000000
__Lbank6                 bank6        000000
__Lbank7                 bank7        000000
__Lbigbss                bigbss       000000
__Lbigdata               bigdata      000000
__Lbigram                bigram       000000
__Lbss                   bss          000000
__LbssBANK0              bssBANK0     000000
__LbssBANK1              bssBANK1     000000
__LbssCOMRAM             bssCOMRAM    000000
__Lcinit                 cinit        000000
__Lclrtext               clrtext      000000
__Lcomram                comram       000000
__Lconfig                config       300000
__Lconst                 const        000000
__LcstackBANK0           cstackBANK0  000000
__LcstackCOMRAM          cstackCOMRAM 000000
__Ldata                  data         000000
__Leeprom_data           eeprom_data  000000
__Lfarbss                farbss       000000
__Lfardata               fardata      000000
__Libigdata              ibigdata     000000
__Lidata                 idata        000000
__Lidloc                 idloc        200000
__Lifardata              ifardata     000000
__Linit                  init         00000E
__Lintcode               intcode      000008
__Lintcode_body          intcode_body 000000
__Lintcodelo             intcodelo    00000E
__Lintentry              intentry     000000
__Lintret                intret       000000
__Lintsave_regs          intsave_regs 000000
__Lirdata                irdata       000000
__Lmediumconst           mediumconst  000000
__LnvFARRAM              nvFARRAM     000000
__Lnvbit                 nvbit        000000
__Lnvrram                nvrram       000000
__Lparam                 rparam       000000
__Lpowerup               powerup      00000E
__Lram                   ram          000000
__Lramtop                ramtop       000800
__Lrbit                  rbit         000000
__Lrbss                  rbss         000000
__Lrdata                 rdata        000000
__Lreset_vec             reset_vec    000000
__Lrparam                rparam       000000
__Lsfr                   sfr          000000
__Lsmallconst            smallconst   000800
__Lspace_0               (abs)        000000
__Lspace_1               (abs)        000000
__Lspace_2               (abs)        000000
__Lstack                 stack        000000
__Lstruct                struct       000000
__Ltemp                  temp         000050
__Ltext                  text         000000
__Ltext0                 text0        000000
__Ltext1                 text1        000000
__Ltext10                text10       000000
__Ltext11                text11       000000
__Ltext12                text12       000000
__Ltext13                text13       000000
__Ltext14                text14       000000
__Ltext15                text15       000000
__Ltext16                text16       000000
__Ltext17                text17       000000
__Ltext18                text18       000000
__Ltext19                text19       000000
__Ltext2                 text2        000000
__Ltext20                text20       000000
__Ltext21                text21       000000
__Ltext22                text22       000000
__Ltext23                text23       000000
__Ltext24                text24       000000
__Ltext25                text25       000000
__Ltext26                text26       000000
__Ltext27                text27       000000
__Ltext28                text28       000000
__Ltext29                text29       000000
__Ltext3                 text3        000000
__Ltext30                text30       000000
__Ltext31                text31       000000
__Ltext32                text32       000000
__Ltext33                text33       000000
__Ltext34                text34       000000
__Ltext35                text35       000000
__Ltext36                text36       000000
__Ltext37                text37       000000
__Ltext38                text38       000000
__Ltext39                text39       000000
__Ltext4                 text4        000000
__Ltext41                text41       000000
__Ltext42                text42       000000
__Ltext43                text43       000000
__Ltext5                 text5        000000
__Ltext6                 text6        000000
__Ltext7                 text7        000000
__Ltext8                 text8        000000
__Ltext9                 text9        000000
__S0                     (abs)        30000E
__S1                     (abs)        0001E3
__S2                     (abs)        000000
___awdiv                 text23       0033C0
___awdiv@counter         cstackCOMRAM 000014
___awdiv@dividend        cstackCOMRAM 000010
___awdiv@divisor         cstackCOMRAM 000012
___awdiv@quotient        cstackCOMRAM 000016
___awdiv@sign            cstackCOMRAM 000015
___awmod                 text22       00352E
___awmod@counter         cstackCOMRAM 000014
___awmod@dividend        cstackCOMRAM 000010
___awmod@divisor         cstackCOMRAM 000012
___awmod@sign            cstackCOMRAM 000015
___fladd                 text18       001C26
___fladd@a               cstackCOMRAM 000014
___fladd@aexp            cstackCOMRAM 00001D
___fladd@b               cstackCOMRAM 000010
___fladd@bexp            cstackCOMRAM 00001E
___fladd@grs             cstackCOMRAM 00001F
___fladd@signs           cstackCOMRAM 00001C
___fldiv                 text39       001F32
___fldiv@a               cstackCOMRAM 00002D
___fldiv@aexp            cstackCOMRAM 000041
___fldiv@b               cstackCOMRAM 000029
___fldiv@bexp            cstackCOMRAM 000040
___fldiv@grs             cstackCOMRAM 00003C
___fldiv@new_exp         cstackCOMRAM 00003A
___fldiv@rem             cstackCOMRAM 000035
___fldiv@sign            cstackCOMRAM 000039
___fleq                  text21       003336
___fleq@ff1              cstackCOMRAM 000010
___fleq@ff2              cstackCOMRAM 000014
___flge                  text20       002D7E
___flge@ff1              cstackCOMRAM 000029
___flge@ff2              cstackCOMRAM 00002D
___flmul                 text38       0018D4
___flmul@a               cstackCOMRAM 000014
___flmul@aexp            cstackCOMRAM 00001D
___flmul@b               cstackCOMRAM 000010
___flmul@bexp            cstackCOMRAM 000022
___flmul@grs             cstackCOMRAM 00001E
___flmul@prod            cstackCOMRAM 000023
___flmul@sign            cstackCOMRAM 00001C
___flmul@temp            cstackCOMRAM 000027
___flneg                 text19       0038A2
___flneg@f1              cstackCOMRAM 000010
___flsub                 text17       003754
___flsub@a               cstackCOMRAM 00002D
___flsub@b               cstackCOMRAM 000029
___fltol                 text16       002FEA
___fltol@exp1            cstackCOMRAM 000019
___fltol@f1              cstackCOMRAM 000010
___fltol@sign1           cstackCOMRAM 000018
___fpclassifyf           text15       002F1E
___fpclassifyf@F463      bssCOMRAM    000044
___fpclassifyf@e         cstackCOMRAM 000018
___fpclassifyf@u         cstackCOMRAM 00001A
___fpclassifyf@x         cstackCOMRAM 000010
___inthi_sp              stack        000000
___intlo_sp              stack        000000
___param_bank            (abs)        000000
___rparam_used           (abs)        000001
___sp                    stack        000000
___wmul                  text27       0038FA
___wmul@multiplicand     cstackCOMRAM 000012
___wmul@multiplier       cstackCOMRAM 000010
___wmul@product          cstackCOMRAM 000014
___xxtofl                text37       0027AA
___xxtofl@arg            cstackCOMRAM 00001A
___xxtofl@exp            cstackCOMRAM 000019
___xxtofl@sign           cstackCOMRAM 000018
___xxtofl@val            cstackCOMRAM 000010
__accesstop              (abs)        000060
__activetblptr           (abs)        000002
__end_of_ADC_Channel     text36       00266A
__end_of_ADC_Init        text35       00352E
__end_of_I2C_Slave_Init  text34       00393E
__end_of_I2C_Slave_Read  intcode_body 002518
__end_of_Lcd_Chr_CP      text31       002B4E
__end_of_Lcd_Cmd         text33       002C6C
__end_of_Lcd_Init        text32       002D7E
__end_of_Lcd_Out         text30       0034BA
__end_of_Lcd_Out2        text29       00360E
__end_of_Servo_init      text28       00395A
__end_of___awdiv         text23       003444
__end_of___awmod         text22       00359E
__end_of___fladd         text18       001F32
__end_of___fldiv         text39       0021BA
__end_of___fleq          text21       0033C0
__end_of___flge          text20       002E4E
__end_of___flmul         text38       001C26
__end_of___flneg         text19       0038D0
__end_of___flsub         text17       00379A
__end_of___fltol         text16       0030A4
__end_of___fpclassifyf   text15       002FEA
__end_of___wmul          text27       003920
__end_of___xxtofl        text37       0028EA
__end_of__initialization cinit        003834
__end_of_atoi            text24       0027AA
__end_of_efgtoa          text5        0011CA
__end_of_floorf          text14       002374
__end_of_fputc           text12       0032A0
__end_of_fputs           text11       003810
__end_of_isdigit         text26       0038A2
__end_of_isspace         text25       0037D8
__end_of_isupper         text7        003872
__end_of_main            text0        0018D4
__end_of_pad             text9        003336
__end_of_putch           text13       00395C
__end_of_sprintf         text1        0036B6
__end_of_strcpy          text8        003708
__end_of_strlen          text10       0038FA
__end_of_strncmp         text4        003200
__end_of_tolower         text6        003754
__end_of_vfpfcnvrt       text3        00157C
__end_of_vfprintf        text2        003664
__end_ofi2___flge        text43       002F1E
__end_ofi2___fltol       text42       00315E
__end_ofi2___xxtofl      text41       002A2A
__initialization         cinit        003810
__mediumconst            mediumconst  000000
__pbssBANK0              bssBANK0     0000E8
__pbssBANK1              bssBANK1     000100
__pbssCOMRAM             bssCOMRAM    000044
__pcinit                 cinit        003810
__pcstackBANK0           cstackBANK0  000060
__pcstackCOMRAM          cstackCOMRAM 000001
__pintcode               intcode      000008
__pintcode_body          intcode_body 002374
__psmallconst            smallconst   000800
__ptext0                 text0        00157C
__ptext1                 text1        003664
__ptext10                text10       0038D0
__ptext11                text11       0037D8
__ptext12                text12       003200
__ptext13                text13       00395A
__ptext14                text14       0021BA
__ptext15                text15       002F1E
__ptext16                text16       002FEA
__ptext17                text17       003754
__ptext18                text18       001C26
__ptext19                text19       0038A2
__ptext2                 text2        00360E
__ptext20                text20       002D7E
__ptext21                text21       003336
__ptext22                text22       00352E
__ptext23                text23       0033C0
__ptext24                text24       00266A
__ptext25                text25       00379A
__ptext26                text26       003872
__ptext27                text27       0038FA
__ptext28                text28       00393E
__ptext29                text29       00359E
__ptext3                 text3        0011CA
__ptext30                text30       003444
__ptext31                text31       002A2A
__ptext32                text32       002C6C
__ptext33                text33       002B4E
__ptext34                text34       003920
__ptext35                text35       0034BA
__ptext36                text36       002518
__ptext37                text37       0027AA
__ptext38                text38       0018D4
__ptext39                text39       001F32
__ptext4                 text4        00315E
__ptext41                text41       0028EA
__ptext42                text42       0030A4
__ptext43                text43       002E4E
__ptext5                 text5        00084C
__ptext6                 text6        003708
__ptext7                 text7        003842
__ptext8                 text8        0036B6
__ptext9                 text9        0032A0
__ramtop                 ramtop       000800
__size_of_ADC_Channel    (abs)        000000
__size_of_ADC_Init       (abs)        000000
__size_of_I2C_Slave_Init (abs)        000000
__size_of_I2C_Slave_Read (abs)        000000
__size_of_Lcd_Chr_CP     (abs)        000000
__size_of_Lcd_Cmd        (abs)        000000
__size_of_Lcd_Init       (abs)        000000
__size_of_Lcd_Out        (abs)        000000
__size_of_Lcd_Out2       (abs)        000000
__size_of_Servo_init     (abs)        000000
__size_of___awdiv        (abs)        000000
__size_of___awmod        (abs)        000000
__size_of___fladd        (abs)        000000
__size_of___fldiv        (abs)        000000
__size_of___fleq         (abs)        000000
__size_of___flge         (abs)        000000
__size_of___flmul        (abs)        000000
__size_of___flneg        (abs)        000000
__size_of___flsub        (abs)        000000
__size_of___fltol        (abs)        000000
__size_of___fpclassifyf  (abs)        000000
__size_of___wmul         (abs)        000000
__size_of___xxtofl       (abs)        000000
__size_of_atoi           (abs)        000000
__size_of_efgtoa         (abs)        000000
__size_of_floorf         (abs)        000000
__size_of_fputc          (abs)        000000
__size_of_fputs          (abs)        000000
__size_of_isdigit        (abs)        000000
__size_of_isspace        (abs)        000000
__size_of_isupper        (abs)        000000
__size_of_main           (abs)        000000
__size_of_pad            (abs)        000000
__size_of_putch          (abs)        000000
__size_of_sprintf        (abs)        000000
__size_of_strcpy         (abs)        000000
__size_of_strlen         (abs)        000000
__size_of_strncmp        (abs)        000000
__size_of_tolower        (abs)        000000
__size_of_vfpfcnvrt      (abs)        000000
__size_of_vfprintf       (abs)        000000
__size_ofi2___flge       (abs)        000000
__size_ofi2___fltol      (abs)        000000
__size_ofi2___xxtofl     (abs)        000000
__smallconst             smallconst   000800
_atoi                    text24       00266A
_atoi$1555               cstackCOMRAM 00001F
_atoi$1556               cstackCOMRAM 000023
_atoi$1557               cstackCOMRAM 000021
_datos                   bssBANK0     0000F0
_dbuf                    bssBANK1     000182
_efgtoa                  text5        00084C
_efgtoa$1054             cstackBANK0  000084
_efgtoa$1055             cstackBANK0  000086
_efgtoa$1060             cstackBANK0  000088
_efgtoa$1064             cstackBANK0  00008A
_efgtoa$1065             cstackBANK0  00008C
_efgtoa$1066             cstackBANK0  00008E
_flags                   bssCOMRAM    000048
_floorf                  text14       0021BA
_fputc                   text12       003200
_fputs                   text11       0037D8
_i                       bssCOMRAM    00004A
_isdigit                 text26       003872
_isspace                 text25       00379A
_isspace$1586            cstackCOMRAM 000016
_isupper                 text7        003842
_main                    text0        00157C
_nout                    bssBANK0     0000F4
_pad                     text9        0032A0
_palabra                 bssBANK1     000171
_prec                    bssBANK0     0000F8
_putch                   text13       00395A
_sprintf                 text1        003664
_strcpy                  text8        0036B6
_strlen                  text10       0038D0
_strncmp                 text4        00315E
_tolower                 text6        003708
_tolower$1671            cstackCOMRAM 00001C
_u                       bssBANK0     0000FA
_valor                   bssCOMRAM    00004E
_vfpfcnvrt               text3        0011CA
_vfpfcnvrt$1080          cstackBANK0  0000C2
_vfpfcnvrt$1084          cstackBANK0  0000C4
_vfprintf                text2        00360E
_width                   bssBANK0     0000F6
_z                       bssCOMRAM    00004C
atoi@n                   cstackCOMRAM 000024
atoi@neg                 cstackCOMRAM 00001D
atoi@s                   cstackCOMRAM 000017
btemp                    temp         000050
efgtoa@c                 cstackBANK0  00007A
efgtoa@d                 cstackBANK0  000098
efgtoa@e                 cstackBANK0  0000B0
efgtoa@f                 cstackBANK0  000076
efgtoa@fp                cstackBANK0  000074
efgtoa@g                 cstackBANK0  0000AC
efgtoa@h                 cstackBANK0  0000A2
efgtoa@i                 cstackBANK0  0000AA
efgtoa@l                 cstackBANK0  0000A6
efgtoa@m                 cstackBANK0  000094
efgtoa@mode              cstackBANK0  0000A1
efgtoa@n                 cstackBANK0  0000B2
efgtoa@ne                cstackBANK0  000096
efgtoa@nmode             cstackBANK0  00009E
efgtoa@ou                cstackBANK0  000080
efgtoa@p                 cstackBANK0  00009C
efgtoa@pp                cstackBANK0  000092
efgtoa@sign              cstackBANK0  00009A
efgtoa@t                 cstackBANK0  000090
efgtoa@u                 cstackBANK0  0000B4
efgtoa@w                 cstackBANK0  00009F
end_of_initialization    cinit        003834
floorf@F524              bssBANK0     0000E8
floorf@e                 cstackBANK0  00006E
floorf@m                 cstackBANK0  00006A
floorf@u                 cstackBANK0  000070
floorf@x                 cstackBANK0  000060
fputc@c                  cstackCOMRAM 000010
fputc@fp                 cstackCOMRAM 000012
fputs@c                  cstackCOMRAM 00001D
fputs@fp                 cstackCOMRAM 00001B
fputs@i                  cstackCOMRAM 00001E
fputs@s                  cstackCOMRAM 000019
i2___flge                text43       002E4E
i2___flge@ff1            cstackCOMRAM 000001
i2___flge@ff2            cstackCOMRAM 000005
i2___fltol               text42       0030A4
i2___fltol@exp1          cstackCOMRAM 00000A
i2___fltol@f1            cstackCOMRAM 000001
i2___fltol@sign1         cstackCOMRAM 000009
i2___xxtofl              text41       0028EA
i2___xxtofl@arg          cstackCOMRAM 00000B
i2___xxtofl@exp          cstackCOMRAM 00000A
i2___xxtofl@sign         cstackCOMRAM 000009
i2___xxtofl@val          cstackCOMRAM 000001
int$flags                temp         000050
int_func                 intcode_body 002374
intlevel0                text         000000
intlevel1                text         000000
intlevel2                text         000000
intlevel3                text         000000
isdigit@c                cstackCOMRAM 000010
isspace@c                cstackCOMRAM 000010
isupper@c                cstackCOMRAM 000010
pad@buf                  cstackCOMRAM 000022
pad@fp                   cstackCOMRAM 000020
pad@i                    cstackCOMRAM 000027
pad@p                    cstackCOMRAM 000024
pad@w                    cstackCOMRAM 000029
sprintf@ap               cstackBANK0  0000DE
sprintf@f                cstackBANK0  0000E0
sprintf@fmt              cstackBANK0  0000D6
sprintf@s                cstackBANK0  0000D4
stackhi                  (abs)        0007FF
stacklo                  (abs)        0001E3
start                    init         00000E
start_initialization     cinit        003810
strcpy@d                 cstackCOMRAM 000018
strcpy@dest              cstackCOMRAM 000010
strcpy@s                 cstackCOMRAM 000016
strcpy@src               cstackCOMRAM 000012
strlen@a                 cstackCOMRAM 000012
strlen@s                 cstackCOMRAM 000010
strncmp@_l               cstackCOMRAM 000010
strncmp@_r               cstackCOMRAM 000012
strncmp@l                cstackCOMRAM 000017
strncmp@n                cstackCOMRAM 000014
strncmp@r                cstackCOMRAM 000019
tolower@c                cstackCOMRAM 000016
ttemp5                   temp         000051
ttemp6                   temp         000054
ttemp7                   temp         000058
vfpfcnvrt@ap             cstackBANK0  0000BC
vfpfcnvrt@c              cstackBANK0  0000CD
vfpfcnvrt@ct             cstackBANK0  0000CA
vfpfcnvrt@f              cstackBANK0  0000C6
vfpfcnvrt@fmt            cstackBANK0  0000BA
vfpfcnvrt@fp             cstackBANK0  0000B8
vfprintf@ap              cstackBANK0  0000D2
vfprintf@cfmt            cstackCOMRAM 000042
vfprintf@fmt             cstackBANK0  0000D0
vfprintf@fp              cstackBANK0  0000CE
wtemp8                   temp         000051


FUNCTION INFORMATION:

 *************** function _main *****************
 Defined at:
		line 23 in file "I2C_Slave.c"
 Parameters:    Size  Location     Type
		None
 Auto vars:     Size  Location     Type
		None
 Return value:  Size  Location     Type
                  1    wreg      void 
 Registers used:
		wreg, fsr1l, fsr1h, fsr2l, fsr2h, status,2, status,0, tblptrl, tblptrh, tblptru, prodl, prodh, cstack
 Tracked objects:
		On entry : 
		On exit  : 
		Unchanged: 
 Data sizes:     COMRAM   BANK0   BANK1   BANK2   BANK3   BANK4   BANK5   BANK6   BANK7
      Params:         0       0       0       0       0       0       0       0       0
      Locals:         0       0       0       0       0       0       0       0       0
      Temps:          0       2       0       0       0       0       0       0       0
      Totals:         0       2       0       0       0       0       0       0       0
Total ram usage:        2 bytes
 Hardware stack levels required when called:   10
 This function calls:
		_ADC_Channel
		_ADC_Init
		_I2C_Slave_Init
		_Lcd_Cmd
		_Lcd_Init
		_Lcd_Out
		_Lcd_Out2
		_Servo_init
		___fladd
		___fldiv
		___fleq
		_sprintf
 This function is called by:
		Startup code after reset
 This function uses a non-reentrant model


 *************** function _sprintf *****************
 Defined at:
		line 9 in file "C:\Program Files (x86)\Microchip\xc8\v2.05\pic\sources\c99\common\nf_sprintf.c"
 Parameters:    Size  Location     Type
  s               2  116[BANK0 ] PTR unsigned char 
		 -> Prom(17), 
  fmt             2  118[BANK0 ] PTR const unsigned char 
		 -> STR_1(5), 
 Auto vars:     Size  Location     Type
  f               6  128[BANK0 ] struct _IO_FILE
  ap              2  126[BANK0 ] PTR void [1]
		 -> ?_sprintf(2), 
  ret             2    0        int 
 Return value:  Size  Location     Type
                  2  116[BANK0 ] int 
 Registers used:
		wreg, fsr1l, fsr1h, fsr2l, fsr2h, status,2, status,0, tblptrl, tblptrh, tblptru, prodl, prodh, cstack
 Tracked objects:
		On entry : 
		On exit  : 
		Unchanged: 
 Data sizes:     COMRAM   BANK0   BANK1   BANK2   BANK3   BANK4   BANK5   BANK6   BANK7
      Params:         0       8       0       0       0       0       0       0       0
      Locals:         0      10       0       0       0       0       0       0       0
      Temps:          0       0       0       0       0       0       0       0       0
      Totals:         0      18       0       0       0       0       0       0       0
Total ram usage:       18 bytes
 Hardware stack levels used:    1
 Hardware stack levels required when called:    9
 This function calls:
		_vfprintf
 This function is called by:
		_main
 This function uses a non-reentrant model


 *************** function _vfprintf *****************
 Defined at:
		line 1368 in file "C:\Program Files (x86)\Microchip\xc8\v2.05\pic\sources\c99\common\doprnt.c"
 Parameters:    Size  Location     Type
  fp              2  110[BANK0 ] PTR struct _IO_FILE
		 -> sprintf@f(6), 
  fmt             2  112[BANK0 ] PTR const unsigned char 
		 -> STR_1(5), 
  ap              2  114[BANK0 ] PTR PTR void 
		 -> sprintf@ap(2), 
 Auto vars:     Size  Location     Type
  cfmt            2   65[COMRAM] PTR unsigned char 
		 -> STR_1(5), 
 Return value:  Size  Location     Type
                  2  110[BANK0 ] int 
 Registers used:
		wreg, fsr1l, fsr1h, fsr2l, fsr2h, status,2, status,0, tblptrl, tblptrh, tblptru, prodl, prodh, cstack
 Tracked objects:
		On entry : 
		On exit  : 
		Unchanged: 
 Data sizes:     COMRAM   BANK0   BANK1   BANK2   BANK3   BANK4   BANK5   BANK6   BANK7
      Params:         0       6       0       0       0       0       0       0       0
      Locals:         2       0       0       0       0       0       0       0       0
      Temps:          0       0       0       0       0       0       0       0       0
      Totals:         2       6       0       0       0       0       0       0       0
Total ram usage:        8 bytes
 Hardware stack levels used:    1
 Hardware stack levels required when called:    8
 This function calls:
		_vfpfcnvrt
 This function is called by:
		_sprintf
 This function uses a non-reentrant model


 *************** function _vfpfcnvrt *****************
 Defined at:
		line 670 in file "C:\Program Files (x86)\Microchip\xc8\v2.05\pic\sources\c99\common\doprnt.c"
 Parameters:    Size  Location     Type
  fp              2   88[BANK0 ] PTR struct _IO_FILE
		 -> sprintf@f(6), 
  fmt             2   90[BANK0 ] PTR PTR unsigned char 
		 -> vfprintf@cfmt(2), 
  ap              2   92[BANK0 ] PTR PTR void 
		 -> sprintf@ap(2), 
 Auto vars:     Size  Location     Type
  llu             8    0        unsigned long long 
  ll              8    0        long long 
  f               4  102[BANK0 ] long long 
  ct              3  106[BANK0 ] unsigned char [3]
  vp              3    0        PTR void 
  cp              3    0        PTR unsigned char 
  i               2    0        int 
  done            2    0        int 
  c               1  109[BANK0 ] unsigned char 
 Return value:  Size  Location     Type
                  2   88[BANK0 ] int 
 Registers used:
		wreg, fsr1l, fsr1h, fsr2l, fsr2h, status,2, status,0, tblptrl, tblptrh, tblptru, prodl, prodh, cstack
 Tracked objects:
		On entry : 
		On exit  : 
		Unchanged: 
 Data sizes:     COMRAM   BANK0   BANK1   BANK2   BANK3   BANK4   BANK5   BANK6   BANK7
      Params:         0       6       0       0       0       0       0       0       0
      Locals:         0      12       0       0       0       0       0       0       0
      Temps:          0       4       0       0       0       0       0       0       0
      Totals:         0      22       0       0       0       0       0       0       0
Total ram usage:       22 bytes
 Hardware stack levels used:    1
 Hardware stack levels required when called:    7
 This function calls:
		_atoi
		_efgtoa
		_fputc
		_isdigit
		_isupper
		_strncmp
		_tolower
 This function is called by:
		_vfprintf
 This function uses a non-reentrant model


 *************** function _strncmp *****************
 Defined at:
		line 3 in file "C:\Program Files (x86)\Microchip\xc8\v2.05\pic\sources\c99\common\strncmp.c"
 Parameters:    Size  Location     Type
  _l              2   15[COMRAM] PTR const unsigned char 
		 -> vfpfcnvrt@ct(3), 
  _r              2   17[COMRAM] PTR const unsigned char 
		 -> STR_16(3), 
  n               2   19[COMRAM] unsigned int 
 Auto vars:     Size  Location     Type
  r               2   24[COMRAM] PTR const unsigned char 
		 -> STR_16(3), 
  l               2   22[COMRAM] PTR const unsigned char 
		 -> vfpfcnvrt@ct(3), 
 Return value:  Size  Location     Type
                  2   15[COMRAM] int 
 Registers used:
		wreg, fsr2l, fsr2h, status,2, status,0, tblptrl, tblptrh, tblptru
 Tracked objects:
		On entry : 
		On exit  : 
		Unchanged: 
 Data sizes:     COMRAM   BANK0   BANK1   BANK2   BANK3   BANK4   BANK5   BANK6   BANK7
      Params:         6       0       0       0       0       0       0       0       0
      Locals:         4       0       0       0       0       0       0       0       0
      Temps:          1       0       0       0       0       0       0       0       0
      Totals:        11       0       0       0       0       0       0       0       0
Total ram usage:       11 bytes
 Hardware stack levels used:    1
 Hardware stack levels required when called:    2
 This function calls:
		Nothing
 This function is called by:
		_vfpfcnvrt
 This function uses a non-reentrant model


 *************** function _efgtoa *****************
 Defined at:
		line 319 in file "C:\Program Files (x86)\Microchip\xc8\v2.05\pic\sources\c99\common\doprnt.c"
 Parameters:    Size  Location     Type
  fp              2   20[BANK0 ] PTR struct _IO_FILE
		 -> sprintf@f(6), 
  f               4   22[BANK0 ] PTR struct _IO_FILE
  c               1   26[BANK0 ] unsigned char 
 Auto vars:     Size  Location     Type
  u               4   84[BANK0 ] unsigned char 
  g               4   76[BANK0 ] unsigned char 
  l               4   70[BANK0 ] unsigned char 
  h               4   66[BANK0 ] unsigned char 
  ou              4   32[BANK0 ] unsigned char 
  n               2   82[BANK0 ] int 
  e               2   80[BANK0 ] int 
  i               2   74[BANK0 ] int 
  w               2   63[BANK0 ] int 
  p               2   60[BANK0 ] int 
  sign            2   58[BANK0 ] int 
  d               2   56[BANK0 ] int 
  ne              2   54[BANK0 ] int 
  m               2   52[BANK0 ] int 
  pp              2   50[BANK0 ] int 
  t               2   48[BANK0 ] int 
  mode            1   65[BANK0 ] unsigned char 
  nmode           1   62[BANK0 ] unsigned char 
 Return value:  Size  Location     Type
                  2   20[BANK0 ] int 
 Registers used:
		wreg, fsr1l, fsr1h, fsr2l, fsr2h, status,2, status,0, tblptrl, tblptrh, tblptru, prodl, prodh, cstack
 Tracked objects:
		On entry : 
		On exit  : 
		Unchanged: 
 Data sizes:     COMRAM   BANK0   BANK1   BANK2   BANK3   BANK4   BANK5   BANK6   BANK7
      Params:         0       7       0       0       0       0       0       0       0
      Locals:         0      56       0       0       0       0       0       0       0
      Temps:          0       5       0       0       0       0       0       0       0
      Totals:         0      68       0       0       0       0       0       0       0
Total ram usage:       68 bytes
 Hardware stack levels used:    1
 Hardware stack levels required when called:    6
 This function calls:
		___awdiv
		___awmod
		___fladd
		___fldiv
		___fleq
		___flge
		___flmul
		___flneg
		___flsub
		___fltol
		___fpclassifyf
		_floorf
		_isupper
		_pad
		_strcpy
		_tolower
 This function is called by:
		_vfpfcnvrt
 This function uses a non-reentrant model


 *************** function _tolower *****************
 Defined at:
		line 4 in file "C:\Program Files (x86)\Microchip\xc8\v2.05\pic\sources\c99\common\tolower.c"
 Parameters:    Size  Location     Type
  c               2   21[COMRAM] int 
 Auto vars:     Size  Location     Type
		None
 Return value:  Size  Location     Type
                  2   21[COMRAM] int 
 Registers used:
		wreg, status,2, status,0
 Tracked objects:
		On entry : 
		On exit  : 
		Unchanged: 
 Data sizes:     COMRAM   BANK0   BANK1   BANK2   BANK3   BANK4   BANK5   BANK6   BANK7
      Params:         2       0       0       0       0       0       0       0       0
      Locals:         2       0       0       0       0       0       0       0       0
      Temps:          4       0       0       0       0       0       0       0       0
      Totals:         8       0       0       0       0       0       0       0       0
Total ram usage:        8 bytes
 Hardware stack levels used:    1
 Hardware stack levels required when called:    3
 This function calls:
		_isupper
 This function is called by:
		_efgtoa
		_vfpfcnvrt
 This function uses a non-reentrant model


 *************** function _isupper *****************
 Defined at:
		line 5 in file "C:\Program Files (x86)\Microchip\xc8\v2.05\pic\sources\c99\common\isupper.c"
 Parameters:    Size  Location     Type
  c               2   15[COMRAM] int 
 Auto vars:     Size  Location     Type
		None
 Return value:  Size  Location     Type
                  2   15[COMRAM] int 
 Registers used:
		wreg, status,2, status,0
 Tracked objects:
		On entry : 
		On exit  : 
		Unchanged: 
 Data sizes:     COMRAM   BANK0   BANK1   BANK2   BANK3   BANK4   BANK5   BANK6   BANK7
      Params:         2       0       0       0       0       0       0       0       0
      Locals:         0       0       0       0       0       0       0       0       0
      Temps:          4       0       0       0       0       0       0       0       0
      Totals:         6       0       0       0       0       0       0       0       0
Total ram usage:        6 bytes
 Hardware stack levels used:    1
 Hardware stack levels required when called:    2
 This function calls:
		Nothing
 This function is called by:
		_efgtoa
		_vfpfcnvrt
		_tolower
 This function uses a non-reentrant model


 *************** function _strcpy *****************
 Defined at:
		line 7 in file "C:\Program Files (x86)\Microchip\xc8\v2.05\pic\sources\c99\common\strcpy.c"
 Parameters:    Size  Location     Type
  dest            2   15[COMRAM] PTR unsigned char 
		 -> dbuf(80), 
  src             2   17[COMRAM] PTR const unsigned char 
		 -> STR_11(4), STR_10(4), STR_7(4), STR_6(4), 
		 -> dbuf(80), 
 Auto vars:     Size  Location     Type
  d               2   23[COMRAM] PTR unsigned char 
		 -> dbuf(80), 
  s               2   21[COMRAM] PTR const unsigned char 
		 -> STR_11(4), STR_10(4), STR_7(4), STR_6(4), 
		 -> dbuf(80), 
 Return value:  Size  Location     Type
                  2   15[COMRAM] PTR unsigned char 
 Registers used:
		wreg, fsr1l, fsr1h, fsr2l, fsr2h, status,2, status,0, tblptrl, tblptrh, tblptru
 Tracked objects:
		On entry : 
		On exit  : 
		Unchanged: 
 Data sizes:     COMRAM   BANK0   BANK1   BANK2   BANK3   BANK4   BANK5   BANK6   BANK7
      Params:         4       0       0       0       0       0       0       0       0
      Locals:         4       0       0       0       0       0       0       0       0
      Temps:          2       0       0       0       0       0       0       0       0
      Totals:        10       0       0       0       0       0       0       0       0
Total ram usage:       10 bytes
 Hardware stack levels used:    1
 Hardware stack levels required when called:    2
 This function calls:
		Nothing
 This function is called by:
		_efgtoa
 This function uses a non-reentrant model


 *************** function _pad *****************
 Defined at:
		line 72 in file "C:\Program Files (x86)\Microchip\xc8\v2.05\pic\sources\c99\common\doprnt.c"
 Parameters:    Size  Location     Type
  fp              2   31[COMRAM] PTR struct _IO_FILE
		 -> sprintf@f(6), 
  buf             2   33[COMRAM] PTR unsigned char 
		 -> dbuf(80), 
  p               2   35[COMRAM] int 
 Auto vars:     Size  Location     Type
  w               2   40[COMRAM] int 
  i               2   38[COMRAM] int 
 Return value:  Size  Location     Type
                  2   31[COMRAM] int 
 Registers used:
		wreg, fsr1l, fsr1h, fsr2l, fsr2h, status,2, status,0, cstack
 Tracked objects:
		On entry : 
		On exit  : 
		Unchanged: 
 Data sizes:     COMRAM   BANK0   BANK1   BANK2   BANK3   BANK4   BANK5   BANK6   BANK7
      Params:         6       0       0       0       0       0       0       0       0
      Locals:         4       0       0       0       0       0       0       0       0
      Temps:          1       0       0       0       0       0       0       0       0
      Totals:        11       0       0       0       0       0       0       0       0
Total ram usage:       11 bytes
 Hardware stack levels used:    1
 Hardware stack levels required when called:    5
 This function calls:
		_fputc
		_fputs
		_strlen
 This function is called by:
		_efgtoa
 This function uses a non-reentrant model


 *************** function _strlen *****************
 Defined at:
		line 12 in file "C:\Program Files (x86)\Microchip\xc8\v2.05\pic\sources\c99\common\strlen.c"
 Parameters:    Size  Location     Type
  s               2   15[COMRAM] PTR const unsigned char 
		 -> dbuf(80), 
 Auto vars:     Size  Location     Type
  a               2   17[COMRAM] PTR const unsigned char 
		 -> dbuf(80), 
 Return value:  Size  Location     Type
                  2   15[COMRAM] unsigned int 
 Registers used:
		wreg, fsr2l, fsr2h, status,2, status,0
 Tracked objects:
		On entry : 
		On exit  : 
		Unchanged: 
 Data sizes:     COMRAM   BANK0   BANK1   BANK2   BANK3   BANK4   BANK5   BANK6   BANK7
      Params:         2       0       0       0       0       0       0       0       0
      Locals:         2       0       0       0       0       0       0       0       0
      Temps:          0       0       0       0       0       0       0       0       0
      Totals:         4       0       0       0       0       0       0       0       0
Total ram usage:        4 bytes
 Hardware stack levels used:    1
 Hardware stack levels required when called:    2
 This function calls:
		Nothing
 This function is called by:
		_pad
 This function uses a non-reentrant model


 *************** function _fputs *****************
 Defined at:
		line 8 in file "C:\Program Files (x86)\Microchip\xc8\v2.05\pic\sources\c99\common\nf_fputs.c"
 Parameters:    Size  Location     Type
  s               2   24[COMRAM] PTR const unsigned char 
		 -> dbuf(80), 
  fp              2   26[COMRAM] PTR struct _IO_FILE
		 -> sprintf@f(6), 
 Auto vars:     Size  Location     Type
  i               2   29[COMRAM] int 
  c               1   28[COMRAM] unsigned char 
 Return value:  Size  Location     Type
                  2   24[COMRAM] int 
 Registers used:
		wreg, fsr1l, fsr1h, fsr2l, fsr2h, status,2, status,0, cstack
 Tracked objects:
		On entry : 
		On exit  : 
		Unchanged: 
 Data sizes:     COMRAM   BANK0   BANK1   BANK2   BANK3   BANK4   BANK5   BANK6   BANK7
      Params:         4       0       0       0       0       0       0       0       0
      Locals:         3       0       0       0       0       0       0       0       0
      Temps:          0       0       0       0       0       0       0       0       0
      Totals:         7       0       0       0       0       0       0       0       0
Total ram usage:        7 bytes
 Hardware stack levels used:    1
 Hardware stack levels required when called:    4
 This function calls:
		_fputc
 This function is called by:
		_pad
 This function uses a non-reentrant model


 *************** function _fputc *****************
 Defined at:
		line 8 in file "C:\Program Files (x86)\Microchip\xc8\v2.05\pic\sources\c99\common\nf_fputc.c"
 Parameters:    Size  Location     Type
  c               2   15[COMRAM] int 
  fp              2   17[COMRAM] PTR struct _IO_FILE
		 -> sprintf@f(6), 
 Auto vars:     Size  Location     Type
		None
 Return value:  Size  Location     Type
                  2   15[COMRAM] int 
 Registers used:
		wreg, fsr1l, fsr1h, fsr2l, fsr2h, status,2, status,0, cstack
 Tracked objects:
		On entry : 
		On exit  : 
		Unchanged: 
 Data sizes:     COMRAM   BANK0   BANK1   BANK2   BANK3   BANK4   BANK5   BANK6   BANK7
      Params:         4       0       0       0       0       0       0       0       0
      Locals:         0       0       0       0       0       0       0       0       0
      Temps:          5       0       0       0       0       0       0       0       0
      Totals:         9       0       0       0       0       0       0       0       0
Total ram usage:        9 bytes
 Hardware stack levels used:    1
 Hardware stack levels required when called:    3
 This function calls:
		_putch
 This function is called by:
		_pad
		_vfpfcnvrt
		_fputs
 This function uses a non-reentrant model


 *************** function _putch *****************
 Defined at:
		line 7 in file "C:\Program Files (x86)\Microchip\xc8\v2.05\pic\sources\c99\common\putch.c"
 Parameters:    Size  Location     Type
  c               1    wreg     unsigned char 
 Auto vars:     Size  Location     Type
  c               1    0[COMRAM] unsigned char 
 Return value:  Size  Location     Type
                  1    wreg      void 
 Registers used:
		wreg
 Tracked objects:
		On entry : 
		On exit  : 
		Unchanged: 
 Data sizes:     COMRAM   BANK0   BANK1   BANK2   BANK3   BANK4   BANK5   BANK6   BANK7
      Params:         0       0       0       0       0       0       0       0       0
      Locals:         0       0       0       0       0       0       0       0       0
      Temps:          0       0       0       0       0       0       0       0       0
      Totals:         0       0       0       0       0       0       0       0       0
Total ram usage:        0 bytes
 Hardware stack levels used:    1
 Hardware stack levels required when called:    2
 This function calls:
		Nothing
 This function is called by:
		_fputc
 This function uses a non-reentrant model


 *************** function _floorf *****************
 Defined at:
		line 3 in file "C:\Program Files (x86)\Microchip\xc8\v2.05\pic\sources\c99\common\floorf.c"
 Parameters:    Size  Location     Type
  x               4    0[BANK0 ] float 
 Auto vars:     Size  Location     Type
  u               4   16[BANK0 ] struct .
  m               4   10[BANK0 ] unsigned long 
  e               2   14[BANK0 ] int 
 Return value:  Size  Location     Type
                  4    0[BANK0 ] float 
 Registers used:
		wreg, status,2, status,0
 Tracked objects:
		On entry : 
		On exit  : 
		Unchanged: 
 Data sizes:     COMRAM   BANK0   BANK1   BANK2   BANK3   BANK4   BANK5   BANK6   BANK7
      Params:         0       4       0       0       0       0       0       0       0
      Locals:         0      10       0       0       0       0       0       0       0
      Temps:          0       6       0       0       0       0       0       0       0
      Totals:         0      20       0       0       0       0       0       0       0
Total ram usage:       20 bytes
 Hardware stack levels used:    1
 Hardware stack levels required when called:    2
 This function calls:
		Nothing
 This function is called by:
		_efgtoa
 This function uses a non-reentrant model


 *************** function ___fpclassifyf *****************
 Defined at:
		line 4 in file "C:\Program Files (x86)\Microchip\xc8\v2.05\pic\sources\c99\common\__fpclassifyf.c"
 Parameters:    Size  Location     Type
  x               4   15[COMRAM] float 
 Auto vars:     Size  Location     Type
  u               4   25[COMRAM] struct .
  e               2   23[COMRAM] int 
 Return value:  Size  Location     Type
                  2   15[COMRAM] int 
 Registers used:
		wreg, status,2, status,0
 Tracked objects:
		On entry : 
		On exit  : 
		Unchanged: 
 Data sizes:     COMRAM   BANK0   BANK1   BANK2   BANK3   BANK4   BANK5   BANK6   BANK7
      Params:         4       0       0       0       0       0       0       0       0
      Locals:         6       0       0       0       0       0       0       0       0
      Temps:          4       0       0       0       0       0       0       0       0
      Totals:        14       0       0       0       0       0       0       0       0
Total ram usage:       14 bytes
 Hardware stack levels used:    1
 Hardware stack levels required when called:    2
 This function calls:
		Nothing
 This function is called by:
		_efgtoa
 This function uses a non-reentrant model


 *************** function ___fltol *****************
 Defined at:
		line 43 in file "C:\Program Files (x86)\Microchip\xc8\v2.05\pic\sources\c99\common\fltol.c"
 Parameters:    Size  Location     Type
  f1              4   15[COMRAM] int 
 Auto vars:     Size  Location     Type
  exp1            1   24[COMRAM] unsigned char 
  sign1           1   23[COMRAM] unsigned char 
 Return value:  Size  Location     Type
                  4   15[COMRAM] long 
 Registers used:
		wreg, status,2, status,0
 Tracked objects:
		On entry : 
		On exit  : 
		Unchanged: 
 Data sizes:     COMRAM   BANK0   BANK1   BANK2   BANK3   BANK4   BANK5   BANK6   BANK7
      Params:         4       0       0       0       0       0       0       0       0
      Locals:         2       0       0       0       0       0       0       0       0
      Temps:          4       0       0       0       0       0       0       0       0
      Totals:        10       0       0       0       0       0       0       0       0
Total ram usage:       10 bytes
 Hardware stack levels used:    1
 Hardware stack levels required when called:    2
 This function calls:
		Nothing
 This function is called by:
		_efgtoa
 This function uses a non-reentrant model


 *************** function ___flsub *****************
 Defined at:
		line 245 in file "C:\Program Files (x86)\Microchip\xc8\v2.05\pic\sources\c99\common\sprcadd.c"
 Parameters:    Size  Location     Type
  b               4   40[COMRAM] long 
  a               4   44[COMRAM] long 
 Auto vars:     Size  Location     Type
		None
 Return value:  Size  Location     Type
                  4   40[COMRAM] long 
 Registers used:
		wreg, status,2, status,0, cstack
 Tracked objects:
		On entry : 
		On exit  : 
		Unchanged: 
 Data sizes:     COMRAM   BANK0   BANK1   BANK2   BANK3   BANK4   BANK5   BANK6   BANK7
      Params:         8       0       0       0       0       0       0       0       0
      Locals:         0       0       0       0       0       0       0       0       0
      Temps:          0       0       0       0       0       0       0       0       0
      Totals:         8       0       0       0       0       0       0       0       0
Total ram usage:        8 bytes
 Hardware stack levels used:    1
 Hardware stack levels required when called:    3
 This function calls:
		___fladd
 This function is called by:
		_efgtoa
 This function uses a non-reentrant model


 *************** function ___fladd *****************
 Defined at:
		line 10 in file "C:\Program Files (x86)\Microchip\xc8\v2.05\pic\sources\c99\common\sprcadd.c"
 Parameters:    Size  Location     Type
  b               4   15[COMRAM] long 
  a               4   19[COMRAM] long 
 Auto vars:     Size  Location     Type
  grs             1   30[COMRAM] unsigned char 
  bexp            1   29[COMRAM] unsigned char 
  aexp            1   28[COMRAM] unsigned char 
  signs           1   27[COMRAM] unsigned char 
 Return value:  Size  Location     Type
                  4   15[COMRAM] unsigned char 
 Registers used:
		wreg, status,2, status,0
 Tracked objects:
		On entry : 
		On exit  : 
		Unchanged: 
 Data sizes:     COMRAM   BANK0   BANK1   BANK2   BANK3   BANK4   BANK5   BANK6   BANK7
      Params:         8       0       0       0       0       0       0       0       0
      Locals:         4       0       0       0       0       0       0       0       0
      Temps:          4       0       0       0       0       0       0       0       0
      Totals:        16       0       0       0       0       0       0       0       0
Total ram usage:       16 bytes
 Hardware stack levels used:    1
 Hardware stack levels required when called:    2
 This function calls:
		Nothing
 This function is called by:
		_main
		_efgtoa
		___flsub
 This function uses a non-reentrant model


 *************** function ___flneg *****************
 Defined at:
		line 15 in file "C:\Program Files (x86)\Microchip\xc8\v2.05\pic\sources\c99\common\flneg.c"
 Parameters:    Size  Location     Type
  f1              4   15[COMRAM] unsigned char 
 Auto vars:     Size  Location     Type
		None
 Return value:  Size  Location     Type
                  4   15[COMRAM] unsigned char 
 Registers used:
		wreg, status,2, status,0
 Tracked objects:
		On entry : 
		On exit  : 
		Unchanged: 
 Data sizes:     COMRAM   BANK0   BANK1   BANK2   BANK3   BANK4   BANK5   BANK6   BANK7
      Params:         4       0       0       0       0       0       0       0       0
      Locals:         0       0       0       0       0       0       0       0       0
      Temps:          0       0       0       0       0       0       0       0       0
      Totals:         4       0       0       0       0       0       0       0       0
Total ram usage:        4 bytes
 Hardware stack levels used:    1
 Hardware stack levels required when called:    2
 This function calls:
		Nothing
 This function is called by:
		_efgtoa
 This function uses a non-reentrant model


 *************** function ___flge *****************
 Defined at:
		line 4 in file "C:\Program Files (x86)\Microchip\xc8\v2.05\pic\sources\c99\common\flge.c"
 Parameters:    Size  Location     Type
  ff1             4   40[COMRAM] unsigned char 
  ff2             4   44[COMRAM] unsigned char 
 Auto vars:     Size  Location     Type
		None
 Return value:  Size  Location     Type
		None               void
 Registers used:
		wreg, status,2, status,0
 Tracked objects:
		On entry : 
		On exit  : 
		Unchanged: 
 Data sizes:     COMRAM   BANK0   BANK1   BANK2   BANK3   BANK4   BANK5   BANK6   BANK7
      Params:         8       0       0       0       0       0       0       0       0
      Locals:         0       0       0       0       0       0       0       0       0
      Temps:          4       0       0       0       0       0       0       0       0
      Totals:        12       0       0       0       0       0       0       0       0
Total ram usage:       12 bytes
 Hardware stack levels used:    1
 Hardware stack levels required when called:    2
 This function calls:
		Nothing
 This function is called by:
		_efgtoa
 This function uses a non-reentrant model


 *************** function ___fleq *****************
 Defined at:
		line 4 in file "C:\Program Files (x86)\Microchip\xc8\v2.05\pic\sources\c99\common\fleq.c"
 Parameters:    Size  Location     Type
  ff1             4   15[COMRAM] unsigned char 
  ff2             4   19[COMRAM] unsigned char 
 Auto vars:     Size  Location     Type
		None
 Return value:  Size  Location     Type
		None               void
 Registers used:
		wreg, status,2, status,0
 Tracked objects:
		On entry : 
		On exit  : 
		Unchanged: 
 Data sizes:     COMRAM   BANK0   BANK1   BANK2   BANK3   BANK4   BANK5   BANK6   BANK7
      Params:         8       0       0       0       0       0       0       0       0
      Locals:         0       0       0       0       0       0       0       0       0
      Temps:          4       0       0       0       0       0       0       0       0
      Totals:        12       0       0       0       0       0       0       0       0
Total ram usage:       12 bytes
 Hardware stack levels used:    1
 Hardware stack levels required when called:    2
 This function calls:
		Nothing
 This function is called by:
		_main
		_efgtoa
 This function uses a non-reentrant model


 *************** function ___awmod *****************
 Defined at:
		line 7 in file "C:\Program Files (x86)\Microchip\xc8\v2.05\pic\sources\c99\common\awmod.c"
 Parameters:    Size  Location     Type
  dividend        2   15[COMRAM] int 
  divisor         2   17[COMRAM] int 
 Auto vars:     Size  Location     Type
  sign            1   20[COMRAM] unsigned char 
  counter         1   19[COMRAM] unsigned char 
 Return value:  Size  Location     Type
                  2   15[COMRAM] int 
 Registers used:
		wreg, status,2, status,0
 Tracked objects:
		On entry : 
		On exit  : 
		Unchanged: 
 Data sizes:     COMRAM   BANK0   BANK1   BANK2   BANK3   BANK4   BANK5   BANK6   BANK7
      Params:         4       0       0       0       0       0       0       0       0
      Locals:         2       0       0       0       0       0       0       0       0
      Temps:          0       0       0       0       0       0       0       0       0
      Totals:         6       0       0       0       0       0       0       0       0
Total ram usage:        6 bytes
 Hardware stack levels used:    1
 Hardware stack levels required when called:    2
 This function calls:
		Nothing
 This function is called by:
		_efgtoa
 This function uses a non-reentrant model


 *************** function ___awdiv *****************
 Defined at:
		line 7 in file "C:\Program Files (x86)\Microchip\xc8\v2.05\pic\sources\c99\common\awdiv.c"
 Parameters:    Size  Location     Type
  dividend        2   15[COMRAM] int 
  divisor         2   17[COMRAM] int 
 Auto vars:     Size  Location     Type
  quotient        2   21[COMRAM] int 
  sign            1   20[COMRAM] unsigned char 
  counter         1   19[COMRAM] unsigned char 
 Return value:  Size  Location     Type
                  2   15[COMRAM] int 
 Registers used:
		wreg, status,2, status,0
 Tracked objects:
		On entry : 
		On exit  : 
		Unchanged: 
 Data sizes:     COMRAM   BANK0   BANK1   BANK2   BANK3   BANK4   BANK5   BANK6   BANK7
      Params:         4       0       0       0       0       0       0       0       0
      Locals:         4       0       0       0       0       0       0       0       0
      Temps:          0       0       0       0       0       0       0       0       0
      Totals:         8       0       0       0       0       0       0       0       0
Total ram usage:        8 bytes
 Hardware stack levels used:    1
 Hardware stack levels required when called:    2
 This function calls:
		Nothing
 This function is called by:
		_efgtoa
 This function uses a non-reentrant model


 *************** function _atoi *****************
 Defined at:
		line 4 in file "C:\Program Files (x86)\Microchip\xc8\v2.05\pic\sources\c99\common\atoi.c"
 Parameters:    Size  Location     Type
  s               2   22[COMRAM] PTR const unsigned char 
		 -> STR_1(5), 
 Auto vars:     Size  Location     Type
  n               2   35[COMRAM] int 
  neg             2   28[COMRAM] int 
 Return value:  Size  Location     Type
                  2   22[COMRAM] int 
 Registers used:
		wreg, status,2, status,0, tblptrl, tblptrh, tblptru, prodl, prodh, cstack
 Tracked objects:
		On entry : 
		On exit  : 
		Unchanged: 
 Data sizes:     COMRAM   BANK0   BANK1   BANK2   BANK3   BANK4   BANK5   BANK6   BANK7
      Params:         2       0       0       0       0       0       0       0       0
      Locals:         9       0       0       0       0       0       0       0       0
      Temps:          4       0       0       0       0       0       0       0       0
      Totals:        15       0       0       0       0       0       0       0       0
Total ram usage:       15 bytes
[...]
      Params:         0       0       0       0       0       0       0       0       0
      Locals:         1       0       0       0       0       0       0       0       0
      Temps:          2       0       0       0       0       0       0       0       0
      Totals:         3       0       0       0       0       0       0       0       0
Total ram usage:        3 bytes
 Hardware stack levels used:    1
 Hardware stack levels required when called:    2
 This function calls:
		Nothing
 This function is called by:
		_Lcd_Init
		_Lcd_Out
		_Lcd_Out2
		_main
 This function uses a non-reentrant model


 *************** function _I2C_Slave_Init *****************
 Defined at:
		line 1 in file "./I2C_Slave.h"
 Parameters:    Size  Location     Type
  address         2   15[COMRAM] short 
 Auto vars:     Size  Location     Type
		None
 Return value:  Size  Location     Type
                  1    wreg      void 
 Registers used:
		wreg, status,2
 Tracked objects:
		On entry : 
		On exit  : 
		Unchanged: 
 Data sizes:     COMRAM   BANK0   BANK1   BANK2   BANK3   BANK4   BANK5   BANK6   BANK7
      Params:         2       0       0       0       0       0       0       0       0
      Locals:         0       0       0       0       0       0       0       0       0
      Temps:          0       0       0       0       0       0       0       0       0
      Totals:         2       0       0       0       0       0       0       0       0
Total ram usage:        2 bytes
 Hardware stack levels used:    1
 Hardware stack levels required when called:    2
 This function calls:
		Nothing
 This function is called by:
		_main
 This function uses a non-reentrant model


 *************** function _ADC_Init *****************
 Defined at:
		line 5 in file "./ADC.h"
 Parameters:    Size  Location     Type
  entradas        2   15[COMRAM] int 
 Auto vars:     Size  Location     Type
  valor           2   19[COMRAM] int 
 Return value:  Size  Location     Type
                  1    wreg      void 
 Registers used:
		wreg, status,2, status,0
 Tracked objects:
		On entry : 
		On exit  : 
		Unchanged: 
 Data sizes:     COMRAM   BANK0   BANK1   BANK2   BANK3   BANK4   BANK5   BANK6   BANK7
      Params:         2       0       0       0       0       0       0       0       0
      Locals:         2       0       0       0       0       0       0       0       0
      Temps:          2       0       0       0       0       0       0       0       0
      Totals:         6       0       0       0       0       0       0       0       0
Total ram usage:        6 bytes
 Hardware stack levels used:    1
 Hardware stack levels required when called:    2
 This function calls:
		Nothing
 This function is called by:
		_main
 This function uses a non-reentrant model


 *************** function _ADC_Channel *****************
 Defined at:
		line 32 in file "./ADC.h"
 Parameters:    Size  Location     Type
  Puerto          2    0[BANK0 ] int 
 Auto vars:     Size  Location     Type
		None
 Return value:  Size  Location     Type
                  4    0[BANK0 ] float 
 Registers used:
		wreg, fsr2l, fsr2h, status,2, status,0, prodl, prodh, cstack
 Tracked objects:
		On entry : 
		On exit  : 
		Unchanged: 
 Data sizes:     COMRAM   BANK0   BANK1   BANK2   BANK3   BANK4   BANK5   BANK6   BANK7
      Params:         0       4       0       0       0       0       0       0       0
      Locals:         0       0       0       0       0       0       0       0       0
      Temps:          0       4       0       0       0       0       0       0       0
      Totals:         0       8       0       0       0       0       0       0       0
Total ram usage:        8 bytes
 Hardware stack levels used:    1
 Hardware stack levels required when called:    3
 This function calls:
		___fldiv
		___flmul
		___xxtofl
 This function is called by:
		_main
 This function uses a non-reentrant model


 *************** function ___xxtofl *****************
 Defined at:
		line 10 in file "C:\Program Files (x86)\Microchip\xc8\v2.05\pic\sources\c99\common\xxtofl.c"
 Parameters:    Size  Location     Type
  sign            1    wreg     unsigned char 
  val             4   15[COMRAM] long 
 Auto vars:     Size  Location     Type
  sign            1   23[COMRAM] unsigned char 
  arg             4   25[COMRAM] unsigned long 
  exp             1   24[COMRAM] unsigned char 
 Return value:  Size  Location     Type
                  4   15[COMRAM] unsigned char 
 Registers used:
		wreg, status,2, status,0
 Tracked objects:
		On entry : 
		On exit  : 
		Unchanged: 
 Data sizes:     COMRAM   BANK0   BANK1   BANK2   BANK3   BANK4   BANK5   BANK6   BANK7
      Params:         4       0       0       0       0       0       0       0       0
      Locals:         6       0       0       0       0       0       0       0       0
      Temps:          4       0       0       0       0       0       0       0       0
      Totals:        14       0       0       0       0       0       0       0       0
Total ram usage:       14 bytes
 Hardware stack levels used:    1
 Hardware stack levels required when called:    2
 This function calls:
		Nothing
 This function is called by:
		_ADC_Channel
 This function uses a non-reentrant model


 *************** function ___flmul *****************
 Defined at:
		line 8 in file "C:\Program Files (x86)\Microchip\xc8\v2.05\pic\sources\c99\common\sprcmul.c"
 Parameters:    Size  Location     Type
  b               4   15[COMRAM] unsigned char 
  a               4   19[COMRAM] unsigned char 
 Auto vars:     Size  Location     Type
  prod            4   34[COMRAM] struct .
  grs             4   29[COMRAM] unsigned long 
  temp            2   38[COMRAM] struct .
  bexp            1   33[COMRAM] unsigned char 
  aexp            1   28[COMRAM] unsigned char 
  sign            1   27[COMRAM] unsigned char 
 Return value:  Size  Location     Type
                  4   15[COMRAM] unsigned char 
 Registers used:
		wreg, status,2, status,0, prodl, prodh
 Tracked objects:
		On entry : 
		On exit  : 
		Unchanged: 
 Data sizes:     COMRAM   BANK0   BANK1   BANK2   BANK3   BANK4   BANK5   BANK6   BANK7
      Params:         8       0       0       0       0       0       0       0       0
      Locals:        13       0       0       0       0       0       0       0       0
      Temps:          4       0       0       0       0       0       0       0       0
      Totals:        25       0       0       0       0       0       0       0       0
Total ram usage:       25 bytes
 Hardware stack levels used:    1
 Hardware stack levels required when called:    2
 This function calls:
		Nothing
 This function is called by:
		_ADC_Channel
		_efgtoa
 This function uses a non-reentrant model


 *************** function ___fldiv *****************
 Defined at:
		line 11 in file "C:\Program Files (x86)\Microchip\xc8\v2.05\pic\sources\c99\common\sprcdiv.c"
 Parameters:    Size  Location     Type
  b               4   40[COMRAM] unsigned char 
  a               4   44[COMRAM] unsigned char 
 Auto vars:     Size  Location     Type
  grs             4   59[COMRAM] unsigned long 
  rem             4   52[COMRAM] unsigned long 
  new_exp         2   57[COMRAM] short 
  aexp            1   64[COMRAM] unsigned char 
  bexp            1   63[COMRAM] unsigned char 
  sign            1   56[COMRAM] unsigned char 
 Return value:  Size  Location     Type
                  4   40[COMRAM] unsigned char 
 Registers used:
		wreg, status,2, status,0
 Tracked objects:
		On entry : 
		On exit  : 
		Unchanged: 
 Data sizes:     COMRAM   BANK0   BANK1   BANK2   BANK3   BANK4   BANK5   BANK6   BANK7
      Params:         8       0       0       0       0       0       0       0       0
      Locals:        13       0       0       0       0       0       0       0       0
      Temps:          4       0       0       0       0       0       0       0       0
      Totals:        25       0       0       0       0       0       0       0       0
Total ram usage:       25 bytes
 Hardware stack levels used:    1
 Hardware stack levels required when called:    2
 This function calls:
		Nothing
 This function is called by:
		_ADC_Channel
		_main
		_efgtoa
 This function uses a non-reentrant model


 *************** function _I2C_Slave_Read *****************
 Defined at:
		line 73 in file "I2C_Slave.c"
 Parameters:    Size  Location     Type
		None
 Auto vars:     Size  Location     Type
		None
 Return value:  Size  Location     Type
                  1    wreg      void 
 Registers used:
		wreg, status,2, status,0, cstack
 Tracked objects:
		On entry : 
		On exit  : 
		Unchanged: 
 Data sizes:     COMRAM   BANK0   BANK1   BANK2   BANK3   BANK4   BANK5   BANK6   BANK7
      Params:         0       0       0       0       0       0       0       0       0
      Locals:         0       0       0       0       0       0       0       0       0
      Temps:          1       0       0       0       0       0       0       0       0
      Totals:         1       0       0       0       0       0       0       0       0
Total ram usage:        1 bytes
 Hardware stack levels used:    1
 Hardware stack levels required when called:    1
 This function calls:
		i2___flge
		i2___fltol
		i2___xxtofl
 This function is called by:
		Interrupt level 2
 This function uses a non-reentrant model


 *************** function i2___xxtofl *****************
 Defined at:
		line 10 in file "C:\Program Files (x86)\Microchip\xc8\v2.05\pic\sources\c99\common\xxtofl.c"
 Parameters:    Size  Location     Type
  sign            1    wreg     unsigned char 
  val             4    0[COMRAM] long 
 Auto vars:     Size  Location     Type
  sign            1    8[COMRAM] unsigned char 
  __xxtofl        4   10[COMRAM] unsigned long 
  __xxtofl        1    9[COMRAM] unsigned char 
 Return value:  Size  Location     Type
                  4    0[COMRAM] unsigned char 
 Registers used:
		wreg, status,2, status,0
 Tracked objects:
		On entry : 
		On exit  : 
		Unchanged: 
 Data sizes:     COMRAM   BANK0   BANK1   BANK2   BANK3   BANK4   BANK5   BANK6   BANK7
      Params:         4       0       0       0       0       0       0       0       0
      Locals:         6       0       0       0       0       0       0       0       0
      Temps:          4       0       0       0       0       0       0       0       0
      Totals:        14       0       0       0       0       0       0       0       0
Total ram usage:       14 bytes
 Hardware stack levels used:    1
 This function calls:
		Nothing
 This function is called by:
		_I2C_Slave_Read
 This function uses a non-reentrant model


 *************** function i2___fltol *****************
 Defined at:
		line 43 in file "C:\Program Files (x86)\Microchip\xc8\v2.05\pic\sources\c99\common\fltol.c"
 Parameters:    Size  Location     Type
  f1              4    0[COMRAM] unsigned char 
 Auto vars:     Size  Location     Type
  __fltol         1    9[COMRAM] unsigned char 
  __fltol         1    8[COMRAM] unsigned char 
 Return value:  Size  Location     Type
                  4    0[COMRAM] long 
 Registers used:
		wreg, status,2, status,0
 Tracked objects:
		On entry : 
		On exit  : 
		Unchanged: 
 Data sizes:     COMRAM   BANK0   BANK1   BANK2   BANK3   BANK4   BANK5   BANK6   BANK7
      Params:         4       0       0       0       0       0       0       0       0
      Locals:         2       0       0       0       0       0       0       0       0
      Temps:          4       0       0       0       0       0       0       0       0
      Totals:        10       0       0       0       0       0       0       0       0
Total ram usage:       10 bytes
 Hardware stack levels used:    1
 This function calls:
		Nothing
 This function is called by:
		_I2C_Slave_Read
 This function uses a non-reentrant model


 *************** function i2___flge *****************
 Defined at:
		line 4 in file "C:\Program Files (x86)\Microchip\xc8\v2.05\pic\sources\c99\common\flge.c"
 Parameters:    Size  Location     Type
  ff1             4    0[COMRAM] long 
  ff2             4    4[COMRAM] long 
 Auto vars:     Size  Location     Type
		None
 Return value:  Size  Location     Type
		None               void
 Registers used:
		wreg, status,2, status,0
 Tracked objects:
		On entry : 
		On exit  : 
		Unchanged: 
 Data sizes:     COMRAM   BANK0   BANK1   BANK2   BANK3   BANK4   BANK5   BANK6   BANK7
      Params:         8       0       0       0       0       0       0       0       0
      Locals:         0       0       0       0       0       0       0       0       0
      Temps:          4       0       0       0       0       0       0       0       0
      Totals:        12       0       0       0       0       0       0       0       0
Total ram usage:       12 bytes
 Hardware stack levels used:    1
 This function calls:
		Nothing
 This function is called by:
		_I2C_Slave_Read
 This function uses a non-reentrant model



MODULE INFORMATION

Module		Function		Class		Link	Load	Size
C:\Program Files (x86)\Microchip\xc8\v2.05\pic\sources\c99\common\awmod.c
		___awmod       		CODE           	352E	0000	113

C:\Program Files (x86)\Microchip\xc8\v2.05\pic\sources\c99\common\awmod.c estimated size: 113

C:\Program Files (x86)\Microchip\xc8\v2.05\pic\sources\c99\common\__fpclassifyf.c
		___fpclassifyf 		CODE           	2F1E	0000	205

C:\Program Files (x86)\Microchip\xc8\v2.05\pic\sources\c99\common\__fpclassifyf.c estimated size: 205

C:\Program Files (x86)\Microchip\xc8\v2.05\pic\sources\c99\common\putch.c
		_putch         		CODE           	395A	0000	3

C:\Program Files (x86)\Microchip\xc8\v2.05\pic\sources\c99\common\putch.c estimated size: 3

C:\Program Files (x86)\Microchip\xc8\v2.05\pic\sources\c99\common\floorf.c
		_floorf        		CODE           	21BA	0000	443

C:\Program Files (x86)\Microchip\xc8\v2.05\pic\sources\c99\common\floorf.c estimated size: 443

./ADC.h
		_ADC_Channel   		CODE           	2518	0000	339
		_ADC_Init      		CODE           	34BA	0000	117

./ADC.h estimated size: 456

./flex_lcd.h
		_Lcd_Init      		CODE           	2C6C	0000	275
		_Lcd_Out       		CODE           	3444	0000	119
		_Lcd_Out2      		CODE           	359E	0000	113
		_Lcd_Chr_CP    		CODE           	2A2A	0000	293
		_Lcd_Cmd       		CODE           	2B4E	0000	287

./flex_lcd.h estimated size: 1087

C:\Program Files (x86)\Microchip\xc8\v2.05\pic\sources\c99\common\flge.c
		___flge        		CODE           	2D7E	0000	209

C:\Program Files (x86)\Microchip\xc8\v2.05\pic\sources\c99\common\flge.c estimated size: 209

C:\Program Files (x86)\Microchip\xc8\v2.05\pic\sources\c99\common\nf_fputc.c
		_fputc         		CODE           	3200	0000	161

C:\Program Files (x86)\Microchip\xc8\v2.05\pic\sources\c99\common\nf_fputc.c estimated size: 161

C:\Program Files (x86)\Microchip\xc8\v2.05\pic\sources\c99\common\xxtofl.c
		___xxtofl      		CODE           	27AA	0000	321

C:\Program Files (x86)\Microchip\xc8\v2.05\pic\sources\c99\common\xxtofl.c estimated size: 321

C:\Program Files (x86)\Microchip\xc8\v2.05\pic\sources\c99\common\isupper.c
		_isupper       		CODE           	3842	0000	49

C:\Program Files (x86)\Microchip\xc8\v2.05\pic\sources\c99\common\isupper.c estimated size: 49

C:\Program Files (x86)\Microchip\xc8\v2.05\pic\sources\c99\common\strlen.c
		_strlen        		CODE           	38D0	0000	43

C:\Program Files (x86)\Microchip\xc8\v2.05\pic\sources\c99\common\strlen.c estimated size: 43

./Servo.h
		_Servo_init    		CODE           	393E	0000	29

./Servo.h estimated size: 29

C:\Program Files (x86)\Microchip\xc8\v2.05\pic\sources\c99\common\strcpy.c
		_strcpy        		CODE           	36B6	0000	83

C:\Program Files (x86)\Microchip\xc8\v2.05\pic\sources\c99\common\strcpy.c estimated size: 83

C:\Program Files (x86)\Microchip\xc8\v2.05\pic\sources\c99\common\isspace.c
		_isspace       		CODE           	379A	0000	63

C:\Program Files (x86)\Microchip\xc8\v2.05\pic\sources\c99\common\isspace.c estimated size: 63

C:\Program Files (x86)\Microchip\xc8\v2.05\pic\sources\c99\common\awdiv.c
		___awdiv       		CODE           	33C0	0000	133

C:\Program Files (x86)\Microchip\xc8\v2.05\pic\sources\c99\common\awdiv.c estimated size: 133

C:\Program Files (x86)\Microchip\xc8\v2.05\pic\sources\c99\common\fltol.c
		___fltol       		CODE           	2FEA	0000	187

C:\Program Files (x86)\Microchip\xc8\v2.05\pic\sources\c99\common\fltol.c estimated size: 187

C:\Program Files (x86)\Microchip\xc8\v2.05\pic\sources\c99\common\strncmp.c
		_strncmp       		CODE           	315E	0000	163

C:\Program Files (x86)\Microchip\xc8\v2.05\pic\sources\c99\common\strncmp.c estimated size: 163

C:\Program Files (x86)\Microchip\xc8\v2.05\pic\sources\c99\common\tolower.c
		_tolower       		CODE           	3708	0000	77

C:\Program Files (x86)\Microchip\xc8\v2.05\pic\sources\c99\common\tolower.c estimated size: 77

C:\Program Files (x86)\Microchip\xc8\v2.05\pic\sources\c99\common\sprcmul.c
		___flmul       		CODE           	18D4	0000	851

C:\Program Files (x86)\Microchip\xc8\v2.05\pic\sources\c99\common\sprcmul.c estimated size: 851

C:\Program Files (x86)\Microchip\xc8\v2.05\pic\sources\c99\common\sprcdiv.c
		___fldiv       		CODE           	1F32	0000	649

C:\Program Files (x86)\Microchip\xc8\v2.05\pic\sources\c99\common\sprcdiv.c estimated size: 649

C:\Program Files (x86)\Microchip\xc8\v2.05\pic\sources\c99\common\doprnt.c
		_vfpfcnvrt     		CODE           	11CA	0000	947
		_efgtoa        		CODE           	084C	0000	2431
		_pad           		CODE           	32A0	0000	151
		_vfprintf      		CODE           	360E	0000	87

C:\Program Files (x86)\Microchip\xc8\v2.05\pic\sources\c99\common\doprnt.c estimated size: 3616

shared
		i2___fltol     		CODE           	30A4	0000	187
		__initialization		CODE           	3810	0000	37
		i2___flge      		CODE           	2E4E	0000	209
		i2___xxtofl    		CODE           	28EA	0000	321

shared estimated size: 754

C:\Program Files (x86)\Microchip\xc8\v2.05\pic\sources\c99\common\nf_sprintf.c
		_sprintf       		CODE           	3664	0000	83

C:\Program Files (x86)\Microchip\xc8\v2.05\pic\sources\c99\common\nf_sprintf.c estimated size: 83

C:\Program Files (x86)\Microchip\xc8\v2.05\pic\sources\c99\common\Umul16.c
		___wmul        		CODE           	38FA	0000	39

C:\Program Files (x86)\Microchip\xc8\v2.05\pic\sources\c99\common\Umul16.c estimated size: 39

C:\Program Files (x86)\Microchip\xc8\v2.05\pic\sources\c99\common\atoi.c
		_atoi          		CODE           	266A	0000	321

C:\Program Files (x86)\Microchip\xc8\v2.05\pic\sources\c99\common\atoi.c estimated size: 321

C:\Program Files (x86)\Microchip\xc8\v2.05\pic\sources\c99\common\fleq.c
		___fleq        		CODE           	3336	0000	139

C:\Program Files (x86)\Microchip\xc8\v2.05\pic\sources\c99\common\fleq.c estimated size: 139

C:\Program Files (x86)\Microchip\xc8\v2.05\pic\sources\c99\common\nf_fputs.c
		_fputs         		CODE           	37D8	0000	57

C:\Program Files (x86)\Microchip\xc8\v2.05\pic\sources\c99\common\nf_fputs.c estimated size: 57

C:\Program Files (x86)\Microchip\xc8\v2.05\pic\sources\c99\common\flneg.c
		___flneg       		CODE           	38A2	0000	47

C:\Program Files (x86)\Microchip\xc8\v2.05\pic\sources\c99\common\flneg.c estimated size: 47

C:\Program Files (x86)\Microchip\xc8\v2.05\pic\sources\c99\common\isdigit.c
		_isdigit       		CODE           	3872	0000	49

C:\Program Files (x86)\Microchip\xc8\v2.05\pic\sources\c99\common\isdigit.c estimated size: 49

C:\Program Files (x86)\Microchip\xc8\v2.05\pic\sources\c99\common\sprcadd.c
		___flsub       		CODE           	3754	0000	71
		___fladd       		CODE           	1C26	0000	781

C:\Program Files (x86)\Microchip\xc8\v2.05\pic\sources\c99\common\sprcadd.c estimated size: 852

I2C_Slave.c
		_main          		CODE           	157C	0000	857
		_I2C_Slave_Read		CODE           	0008	0000	427

I2C_Slave.c estimated size: 1284

./I2C_Slave.h
		_I2C_Slave_Init		CODE           	3920	0000	31

./I2C_Slave.h estimated size: 31

